Archive member included to satisfy reference by file (symbol)

C:/devkitPro/wups/lib\libwups.a(WUPSConfigItemBoolean.o)
                              PluginMain.o (WUPSConfigItemBoolean_AddToCategoryEx)
C:/devkitPro/wups/lib\libwups.a(WUPSConfigItemMultipleValues.o)
                              PluginMain.o (WUPSConfigItemMultipleValues_AddToCategory)
C:/devkitPro/wups/lib\libwups.a(button_combo.o)
                              PluginMain.o (WUPSButtonComboAPI_InitInternal)
C:/devkitPro/wups/lib\libwups.a(config_api.o)
                              PluginMain.o (WUPSConfigAPI_InitLibrary_Internal)
C:/devkitPro/wups/lib\libwups.a(main.o)
                              (__wups_start)
C:/devkitPro/wups/lib\libwups.a(storage.o)
                              PluginMain.o (WUPSStorageAPI_InitInternal)
C:/devkitPro/wups/lib\libwups.a(wups_reent.o)
                              PluginMain.o (WUPSReentAPI_InitInternal)
C:/devkitPro/wut/lib\libwut.a(coreinit.o)
                              C:/devkitPro/wups/lib\libwups.a(config_api.o) (OSDynLoad_Acquire)
C:/devkitPro/wut/lib\libwut.a(gx2.o)
                              PluginMain.o (GX2SetColorBuffer)
C:/devkitPro/wut/lib\libwut.a(nn_ccr.o)
                              DrcPairing.o (CCRSysExit)
C:/devkitPro/wut/lib\libwut.a(nsysccr.o)
                              PluginMain.o (CCRCDCSetMultiDrc)
C:/devkitPro/wut/lib\libwut.a(sysapp.o)
                              PluginMain.o (SYSLaunchMenu)
C:/devkitPro/wut/lib\libwut.a(vpad.o)
                              PluginMain.o (VPADRead)
C:/devkitPro/wut/lib\libwut.a(wut_newlib.o)
                              PluginMain.o (__init_wut_newlib)
C:/devkitPro/wut/lib\libwut.a(wut_reent.o)
                              C:/devkitPro/wut/lib\libwut.a(wut_newlib.o) (__wut_getreent)
C:/devkitPro/wut/lib\libwut.a(wut_sbrk.o)
                              C:/devkitPro/wut/lib\libwut.a(wut_newlib.o) (__wut_sbrk_r)
C:/devkitPro/wut/lib\libwut.a(wut_thread.o)
                              PluginMain.o (__init_wut_thread)
C:/devkitPro/wut/lib\libwut.a(wut_thread_specific.o)
                              C:/devkitPro/wut/lib\libwut.a(wut_reent.o) (wut_set_thread_specific)
C:/devkitPro/wut/lib\libwut.a(wut_malloc.o)
                              PluginMain.o (__init_wut_malloc)
C:/devkitPro/wut/lib\libwut.a(devoptab_fsa.o)
                              PluginMain.o (__init_wut_devoptab)
C:/devkitPro/wut/lib\libwut.a(devoptab_fsa_dirclose.o)
                              C:/devkitPro/wut/lib\libwut.a(devoptab_fsa.o) (__wut_fsa_dirclose)
C:/devkitPro/wut/lib\libwut.a(devoptab_fsa_dirnext.o)
                              C:/devkitPro/wut/lib\libwut.a(devoptab_fsa.o) (__wut_fsa_dirnext)
C:/devkitPro/wut/lib\libwut.a(devoptab_fsa_diropen.o)
                              C:/devkitPro/wut/lib\libwut.a(devoptab_fsa.o) (__wut_fsa_diropen)
C:/devkitPro/wut/lib\libwut.a(devoptab_fsa_dirreset.o)
                              C:/devkitPro/wut/lib\libwut.a(devoptab_fsa.o) (__wut_fsa_dirreset)
C:/devkitPro/wut/lib\libwut.a(devoptab_fsa_fstat.o)
                              C:/devkitPro/wut/lib\libwut.a(devoptab_fsa.o) (__wut_fsa_fstat)
C:/devkitPro/wut/lib\libwut.a(devoptab_fsa_fsync.o)
                              C:/devkitPro/wut/lib\libwut.a(devoptab_fsa.o) (__wut_fsa_fsync)
C:/devkitPro/wut/lib\libwut.a(devoptab_fsa_mkdir.o)
                              C:/devkitPro/wut/lib\libwut.a(devoptab_fsa.o) (__wut_fsa_mkdir)
C:/devkitPro/wut/lib\libwut.a(devoptab_fsa_open.o)
                              C:/devkitPro/wut/lib\libwut.a(devoptab_fsa.o) (__wut_fsa_open)
C:/devkitPro/wut/lib\libwut.a(devoptab_fsa_read.o)
                              C:/devkitPro/wut/lib\libwut.a(devoptab_fsa.o) (__wut_fsa_read)
C:/devkitPro/wut/lib\libwut.a(devoptab_fsa_rename.o)
                              C:/devkitPro/wut/lib\libwut.a(devoptab_fsa.o) (__wut_fsa_rename)
C:/devkitPro/wut/lib\libwut.a(devoptab_fsa_rmdir.o)
                              C:/devkitPro/wut/lib\libwut.a(devoptab_fsa.o) (__wut_fsa_rmdir)
C:/devkitPro/wut/lib\libwut.a(devoptab_fsa_seek.o)
                              C:/devkitPro/wut/lib\libwut.a(devoptab_fsa.o) (__wut_fsa_seek)
C:/devkitPro/wut/lib\libwut.a(devoptab_fsa_stat.o)
                              C:/devkitPro/wut/lib\libwut.a(devoptab_fsa.o) (__wut_fsa_stat)
C:/devkitPro/wut/lib\libwut.a(devoptab_fsa_statvfs.o)
                              C:/devkitPro/wut/lib\libwut.a(devoptab_fsa.o) (__wut_fsa_statvfs)
C:/devkitPro/wut/lib\libwut.a(devoptab_fsa_truncate.o)
                              C:/devkitPro/wut/lib\libwut.a(devoptab_fsa.o) (__wut_fsa_ftruncate)
C:/devkitPro/wut/lib\libwut.a(devoptab_fsa_unlink.o)
                              C:/devkitPro/wut/lib\libwut.a(devoptab_fsa.o) (__wut_fsa_unlink)
C:/devkitPro/wut/lib\libwut.a(devoptab_fsa_utils.o)
                              C:/devkitPro/wut/lib\libwut.a(devoptab_fsa_dirnext.o) (__wut_fsa_hashstring)
[...]
Memory Configuration

Name             Origin             Length             Attributes
codemem          0x02000000         0x0e000000         xrw
datamem          0x10000000         0x32000000         rw
loadmem          0xc0000000         0x08000000         xrw
*default*        0x00000000         0xffffffff

Linker script and memory map

                0x02000000                        . = ORIGIN (codemem)

.syscall
 *(.syscall .syscall.*)

.text           0x02000000    0x197c8
 *(.crt0)
 *(SORT_NONE(.init))
 .init          0x02000000        0xc C:/devkitPro/devkitPPC/bin/../lib/gcc/powerpc-eabi/16.1.0/ecrti.o
                0x02000000                __init
 .init          0x0200000c        0x4 C:/devkitPro/devkitPPC/bin/../lib/gcc/powerpc-eabi/16.1.0/crtbegin.o
 .init          0x02000010        0x4 C:/devkitPro/devkitPPC/bin/../lib/gcc/powerpc-eabi/16.1.0/crtend.o
 .init          0x02000014       0x10 C:/devkitPro/devkitPPC/bin/../lib/gcc/powerpc-eabi/16.1.0/ecrtn.o
 *(.text.unlikely .text.*_unlikely .text.unlikely.*)
 .text.unlikely.abort
                0x02000024       0xb4 C:/devkitPro/wups/lib\libwups.a(main.o)
                                 0xa4 (size before relaxing)
                0x02000024                abort
 .text.unlikely._ZSt9terminatev
                0x020000d8       0x24 C:/devkitPro/devkitPPC/bin/../lib/gcc/powerpc-eabi/16.1.0/../../../../powerpc-eabi/lib\libstdc++.a(eh_terminate.o)
                0x020000d8                std::terminate()
 .text.unlikely._ZSt10unexpectedv
                0x020000fc       0x24 C:/devkitPro/devkitPPC/bin/../lib/gcc/powerpc-eabi/16.1.0/../../../../powerpc-eabi/lib\libstdc++.a(eh_terminate.o)
                0x020000fc                std::unexpected()
 .text.unlikely._ZSt19__throw_logic_errorPKc
                0x02000120       0x58 C:/devkitPro/devkitPPC/bin/../lib/gcc/powerpc-eabi/16.1.0/../../../../powerpc-eabi/lib\libstdc++.a(functexcept.o)
                0x02000120                std::__throw_logic_error(char const*)
 .text.unlikely._ZSt20__throw_length_errorPKc
                0x02000178       0x58 C:/devkitPro/devkitPPC/bin/../lib/gcc/powerpc-eabi/16.1.0/../../../../powerpc-eabi/lib\libstdc++.a(functexcept.o)
                0x02000178                std::__throw_length_error(char const*)
 .text.unlikely._ZN9__gnu_cxx30__throw_concurrence_lock_errorEv
                0x020001d0       0x34 C:/devkitPro/devkitPPC/bin/../lib/gcc/powerpc-eabi/16.1.0/../../../../powerpc-eabi/lib\libstdc++.a(eh_alloc.o)
                0x020001d0                __gnu_cxx::__throw_concurrence_lock_error()
 .text.unlikely._ZN9__gnu_cxx32__throw_concurrence_unlock_errorEv
                0x02000204       0x34 C:/devkitPro/devkitPPC/bin/../lib/gcc/powerpc-eabi/16.1.0/../../../../powerpc-eabi/lib\libstdc++.a(eh_alloc.o)
                0x02000204                __gnu_cxx::__throw_concurrence_unlock_error()
 .text.unlikely.__cxa_call_terminate
                0x02000238       0x58 C:/devkitPro/devkitPPC/bin/../lib/gcc/powerpc-eabi/16.1.0/../../../../powerpc-eabi/lib\libstdc++.a(eh_call.o)
                0x02000238                __cxa_call_terminate
 *(.text.exit .text.exit.*)
 .text.exit._GLOBAL__sub_D_wups_meta_name
                0x02000290       0x10 PluginMain.o
 .text.exit._GLOBAL__sub_D__ZN9__gnu_cxx9__freeresEv
                0x020002a0       0x14 C:/devkitPro/devkitPPC/bin/../lib/gcc/powerpc-eabi/16.1.0/../../../../powerpc-eabi/lib\libstdc++.a(eh_alloc.o)
 .text.exit._GLOBAL__sub_D__ZN17__eh_globals_init7_S_initE
                0x020002b4       0x40 C:/devkitPro/devkitPPC/bin/../lib/gcc/powerpc-eabi/16.1.0/../../../../powerpc-eabi/lib\libstdc++.a(eh_globals.o)
 *(.text.startup .text.startup.*)
 .text.startup._GLOBAL__sub_I_wups_meta_name
                0x020002f4       0x10 PluginMain.o
 .text.startup._GLOBAL__sub_I__ZN9__gnu_cxx9__freeresEv
                0x02000304      0x258 C:/devkitPro/devkitPPC/bin/../lib/gcc/powerpc-eabi/16.1.0/../../../../powerpc-eabi/lib\libstdc++.a(eh_alloc.o)
 .text.startup._GLOBAL__sub_I__ZN17__eh_globals_init7_S_initE
                0x0200055c       0x40 C:/devkitPro/devkitPPC/bin/../lib/gcc/powerpc-eabi/16.1.0/../../../../powerpc-eabi/lib\libstdc++.a(eh_globals.o)
 *(.text.hot .text.hot.*)
 *(SORT_BY_NAME(.text.sorted.*))
 *(.text .stub .text.* .gnu.linkonce.t.*)
 .text.__do_global_dtors_aux
                0x0200059c       0xcc C:/devkitPro/devkitPPC/bin/../lib/gcc/powerpc-eabi/16.1.0/crtbegin.o
 .text.frame_dummy
                0x02000668       0x24 C:/devkitPro/devkitPPC/bin/../lib/gcc/powerpc-eabi/16.1.0/crtbegin.o
 .text._ZN10DrcPairingC2Ev
                0x0200068c       0x24 DrcPairing.o
                                 0x14 (size before relaxing)
                0x0200068c                DrcPairing::DrcPairing()
                0x0200068c                DrcPairing::DrcPairing()
 .text._ZN10DrcPairingD2Ev
                0x020006b0       0x30 DrcPairing.o
                                 0x20 (size before relaxing)
                0x020006b0                DrcPairing::~DrcPairing()
                0x020006b0                DrcPairing::~DrcPairing()
 .text._ZN10DrcPairing12startPairingEj
                0x020006e0       0xcc DrcPairing.o
                                 0xac (size before relaxing)
                0x020006e0                DrcPairing::startPairing(unsigned int)
 .text._ZN10DrcPairing11stopPairingEv
                0x020007ac       0x4c DrcPairing.o
                                 0x3c (size before relaxing)
                0x020007ac                DrcPairing::stopPairing()
 .text._ZN10DrcPairing8getStateEv
                0x020007f8       0xa0 DrcPairing.o
                                 0x80 (size before relaxing)
                0x020007f8                DrcPairing::getState()
 .text._ZNK10DrcPairing13getPinSymbolsB5cxx11Ev
                0x02000898      0x478 DrcPairing.o
                0x02000898                DrcPairing::getPinSymbols[abi:cxx11]() const
 .text._Z18on_init_wut_stdcppv
                0x02000d10        0x4 PluginMain.o
                0x02000d10                on_init_wut_stdcpp()
 .text._ZN12_GLOBAL__N_1L22my_GX2GetSystemDRCModeEv
                0x02000d14       0x78 PluginMain.o
 .text._ZN12_GLOBAL__N_1L17my_GX2CalcDRCSizeE16GX2DrcRenderMode16GX2SurfaceFormat16GX2BufferingModePjS3_
                0x02000d8c       0x7c PluginMain.o
 .text._ZN12_GLOBAL__N_1L18my_GX2SetDRCBufferEPvj16GX2DrcRenderMode16GX2SurfaceFormat16GX2BufferingMode
                0x02000e08       0x7c PluginMain.o
 .text._ZN12_GLOBAL__N_1L12my_WPADProbeE8WPADChanP17WPADExtensionType
                0x02000e84       0x80 PluginMain.o
 .text._ZN12_GLOBAL__N_1L20my_WPADSetDataFormatE8WPADChan14WPADDataFormat
                0x02000f04       0x7c PluginMain.o
 .text._ZN12_GLOBAL__N_1L20my_WPADGetDataFormatE8WPADChan
                0x02000f80       0x78 PluginMain.o
 .text._ZN12_GLOBAL__N_1L22my_WPADGetBatteryLevelE8WPADChan
                0x02000ff8       0x80 PluginMain.o
 .text._ZN12_GLOBAL__N_1L18ReloadMenu_onInputEPv23WUPSConfigSimplePadData
                0x02001078       0x1c PluginMain.o
 .text._ZN12_GLOBAL__N_1L33StaticText_getCurrentValueDisplayEPvPci
                0x02001094       0x20 PluginMain.o
 .text._Z18on_init_wut_mallocv
                0x020010b4        0x4 PluginMain.o
                0x020010b4                on_init_wut_malloc()
 .text._Z18on_fini_wut_mallocv
                0x020010b8        0x4 PluginMain.o
                0x020010b8                on_fini_wut_malloc()
 .text._Z19on_init_wut_socketsv
                0x020010bc       0x14 PluginMain.o
                0x020010bc                on_init_wut_sockets()
 .text._Z19on_fini_wut_socketsv
                0x020010d0       0x14 PluginMain.o
                0x020010d0                on_fini_wut_sockets()
 .text._Z18on_init_wut_newlibv
                0x020010e4        0x4 PluginMain.o
                0x020010e4                on_init_wut_newlib()
 .text._Z18on_fini_wut_newlibv
                0x020010e8        0x4 PluginMain.o
                0x020010e8                on_fini_wut_newlib()
 .text._Z18on_init_wut_threadv
                0x020010ec        0x4 PluginMain.o
                0x020010ec                on_init_wut_thread()
 .text._Z14__init_wrapperv
                0x020010f0       0x50 PluginMain.o
                                 0x40 (size before relaxing)
                0x020010f0                __init_wrapper()
 .text._Z14__fini_wrapperv
                0x02001140        0x4 PluginMain.o
                0x02001140                __fini_wrapper()
 .text._Z26wups_init_config_functions30wups_loader_init_config_args_t
                0x02001144       0x38 PluginMain.o
                0x02001144                wups_init_config_functions(wups_loader_init_config_args_t)
 .text._Z32wups_init_button_combo_functions37wups_loader_init_button_combo_args_t_
                0x0200117c       0x34 PluginMain.o
                0x0200117c                wups_init_button_combo_functions(wups_loader_init_button_combo_args_t_)
 .text._Z25wups_init_reent_functions30wups_loader_init_reent_args_t_
                0x020011b0       0x40 PluginMain.o
                0x020011b0                wups_init_reent_functions(wups_loader_init_reent_args_t_)
 .text._Z20on_init_wut_devoptabv
                0x020011f0        0x4 PluginMain.o
                0x020011f0                on_init_wut_devoptab()
 .text._Z20on_fini_wut_devoptabv
                0x020011f4        0x4 PluginMain.o
                0x020011f4                on_fini_wut_devoptab()
 .text._Z12init_storage32wups_loader_init_storage_args_t_
                0x020011f8       0x34 PluginMain.o
                0x020011f8                init_storage(wups_loader_init_storage_args_t_)
 .text._ZN12_GLOBAL__N_1L33my_GX2CopyColorBufferToScanBufferEPK14GX2ColorBuffer13GX2ScanTarget
                0x0200122c      0x1dc PluginMain.o
                                0x1ac (size before relaxing)
 .text._ZN12_GLOBAL__N_1L21SaveSettingsToStorageEv
                0x02001408       0xc4 PluginMain.o
 .text._ZN12_GLOBAL__N_1L11my_VPADReadE8VPADChanP10VPADStatusjP13VPADReadError
                0x020014cc      0x410 PluginMain.o
 .text._ZN12_GLOBAL__N_1L22PerformanceModeChangedEP17ConfigItemBooleanb
                0x020018dc        0xc PluginMain.o
 .text._ZN12_GLOBAL__N_1L20VideoFeedModeChangedEP24ConfigItemMultipleValuesj
                0x020018e8        0xc PluginMain.o
 .text._ZN12_GLOBAL__N_1L21ControllerModeChangedEP24ConfigItemMultipleValuesj
                0x020018f4        0xc PluginMain.o
 .text._ZN12_GLOBAL__N_1L38PairNow_getCurrentValueSelectedDisplayEPvPci
                0x02001900       0x38 PluginMain.o
 .text._ZN12_GLOBAL__N_1L30PairNow_getCurrentValueDisplayEPvPci
                0x02001938       0x38 PluginMain.o
 .text._ZN12_GLOBAL__N_1L33PairStatus_getCurrentValueDisplayEPvPci
                0x02001970      0x114 PluginMain.o
 .text._Z21on_release_foregroundv
                0x02001a84       0x18 PluginMain.o
                                  0x8 (size before relaxing)
                0x02001a84                on_release_foreground()
 .text._ZN12_GLOBAL__N_1L18my_GX2SetDRCEnableEi
                0x02001a9c       0x5c PluginMain.o
 .text._ZN12_GLOBAL__N_1L19my_WPADGetInfoAsyncE8WPADChanP8WPADInfoPFvS0_9WPADErrorE
                0x02001af8       0x94 PluginMain.o
 .text._ZN12_GLOBAL__N_1L19my_VPADControlMotorE8VPADChanPhh
                0x02001b8c      0x19c PluginMain.o
 .text._ZN12_GLOBAL__N_1L19my_WPADControlMotorE8WPADChani
                0x02001d28       0xc8 PluginMain.o
 .text._ZN12_GLOBAL__N_1L16my_VPADStopMotorE8VPADChan
                0x02001df0       0x80 PluginMain.o
 .text._ZN12_GLOBAL__N_1L26BuildSyntheticKpadFromDrc1EP10KPADStatus.part.0
                0x02001e70      0x398 PluginMain.o
                                0x388 (size before relaxing)
 .text._ZN12_GLOBAL__N_1L13my_KPADReadExE8WPADChanP10KPADStatusjP9KPADError
                0x02002208      0x134 PluginMain.o
 .text._ZN12_GLOBAL__N_1L21my_KPADReadExHomeMenuE8WPADChanP10KPADStatusjP9KPADError
                0x0200233c        0x4 PluginMain.o
 .text._ZN12_GLOBAL__N_1L16ApplyDualDrcModeEb.part.0
                0x02002340       0xd8 PluginMain.o
                                 0xa8 (size before relaxing)
 .text._ZN12_GLOBAL__N_1L20PluginEnabledChangedEP17ConfigItemBooleanb
                0x02002418       0x8c PluginMain.o
                                 0x7c (size before relaxing)
 .text._Z15on_app_startingv
                0x020024a4       0x14 PluginMain.o
                0x020024a4                on_app_starting()
 .text._ZN12_GLOBAL__N_1L15PairNow_onInputEPv23WUPSConfigSimplePadData
                0x020024b8       0x3c PluginMain.o
 .text._ZN12_GLOBAL__N_1L24ConfigMenuClosedCallbackEv
                0x020024f4       0x70 PluginMain.o
                                 0x60 (size before relaxing)
 .text._ZN12_GLOBAL__N_1L26Pin_getCurrentValueDisplayEPvPci
                0x02002564       0xb0 PluginMain.o
 .text._ZN12_GLOBAL__N_1L34Pin_getCurrentValueSelectedDisplayEPvPci
                0x02002614        0x4 PluginMain.o
 .text._Z18on_fini_wut_stdcppv
                0x02002618        0x4 PluginMain.o
                0x02002618                on_fini_wut_stdcpp()
 .text._ZN12_GLOBAL__N_1L33ReloadMenu_getCurrentValueDisplayEPvPci
                0x0200261c       0x38 PluginMain.o
 .text._ZN12_GLOBAL__N_1L41ReloadMenu_getCurrentValueSelectedDisplayEPvPci
                0x02002654       0x38 PluginMain.o
 .text._ZN12_GLOBAL__N_1L41StaticText_getCurrentValueSelectedDisplayEPvPci
                0x0200268c       0x20 PluginMain.o
 .text._ZN12_GLOBAL__N_1L14my_WPADGetInfoE8WPADChanP8WPADInfo
                0x020026ac       0x94 PluginMain.o
 .text._Z22on_acquired_foregroundv
                0x02002740       0x14 PluginMain.o
                0x02002740                on_acquired_foreground()
 .text._ZN12_GLOBAL__N_1L11my_KPADReadE8WPADChanP10KPADStatusj
                0x02002754      0x114 PluginMain.o
 .text._ZN12_GLOBAL__N_1L19my_KPADReadHomeMenuE8WPADChanP10KPADStatusj
                0x02002868        0x4 PluginMain.o
 .text._Z13deinit_pluginv
                0x0200286c       0x78 PluginMain.o
                                 0x68 (size before relaxing)
                0x0200286c                deinit_plugin()
 .text._Z11init_pluginv
                0x020028e4      0x23c PluginMain.o
                                0x22c (size before relaxing)
                0x020028e4                init_plugin()
 .text._ZN12_GLOBAL__N_1L24ConfigMenuOpenedCallbackE24WUPSConfigCategoryHandle
                0x02002b20      0x5a0 PluginMain.o
 .text._ZN12_GLOBAL__N_1L41PairStatus_getCurrentValueSelectedDisplayEPvPci
                0x020030c0      0x114 PluginMain.o
 .text._ZL37WUPSConfigItemBoolean_onCloseCallbackPv
                0x020031d4       0x24 C:/devkitPro/wups/lib\libwups.a(WUPSConfigItemBoolean.o)
 .text._ZL36WUPSConfigItemBoolean_restoreDefaultPv
                0x020031f8        0xc C:/devkitPro/wups/lib\libwups.a(WUPSConfigItemBoolean.o)
 .text._ZL52WUPSConfigItemBoolean_getCurrentValueSelectedDisplayPvPci
                0x02003204       0x74 C:/devkitPro/wups/lib\libwups.a(WUPSConfigItemBoolean.o)
 .text._ZL44WUPSConfigItemBoolean_getCurrentValueDisplayPvPci
                0x02003278       0x74 C:/devkitPro/wups/lib\libwups.a(WUPSConfigItemBoolean.o)
 .text._ZL29WUPSConfigItemBoolean_onInputPv23WUPSConfigSimplePadData
                0x020032ec       0x68 C:/devkitPro/wups/lib\libwups.a(WUPSConfigItemBoolean.o)
 .text._ZL30WUPSConfigItemBoolean_onDeletePv
                0x02003354       0x44 C:/devkitPro/wups/lib\libwups.a(WUPSConfigItemBoolean.o)
 .text.WUPSConfigItemBoolean_CreateEx
                0x02003398      0x1a0 C:/devkitPro/wups/lib\libwups.a(WUPSConfigItemBoolean.o)
                0x02003398                WUPSConfigItemBoolean_CreateEx
 .text.WUPSConfigItemBoolean_AddToCategoryEx
                0x02003538       0xa4 C:/devkitPro/wups/lib\libwups.a(WUPSConfigItemBoolean.o)
                0x02003538                WUPSConfigItemBoolean_AddToCategoryEx
 .text._ZL44WUPSConfigItemMultipleValues_onCloseCallbackPv
                0x020035dc       0x4c C:/devkitPro/wups/lib\libwups.a(WUPSConfigItemMultipleValues.o)
 .text._ZL36WUPSConfigItemMultipleValues_onInputPv23WUPSConfigSimplePadData
                0x02003628       0x5c C:/devkitPro/wups/lib\libwups.a(WUPSConfigItemMultipleValues.o)
 .text._ZL43WUPSConfigItemMultipleValues_restoreDefaultPv
                0x02003684        0xc C:/devkitPro/wups/lib\libwups.a(WUPSConfigItemMultipleValues.o)
 .text._ZL59WUPSConfigItemMultipleValues_getCurrentValueSelectedDisplayPvPci
                0x02003690       0xf4 C:/devkitPro/wups/lib\libwups.a(WUPSConfigItemMultipleValues.o)
 .text._ZL51WUPSConfigItemMultipleValues_getCurrentValueDisplayPvPci
                0x02003784       0x70 C:/devkitPro/wups/lib\libwups.a(WUPSConfigItemMultipleValues.o)
 .text._ZL37WUPSConfigItemMultipleValues_onDeletePv
                0x020037f4       0x88 C:/devkitPro/wups/lib\libwups.a(WUPSConfigItemMultipleValues.o)
 .text.WUPSConfigItemMultipleValues_Create
                0x0200387c      0x2a4 C:/devkitPro/wups/lib\libwups.a(WUPSConfigItemMultipleValues.o)
                0x0200387c                WUPSConfigItemMultipleValues_Create
 .text.WUPSConfigItemMultipleValues_AddToCategory
                0x02003b20       0xa4 C:/devkitPro/wups/lib\libwups.a(WUPSConfigItemMultipleValues.o)
                0x02003b20                WUPSConfigItemMultipleValues_AddToCategory
 .text.WUPSButtonComboAPI_InitInternal
                0x02003bc4       0xc4 C:/devkitPro/wups/lib\libwups.a(button_combo.o)
                0x02003bc4                WUPSButtonComboAPI_InitInternal
 .text.WUPSConfigAPI_GetVersion
                0x02003c88       0xd4 C:/devkitPro/wups/lib\libwups.a(config_api.o)
                                 0xb4 (size before relaxing)
                0x02003c88                WUPSConfigAPI_GetVersion
 .text.WUPSConfigAPI_InitLibrary_Internal
                0x02003d5c      0x270 C:/devkitPro/wups/lib\libwups.a(config_api.o)
                                0x250 (size before relaxing)
                0x02003d5c                WUPSConfigAPI_InitLibrary_Internal
 .text.WUPSConfigAPI_Init
                0x02003fcc       0xac C:/devkitPro/wups/lib\libwups.a(config_api.o)
                0x02003fcc                WUPSConfigAPI_Init
 .text.WUPSConfigAPI_Category_CreateEx
                0x02004078       0x80 C:/devkitPro/wups/lib\libwups.a(config_api.o)
                0x02004078                WUPSConfigAPI_Category_CreateEx
 .text.WUPSConfigAPI_Category_Destroy
                0x020040f8       0x78 C:/devkitPro/wups/lib\libwups.a(config_api.o)
                0x020040f8                WUPSConfigAPI_Category_Destroy
 .text.WUPSConfigAPI_Category_AddCategory
                0x02004170       0x8c C:/devkitPro/wups/lib\libwups.a(config_api.o)
                0x02004170                WUPSConfigAPI_Category_AddCategory
 .text.WUPSConfigAPI_Category_AddItem
                0x020041fc       0x8c C:/devkitPro/wups/lib\libwups.a(config_api.o)
                0x020041fc                WUPSConfigAPI_Category_AddItem
 .text.WUPSConfigAPI_Item_CreateEx
                0x02004288       0x9c C:/devkitPro/wups/lib\libwups.a(config_api.o)
                0x02004288                WUPSConfigAPI_Item_CreateEx
 .text.WUPSConfigAPI_Item_Destroy
                0x02004324       0x78 C:/devkitPro/wups/lib\libwups.a(config_api.o)
                0x02004324                WUPSConfigAPI_Item_Destroy
 .text.__wups_start
                0x0200439c       0x1c C:/devkitPro/wups/lib\libwups.a(main.o)
                                  0xc (size before relaxing)
                0x0200439c                __wups_start
 .text.__init_wut_socket
                0x020043b8       0x60 C:/devkitPro/wups/lib\libwups.a(main.o)
                0x020043b8                __init_wut_socket
 .text.__fini_wut_socket
                0x02004418       0x5c C:/devkitPro/wups/lib\libwups.a(main.o)
                0x02004418                __fini_wut_socket
 .text.__getreent
                0x02004474        0x4 C:/devkitPro/wups/lib\libwups.a(main.o)
                0x02004474                __getreent
 .text.wut_get_thread_specific
                0x02004478       0x7c C:/devkitPro/wups/lib\libwups.a(main.o)
                                 0x5c (size before relaxing)
                0x02004478                wut_get_thread_specific
 .text.__assert_func
                0x020044f4      0x144 C:/devkitPro/wups/lib\libwups.a(main.o)
                                0x134 (size before relaxing)
                0x020044f4                __assert_func
 .text.WUPSStorageAPI_InitInternal
                0x02004638       0xa4 C:/devkitPro/wups/lib\libwups.a(storage.o)
                0x02004638                WUPSStorageAPI_InitInternal
 .text.WUPSStorageAPI_SaveStorage
                0x020046dc       0x34 C:/devkitPro/wups/lib\libwups.a(storage.o)
                0x020046dc                WUPSStorageAPI_SaveStorage
 .text.WUPSStorageAPI_StoreItem
                0x02004710       0x48 C:/devkitPro/wups/lib\libwups.a(storage.o)
                0x02004710                WUPSStorageAPI_StoreItem
 .text.WUPSStorageAPI_GetItem
                0x02004758       0x5c C:/devkitPro/wups/lib\libwups.a(storage.o)
                0x02004758                WUPSStorageAPI_GetItem
 .text._ZL24reclaim_reent_trampolinePv
                0x020047b4       0x4c C:/devkitPro/wups/lib\libwups.a(wups_reent.o)
 .text.WUPSReentAPI_InitInternal
                0x02004800       0x44 C:/devkitPro/wups/lib\libwups.a(wups_reent.o)
                                 0x34 (size before relaxing)
                0x02004800                WUPSReentAPI_InitInternal
 .text._Z15__wups_getreentv
                0x02004844      0x1c8 C:/devkitPro/wups/lib\libwups.a(wups_reent.o)
                                0x1a8 (size before relaxing)
                0x02004844                __wups_getreent()
 .text.__init_wut_newlib
                0x02004a0c       0x14 C:/devkitPro/wut/lib\libwut.a(wut_newlib.o)
                0x02004a0c                __init_wut_newlib
 .text.__fini_wut_newlib
                0x02004a20        0x4 C:/devkitPro/wut/lib\libwut.a(wut_newlib.o)
                0x02004a20                __fini_wut_newlib
 .text.__fini_wut_sbrk_heap
                0x02004a24       0x88 C:/devkitPro/wut/lib\libwut.a(wut_sbrk.o)
                                 0x78 (size before relaxing)
                0x02004a24                __fini_wut_sbrk_heap
 .text.__wut_cond_alarmcb
                0x02004aac       0x4c C:/devkitPro/wut/lib\libwut.a(wut_thread.o)
                                 0x2c (size before relaxing)
 .text.__init_wut_thread
                0x02004af8       0x40 C:/devkitPro/wut/lib\libwut.a(wut_thread.o)
                                 0x30 (size before relaxing)
                0x02004af8                __init_wut_thread
 .text.__syscall_lock_acquire
                0x02004b38       0xec C:/devkitPro/wut/lib\libwut.a(wut_thread.o)
                                 0xac (size before relaxing)
                0x02004b38                __syscall_lock_acquire
 .text.__syscall_lock_release
                0x02004c24       0xec C:/devkitPro/wut/lib\libwut.a(wut_thread.o)
                                 0xac (size before relaxing)
                0x02004c24                __syscall_lock_release
 .text.__syscall_lock_acquire_recursive
                0x02004d10       0xec C:/devkitPro/wut/lib\libwut.a(wut_thread.o)
                                 0xac (size before relaxing)
                0x02004d10                __syscall_lock_acquire_recursive
 .text.__syscall_lock_release_recursive
                0x02004dfc       0xec C:/devkitPro/wut/lib\libwut.a(wut_thread.o)
                                 0xac (size before relaxing)
                0x02004dfc                __syscall_lock_release_recursive
 .text.__syscall_cond_broadcast
                0x02004ee8      0x104 C:/devkitPro/wut/lib\libwut.a(wut_thread.o)
                                 0xc4 (size before relaxing)
                0x02004ee8                __syscall_cond_broadcast
 .text.__syscall_cond_wait
                0x02004fec      0x36c C:/devkitPro/wut/lib\libwut.a(wut_thread.o)
                                0x2cc (size before relaxing)
                0x02004fec                __syscall_cond_wait
 .text.__init_wut_malloc
                0x02005358        0x4 C:/devkitPro/wut/lib\libwut.a(wut_malloc.o)
                0x02005358                __init_wut_malloc
 .text.__fini_wut_malloc
                0x0200535c        0x4 C:/devkitPro/wut/lib\libwut.a(wut_malloc.o)
                0x0200535c                __fini_wut_malloc
 .text._malloc_r
                0x02005360       0x6c C:/devkitPro/wut/lib\libwut.a(wut_malloc.o)
                0x02005360                _malloc_r
 .text._free_r  0x020053cc       0x18 C:/devkitPro/wut/lib\libwut.a(wut_malloc.o)
                0x020053cc                _free_r
 .text._realloc_r
                0x020053e4       0xf0 C:/devkitPro/wut/lib\libwut.a(wut_malloc.o)
                                 0xe0 (size before relaxing)
                0x020053e4                _realloc_r
 .text._calloc_r
                0x020054d4       0x9c C:/devkitPro/wut/lib\libwut.a(wut_malloc.o)
                0x020054d4                _calloc_r
 .text._memalign_r
                0x02005570       0x70 C:/devkitPro/wut/lib\libwut.a(wut_malloc.o)
                0x02005570                _memalign_r
 .text.__init_wut_devoptab
                0x020055e0      0x20c C:/devkitPro/wut/lib\libwut.a(devoptab_fsa.o)
                                0x1bc (size before relaxing)
                0x020055e0                __init_wut_devoptab
 .text.__fini_wut_devoptab
                0x020057ec       0xac C:/devkitPro/wut/lib\libwut.a(devoptab_fsa.o)
                                 0x8c (size before relaxing)
                0x020057ec                __fini_wut_devoptab
 .text.__wut_fsa_dirclose
                0x02005898       0xd0 C:/devkitPro/wut/lib\libwut.a(devoptab_fsa_dirclose.o)
                                 0xa0 (size before relaxing)
                0x02005898                __wut_fsa_dirclose
 .text.__wut_fsa_dirnext
                0x02005968      0x1dc C:/devkitPro/wut/lib\libwut.a(devoptab_fsa_dirnext.o)
                                0x1ac (size before relaxing)
                0x02005968                __wut_fsa_dirnext
 .text.__wut_fsa_diropen
                0x02005b44      0x1bc C:/devkitPro/wut/lib\libwut.a(devoptab_fsa_diropen.o)
                                0x17c (size before relaxing)
                0x02005b44                __wut_fsa_diropen
 .text.__wut_fsa_dirreset
                0x02005d00       0xd0 C:/devkitPro/wut/lib\libwut.a(devoptab_fsa_dirreset.o)
                                 0xa0 (size before relaxing)
                0x02005d00                __wut_fsa_dirreset
 .text.__wut_fsa_fstat
                0x02005dd0      0x104 C:/devkitPro/wut/lib\libwut.a(devoptab_fsa_fstat.o)
                                 0xd4 (size before relaxing)
                0x02005dd0                __wut_fsa_fstat
 .text.__wut_fsa_fsync
                0x02005ed4       0xcc C:/devkitPro/wut/lib\libwut.a(devoptab_fsa_fsync.o)
                                 0x9c (size before relaxing)
                0x02005ed4                __wut_fsa_fsync
 .text.__wut_fsa_mkdir
                0x02005fa0       0xf0 C:/devkitPro/wut/lib\libwut.a(devoptab_fsa_mkdir.o)
                                 0xe0 (size before relaxing)
                0x02005fa0                __wut_fsa_mkdir
 .text.__wut_fsa_open
                0x02006090      0x53c C:/devkitPro/wut/lib\libwut.a(devoptab_fsa_open.o)
                                0x4cc (size before relaxing)
                0x02006090                __wut_fsa_open
 .text.__wut_fsa_read
                0x020065cc      0x1ec C:/devkitPro/wut/lib\libwut.a(devoptab_fsa_read.o)
                                0x1bc (size before relaxing)
                0x020065cc                __wut_fsa_read
 .text.__wut_fsa_rename
                0x020067b8      0x124 C:/devkitPro/wut/lib\libwut.a(devoptab_fsa_rename.o)
                                0x114 (size before relaxing)
                0x020067b8                __wut_fsa_rename
 .text.__wut_fsa_rmdir
                0x020068dc       0xd4 C:/devkitPro/wut/lib\libwut.a(devoptab_fsa_rmdir.o)
                                 0xc4 (size before relaxing)
                0x020068dc                __wut_fsa_rmdir
 .text.__wut_fsa_seek
                0x020069b0      0x1c8 C:/devkitPro/wut/lib\libwut.a(devoptab_fsa_seek.o)
                                0x188 (size before relaxing)
                0x020069b0                __wut_fsa_seek
 .text.__wut_fsa_stat
                0x02006b78      0x128 C:/devkitPro/wut/lib\libwut.a(devoptab_fsa_stat.o)
                                0x118 (size before relaxing)
                0x02006b78                __wut_fsa_stat
 .text.__wut_fsa_statvfs
                0x02006ca0      0x178 C:/devkitPro/wut/lib\libwut.a(devoptab_fsa_statvfs.o)
                                0x168 (size before relaxing)
                0x02006ca0                __wut_fsa_statvfs
 .text.__wut_fsa_ftruncate
                0x02006e18      0x108 C:/devkitPro/wut/lib\libwut.a(devoptab_fsa_truncate.o)
                                 0xc8 (size before relaxing)
                0x02006e18                __wut_fsa_ftruncate
 .text.__wut_fsa_unlink
                0x02006f20       0xd4 C:/devkitPro/wut/lib\libwut.a(devoptab_fsa_unlink.o)
                                 0xc4 (size before relaxing)
                0x02006f20                __wut_fsa_unlink
 .text.__wut_fsa_hashstring
                0x02006ff4       0x40 C:/devkitPro/wut/lib\libwut.a(devoptab_fsa_utils.o)
                0x02006ff4                __wut_fsa_hashstring
 .text.__wut_fsa_fixpath
                0x02007034      0x368 C:/devkitPro/wut/lib\libwut.a(devoptab_fsa_utils.o)
                0x02007034                __wut_fsa_fixpath
 .text.__wut_fsa_translate_stat_mode
                0x0200739c       0x7c C:/devkitPro/wut/lib\libwut.a(devoptab_fsa_utils.o)
                0x0200739c                __wut_fsa_translate_stat_mode
 .text.__wut_fsa_translate_stat
                0x02007418      0x144 C:/devkitPro/wut/lib\libwut.a(devoptab_fsa_utils.o)
                0x02007418                __wut_fsa_translate_stat
 .text.__wut_fsa_translate_error
                0x0200755c       0x28 C:/devkitPro/wut/lib\libwut.a(devoptab_fsa_utils.o)
                0x0200755c                __wut_fsa_translate_error
 .text.__wut_fsa_write
                0x02007584      0x204 C:/devkitPro/wut/lib\libwut.a(devoptab_fsa_write.o)
                                0x1d4 (size before relaxing)
                0x02007584                __wut_fsa_write
 .text.__wut_fsa_chdir
                0x02007788      0x12c C:/devkitPro/wut/lib\libwut.a(devoptab_fsa_chdir.o)
                                0x11c (size before relaxing)
                0x02007788                __wut_fsa_chdir
 .text.__wut_fsa_chmod
                0x020078b4       0xf0 C:/devkitPro/wut/lib\libwut.a(devoptab_fsa_chmod.o)
                                 0xe0 (size before relaxing)
                0x020078b4                __wut_fsa_chmod
 .text.__wut_fsa_close
                0x020079a4       0xcc C:/devkitPro/wut/lib\libwut.a(devoptab_fsa_close.o)
                                 0x9c (size before relaxing)
                0x020079a4                __wut_fsa_close
 .text._ZdlPvj  0x02007a70        0x4 C:/devkitPro/devkitPPC/bin/../lib/gcc/powerpc-eabi/16.1.0/../../../../powerpc-eabi/lib\libstdc++.a(del_ops.o)
                0x02007a70                operator delete(void*, unsigned int)
 .text._ZL16get_adjusted_ptrPKSt9type_infoS1_PPv
                0x02007a74       0x98 C:/devkitPro/devkitPPC/bin/../lib/gcc/powerpc-eabi/16.1.0/../../../../powerpc-eabi/lib\libstdc++.a(eh_personality.o)
 .text._ZL28read_encoded_value_with_basehjPKhPj
                0x02007b0c      0x13c C:/devkitPro/devkitPPC/bin/../lib/gcc/powerpc-eabi/16.1.0/../../../../powerpc-eabi/lib\libstdc++.a(eh_personality.o)
 .text._ZL21base_of_encoded_valuehP15_Unwind_Context
                0x02007c48       0x60 C:/devkitPro/devkitPPC/bin/../lib/gcc/powerpc-eabi/16.1.0/../../../../powerpc-eabi/lib\libstdc++.a(eh_personality.o)
 .text._ZL17parse_lsda_headerP15_Unwind_ContextPKhP16lsda_header_info
                0x02007ca8      0x120 C:/devkitPro/devkitPPC/bin/../lib/gcc/powerpc-eabi/16.1.0/../../../../powerpc-eabi/lib\libstdc++.a(eh_personality.o)
 .text._ZL20check_exception_specP16lsda_header_infoPKSt9type_infoPvl
                0x02007dc8      0x138 C:/devkitPro/devkitPPC/bin/../lib/gcc/powerpc-eabi/16.1.0/../../../../powerpc-eabi/lib\libstdc++.a(eh_personality.o)
 .text.__gxx_personality_v0
                0x02007f00      0x8f0 C:/devkitPro/devkitPPC/bin/../lib/gcc/powerpc-eabi/16.1.0/../../../../powerpc-eabi/lib\libstdc++.a(eh_personality.o)
                0x02007f00                __gxx_personality_v0
 .text._ZN10__cxxabiv111__terminateEPFvvE
                0x020087f0       0x20 C:/devkitPro/devkitPPC/bin/../lib/gcc/powerpc-eabi/16.1.0/../../../../powerpc-eabi/lib\libstdc++.a(eh_terminate.o)
                0x020087f0                __cxxabiv1::__terminate(void (*)())
 .text._ZN10__cxxabiv112__unexpectedEPFvvE
                0x02008810       0x18 C:/devkitPro/devkitPPC/bin/../lib/gcc/powerpc-eabi/16.1.0/../../../../powerpc-eabi/lib\libstdc++.a(eh_terminate.o)
                0x02008810                __cxxabiv1::__unexpected(void (*)())
 .text._ZSt13get_terminatev
                0x02008828       0x18 C:/devkitPro/devkitPPC/bin/../lib/gcc/powerpc-eabi/16.1.0/../../../../powerpc-eabi/lib\libstdc++.a(eh_terminate.o)
                0x02008828                std::get_terminate()
 .text._ZSt14get_unexpectedv
                0x02008840       0x18 C:/devkitPro/devkitPPC/bin/../lib/gcc/powerpc-eabi/16.1.0/../../../../powerpc-eabi/lib\libstdc++.a(eh_terminate.o)
                0x02008840                std::get_unexpected()
 .text._ZL23__gxx_exception_cleanup19_Unwind_Reason_CodeP17_Unwind_Exception
                0x02008858       0x80 C:/devkitPro/devkitPPC/bin/../lib/gcc/powerpc-eabi/16.1.0/../../../../powerpc-eabi/lib\libstdc++.a(eh_throw.o)
 .text.__cxa_throw
                0x020088d8       0x98 C:/devkitPro/devkitPPC/bin/../lib/gcc/powerpc-eabi/16.1.0/../../../../powerpc-eabi/lib\libstdc++.a(eh_throw.o)
                0x020088d8                __cxa_throw
 .text._Znwj    0x02008970       0x80 C:/devkitPro/devkitPPC/bin/../lib/gcc/powerpc-eabi/16.1.0/../../../../powerpc-eabi/lib\libstdc++.a(new_op.o)
                0x02008970                operator new(unsigned int)
 .text._ZNKSt9bad_alloc4whatEv
                0x020089f0        0xc C:/devkitPro/devkitPPC/bin/../lib/gcc/powerpc-eabi/16.1.0/../../../../powerpc-eabi/lib\libstdc++.a(bad_alloc.o)
                0x020089f0                std::bad_alloc::what() const
 .text._ZNSt9bad_allocD2Ev
                0x020089fc       0x10 C:/devkitPro/devkitPPC/bin/../lib/gcc/powerpc-eabi/16.1.0/../../../../powerpc-eabi/lib\libstdc++.a(bad_alloc.o)
                0x020089fc                std::bad_alloc::~bad_alloc()
                0x020089fc                std::bad_alloc::~bad_alloc()
 .text._ZNSt9bad_allocD0Ev
                0x02008a0c       0x40 C:/devkitPro/devkitPPC/bin/../lib/gcc/powerpc-eabi/16.1.0/../../../../powerpc-eabi/lib\libstdc++.a(bad_alloc.o)
                0x02008a0c                std::bad_alloc::~bad_alloc()
 .text._ZdlPv   0x02008a4c        0x4 C:/devkitPro/devkitPPC/bin/../lib/gcc/powerpc-eabi/16.1.0/../../../../powerpc-eabi/lib\libstdc++.a(del_op.o)
                0x02008a4c                operator delete(void*)
 .text._ZNK9__gnu_cxx24__concurrence_lock_error4whatEv
                0x02008a50        0xc C:/devkitPro/devkitPPC/bin/../lib/gcc/powerpc-eabi/16.1.0/../../../../powerpc-eabi/lib\libstdc++.a(eh_alloc.o)
                0x02008a50                __gnu_cxx::__concurrence_lock_error::what() const
 .text._ZNK9__gnu_cxx26__concurrence_unlock_error4whatEv
                0x02008a5c        0xc C:/devkitPro/devkitPPC/bin/../lib/gcc/powerpc-eabi/16.1.0/../../../../powerpc-eabi/lib\libstdc++.a(eh_alloc.o)
                0x02008a5c                __gnu_cxx::__concurrence_unlock_error::what() const
 .text._ZN9__gnu_cxx24__concurrence_lock_errorD2Ev
                0x02008a68       0x10 C:/devkitPro/devkitPPC/bin/../lib/gcc/powerpc-eabi/16.1.0/../../../../powerpc-eabi/lib\libstdc++.a(eh_alloc.o)
                0x02008a68                __gnu_cxx::__concurrence_lock_error::~__concurrence_lock_error()
                0x02008a68                __gnu_cxx::__concurrence_lock_error::~__concurrence_lock_error()
 .text._ZN9__gnu_cxx24__concurrence_lock_errorD0Ev
                0x02008a78       0x40 C:/devkitPro/devkitPPC/bin/../lib/gcc/powerpc-eabi/16.1.0/../../../../powerpc-eabi/lib\libstdc++.a(eh_alloc.o)
                0x02008a78                __gnu_cxx::__concurrence_lock_error::~__concurrence_lock_error()
 .text._ZN9__gnu_cxx26__concurrence_unlock_errorD2Ev
                0x02008ab8       0x10 C:/devkitPro/devkitPPC/bin/../lib/gcc/powerpc-eabi/16.1.0/../../../../powerpc-eabi/lib\libstdc++.a(eh_alloc.o)
                0x02008ab8                __gnu_cxx::__concurrence_unlock_error::~__concurrence_unlock_error()
                0x02008ab8                __gnu_cxx::__concurrence_unlock_error::~__concurrence_unlock_error()
 .text._ZN9__gnu_cxx26__concurrence_unlock_errorD0Ev
                0x02008ac8       0x40 C:/devkitPro/devkitPPC/bin/../lib/gcc/powerpc-eabi/16.1.0/../../../../powerpc-eabi/lib\libstdc++.a(eh_alloc.o)
                0x02008ac8                __gnu_cxx::__concurrence_unlock_error::~__concurrence_unlock_error()
 .text._ZN12_GLOBAL__N_14pool4freeEPv.constprop.0
                0x02008b08      0x12c C:/devkitPro/devkitPPC/bin/../lib/gcc/powerpc-eabi/16.1.0/../../../../powerpc-eabi/lib\libstdc++.a(eh_alloc.o)
 .text._ZN12_GLOBAL__N_14pool8allocateEj.constprop.0
                0x02008c34       0xf4 C:/devkitPro/devkitPPC/bin/../lib/gcc/powerpc-eabi/16.1.0/../../../../powerpc-eabi/lib\libstdc++.a(eh_alloc.o)
 .text.__cxa_allocate_exception
                0x02008d28       0x68 C:/devkitPro/devkitPPC/bin/../lib/gcc/powerpc-eabi/16.1.0/../../../../powerpc-eabi/lib\libstdc++.a(eh_alloc.o)
                0x02008d28                __cxa_allocate_exception
 .text.__cxa_free_exception
                0x02008d90       0x30 C:/devkitPro/devkitPPC/bin/../lib/gcc/powerpc-eabi/16.1.0/../../../../powerpc-eabi/lib\libstdc++.a(eh_alloc.o)
                0x02008d90                __cxa_free_exception
 .text.__cxa_begin_catch
                0x02008dc0       0xc8 C:/devkitPro/devkitPPC/bin/../lib/gcc/powerpc-eabi/16.1.0/../../../../powerpc-eabi/lib\libstdc++.a(eh_catch.o)
                0x02008dc0                __cxa_begin_catch
 .text._ZNSt9exceptionD2Ev
                0x02008e88        0x4 C:/devkitPro/devkitPPC/bin/../lib/gcc/powerpc-eabi/16.1.0/../../../../powerpc-eabi/lib\libstdc++.a(eh_exception.o)
                0x02008e88                std::exception::~exception()
                0x02008e88                std::exception::~exception()
 .text._ZL15eh_globals_dtorPv
                0x02008e8c       0x68 C:/devkitPro/devkitPPC/bin/../lib/gcc/powerpc-eabi/16.1.0/../../../../powerpc-eabi/lib\libstdc++.a(eh_globals.o)
 .text.__cxa_get_globals
                0x02008ef4       0x90 C:/devkitPro/devkitPPC/bin/../lib/gcc/powerpc-eabi/16.1.0/../../../../powerpc-eabi/lib\libstdc++.a(eh_globals.o)
                0x02008ef4                __cxa_get_globals
 .text._ZSt15get_new_handlerv
                0x02008f84       0x18 C:/devkitPro/devkitPPC/bin/../lib/gcc/powerpc-eabi/16.1.0/../../../../powerpc-eabi/lib\libstdc++.a(new_handler.o)
                0x02008f84                std::get_new_handler()
 .text._ZN10__cxxabiv120__si_class_type_infoD2Ev
                0x02008f9c       0x10 C:/devkitPro/devkitPPC/bin/../lib/gcc/powerpc-eabi/16.1.0/../../../../powerpc-eabi/lib\libstdc++.a(si_class_type_info.o)
                0x02008f9c                __cxxabiv1::__si_class_type_info::~__si_class_type_info()
                0x02008f9c                __cxxabiv1::__si_class_type_info::~__si_class_type_info()
 .text._ZN10__cxxabiv120__si_class_type_infoD0Ev
                0x02008fac       0x40 C:/devkitPro/devkitPPC/bin/../lib/gcc/powerpc-eabi/16.1.0/../../../../powerpc-eabi/lib\libstdc++.a(si_class_type_info.o)
                0x02008fac                __cxxabiv1::__si_class_type_info::~__si_class_type_info()
 .text._ZNK10__cxxabiv120__si_class_type_info12__do_dyncastEiNS_17__class_type_info10__sub_kindEPKS1_PKvS4_S6_RNS1_16__dyncast_resultE
                0x02008fec      0x21c C:/devkitPro/devkitPPC/bin/../lib/gcc/powerpc-eabi/16.1.0/../../../../powerpc-eabi/lib\libstdc++.a(si_class_type_info.o)
                0x02008fec                __cxxabiv1::__si_class_type_info::__do_dyncast(int, __cxxabiv1::__class_type_info::__sub_kind, __cxxabiv1::__class_type_info const*, void const*, __cxxabiv1::__class_type_info const*, void const*, __cxxabiv1::__class_type_info::__dyncast_result&) const
 .text._ZNK10__cxxabiv120__si_class_type_info20__do_find_public_srcEiPKvPKNS_17__class_type_infoES2_
                0x02009208      0x140 C:/devkitPro/devkitPPC/bin/../lib/gcc/powerpc-eabi/16.1.0/../../../../powerpc-eabi/lib\libstdc++.a(si_class_type_info.o)
                0x02009208                __cxxabiv1::__si_class_type_info::__do_find_public_src(int, void const*, __cxxabiv1::__class_type_info const*, void const*) const
 .text._ZNK10__cxxabiv120__si_class_type_info11__do_upcastEPKNS_17__class_type_infoEPKvRNS1_15__upcast_resultE
                0x02009348       0x94 C:/devkitPro/devkitPPC/bin/../lib/gcc/powerpc-eabi/16.1.0/../../../../powerpc-eabi/lib\libstdc++.a(si_class_type_info.o)
                0x02009348                __cxxabiv1::__si_class_type_info::__do_upcast(__cxxabiv1::__class_type_info const*, void const*, __cxxabiv1::__class_type_info::__upcast_result&) const
 .text._ZNSt9type_infoD2Ev
                0x020093dc        0x4 C:/devkitPro/devkitPPC/bin/../lib/gcc/powerpc-eabi/16.1.0/../../../../powerpc-eabi/lib\libstdc++.a(tinfo.o)
                0x020093dc                std::type_info::~type_info()
                0x020093dc                std::type_info::~type_info()
 .text._ZNKSt9type_info14__is_pointer_pEv
                0x020093e0        0x8 C:/devkitPro/devkitPPC/bin/../lib/gcc/powerpc-eabi/16.1.0/../../../../powerpc-eabi/lib\libstdc++.a(tinfo.o)
                0x020093e0                std::type_info::__is_pointer_p() const
                0x020093e0                std::type_info::__is_function_p() const
 .text._ZNKSt11logic_error4whatEv
                0x020093e8        0x8 C:/devkitPro/devkitPPC/bin/../lib/gcc/powerpc-eabi/16.1.0/../../../../powerpc-eabi/lib\libstdc++.a(stdexcept.o)
                0x020093e8                std::logic_error::what() const
                0x020093e8                std::runtime_error::what() const
 .text._ZNSt11logic_errorD2Ev
                0x020093f0       0x84 C:/devkitPro/devkitPPC/bin/../lib/gcc/powerpc-eabi/16.1.0/../../../../powerpc-eabi/lib\libstdc++.a(stdexcept.o)
                0x020093f0                std::logic_error::~logic_error()
                0x020093f0                std::logic_error::~logic_error()
 .text._ZNSt12length_errorD2Ev
                0x02009474       0x84 C:/devkitPro/devkitPPC/bin/../lib/gcc/powerpc-eabi/16.1.0/../../../../powerpc-eabi/lib\libstdc++.a(stdexcept.o)
                0x02009474                std::length_error::~length_error()
                0x02009474                std::length_error::~length_error()
 .text._ZNSt11logic_errorD0Ev
                0x020094f8       0x88 C:/devkitPro/devkitPPC/bin/../lib/gcc/powerpc-eabi/16.1.0/../../../../powerpc-eabi/lib\libstdc++.a(stdexcept.o)
                0x020094f8                std::logic_error::~logic_error()
 .text._ZNSt12length_errorD0Ev
                0x02009580       0x88 C:/devkitPro/devkitPPC/bin/../lib/gcc/powerpc-eabi/16.1.0/../../../../powerpc-eabi/lib\libstdc++.a(stdexcept.o)
                0x02009580                std::length_error::~length_error()
 .text._ZNSt11logic_errorC2EPKc
                0x02009608      0x114 C:/devkitPro/devkitPPC/bin/../lib/gcc/powerpc-eabi/16.1.0/../../../../powerpc-eabi/lib\libstdc++.a(cow-stdexcept.o)
                0x02009608                std::logic_error::logic_error(char const*)
                0x02009608                std::logic_error::logic_error(char const*)
 .text._ZNSt12length_errorC2EPKc
                0x0200971c       0x38 C:/devkitPro/devkitPPC/bin/../lib/gcc/powerpc-eabi/16.1.0/../../../../powerpc-eabi/lib\libstdc++.a(cow-stdexcept.o)
                0x0200971c                std::length_error::length_error(char const*)
                0x0200971c                std::length_error::length_error(char const*)
 .text._ZNSs4_Rep9_S_createEjjRKSaIcE
                0x02009754       0xdc C:/devkitPro/devkitPPC/bin/../lib/gcc/powerpc-eabi/16.1.0/../../../../powerpc-eabi/lib\libstdc++.a(cow-string-inst.o)
                0x02009754                std::string::_Rep::_S_create(unsigned int, unsigned int, std::allocator<char> const&)
 .text._ZNSs4_Rep10_M_destroyERKSaIcE
                0x02009830        0x4 C:/devkitPro/devkitPPC/bin/../lib/gcc/powerpc-eabi/16.1.0/../../../../powerpc-eabi/lib\libstdc++.a(cow-string-inst.o)
                0x02009830                std::string::_Rep::_M_destroy(std::allocator<char> const&)
 .text._ZNK10__cxxabiv117__class_type_info20__do_find_public_srcEiPKvPKS0_S2_
                0x02009834       0x18 C:/devkitPro/devkitPPC/bin/../lib/gcc/powerpc-eabi/16.1.0/../../../../powerpc-eabi/lib\libstdc++.a(class_type_info.o)
                0x02009834                __cxxabiv1::__class_type_info::__do_find_public_src(int, void const*, __cxxabiv1::__class_type_info const*, void const*) const
 .text._ZN10__cxxabiv117__class_type_infoD2Ev
                0x0200984c       0x10 C:/devkitPro/devkitPPC/bin/../lib/gcc/powerpc-eabi/16.1.0/../../../../powerpc-eabi/lib\libstdc++.a(class_type_info.o)
                0x0200984c                __cxxabiv1::__class_type_info::~__class_type_info()
                0x0200984c                __cxxabiv1::__class_type_info::~__class_type_info()
 .text._ZN10__cxxabiv117__class_type_infoD0Ev
                0x0200985c       0x40 C:/devkitPro/devkitPPC/bin/../lib/gcc/powerpc-eabi/16.1.0/../../../../powerpc-eabi/lib\libstdc++.a(class_type_info.o)
                0x0200985c                __cxxabiv1::__class_type_info::~__class_type_info()
 .text._ZNK10__cxxabiv117__class_type_info11__do_upcastEPKS0_PKvRNS0_15__upcast_resultE
                0x0200989c       0x98 C:/devkitPro/devkitPPC/bin/../lib/gcc/powerpc-eabi/16.1.0/../../../../powerpc-eabi/lib\libstdc++.a(class_type_info.o)
                0x0200989c                __cxxabiv1::__class_type_info::__do_upcast(__cxxabiv1::__class_type_info const*, void const*, __cxxabiv1::__class_type_info::__upcast_result&) const
 .text._ZNK10__cxxabiv117__class_type_info12__do_dyncastEiNS0_10__sub_kindEPKS0_PKvS3_S5_RNS0_16__dyncast_resultE
                0x02009934      0x134 C:/devkitPro/devkitPPC/bin/../lib/gcc/powerpc-eabi/16.1.0/../../../../powerpc-eabi/lib\libstdc++.a(class_type_info.o)
                0x02009934                __cxxabiv1::__class_type_info::__do_dyncast(int, __cxxabiv1::__class_type_info::__sub_kind, __cxxabiv1::__class_type_info const*, void const*, __cxxabiv1::__class_type_info const*, void const*, __cxxabiv1::__class_type_info::__dyncast_result&) const
 .text._ZNK10__cxxabiv117__class_type_info11__do_upcastEPKS0_PPv
                0x02009a68       0xf8 C:/devkitPro/devkitPPC/bin/../lib/gcc/powerpc-eabi/16.1.0/../../../../powerpc-eabi/lib\libstdc++.a(class_type_info.o)
                0x02009a68                __cxxabiv1::__class_type_info::__do_upcast(__cxxabiv1::__class_type_info const*, void**) const
 .text._ZNK10__cxxabiv117__class_type_info10__do_catchEPKSt9type_infoPPvj
                0x02009b60      0x134 C:/devkitPro/devkitPPC/bin/../lib/gcc/powerpc-eabi/16.1.0/../../../../powerpc-eabi/lib\libstdc++.a(class_type_info.o)
                0x02009b60                __cxxabiv1::__class_type_info::__do_catch(std::type_info const*, void**, unsigned int) const
 .text.__divdi3
                0x02009c94      0x448 C:/devkitPro/devkitPPC/bin/../lib/gcc/powerpc-eabi/16.1.0\libgcc.a(_divdi3.o)
                0x02009c94                __divdi3
 .text.__udivdi3
                0x0200a0dc      0x3c4 C:/devkitPro/devkitPPC/bin/../lib/gcc/powerpc-eabi/16.1.0\libgcc.a(_udivdi3.o)
                0x0200a0dc                __udivdi3
 .text.init_dwarf_reg_size_table
                0x0200a4a0      0x1d0 C:/devkitPro/devkitPPC/bin/../lib/gcc/powerpc-eabi/16.1.0\libgcc.a(unwind-dw2.o)
 .text.uw_install_context_1
                0x0200a670      0x1b8 C:/devkitPro/devkitPPC/bin/../lib/gcc/powerpc-eabi/16.1.0\libgcc.a(unwind-dw2.o)
 .text.read_encoded_value
                0x0200a828      0x184 C:/devkitPro/devkitPPC/bin/../lib/gcc/powerpc-eabi/16.1.0\libgcc.a(unwind-dw2.o)
 .text.execute_stack_op
                0x0200a9ac      0x898 C:/devkitPro/devkitPPC/bin/../lib/gcc/powerpc-eabi/16.1.0\libgcc.a(unwind-dw2.o)
 .text.uw_update_context_1
                0x0200b244      0x37c C:/devkitPro/devkitPPC/bin/../lib/gcc/powerpc-eabi/16.1.0\libgcc.a(unwind-dw2.o)
 .text.execute_cfa_program_specialized
                0x0200b5c0      0x910 C:/devkitPro/devkitPPC/bin/../lib/gcc/powerpc-eabi/16.1.0\libgcc.a(unwind-dw2.o)
 .text.execute_cfa_program_generic
                0x0200bed0      0x974 C:/devkitPro/devkitPPC/bin/../lib/gcc/powerpc-eabi/16.1.0\libgcc.a(unwind-dw2.o)
 .text.uw_frame_state_for
                0x0200c844      0x4ec C:/devkitPro/devkitPPC/bin/../lib/gcc/powerpc-eabi/16.1.0\libgcc.a(unwind-dw2.o)
 .text.uw_init_context_1
                0x0200cd30      0x2d0 C:/devkitPro/devkitPPC/bin/../lib/gcc/powerpc-eabi/16.1.0\libgcc.a(unwind-dw2.o)
 .text._Unwind_RaiseException_Phase2
                0x0200d000      0x1cc C:/devkitPro/devkitPPC/bin/../lib/gcc/powerpc-eabi/16.1.0\libgcc.a(unwind-dw2.o)
 .text._Unwind_ForcedUnwind_Phase2
                0x0200d1cc      0x1f0 C:/devkitPro/devkitPPC/bin/../lib/gcc/powerpc-eabi/16.1.0\libgcc.a(unwind-dw2.o)
 .text._Unwind_SetGR
                0x0200d3bc       0x64 C:/devkitPro/devkitPPC/bin/../lib/gcc/powerpc-eabi/16.1.0\libgcc.a(unwind-dw2.o)
                0x0200d3bc                _Unwind_SetGR
 .text._Unwind_GetIPInfo
                0x0200d420       0x14 C:/devkitPro/devkitPPC/bin/../lib/gcc/powerpc-eabi/16.1.0\libgcc.a(unwind-dw2.o)
                0x0200d420                _Unwind_GetIPInfo
 .text._Unwind_SetIP
                0x0200d434        0x8 C:/devkitPro/devkitPPC/bin/../lib/gcc/powerpc-eabi/16.1.0\libgcc.a(unwind-dw2.o)
                0x0200d434                _Unwind_SetIP
 .text._Unwind_GetLanguageSpecificData
                0x0200d43c        0x8 C:/devkitPro/devkitPPC/bin/../lib/gcc/powerpc-eabi/16.1.0\libgcc.a(unwind-dw2.o)
                0x0200d43c                _Unwind_GetLanguageSpecificData
 .text._Unwind_GetRegionStart
                0x0200d444        0x8 C:/devkitPro/devkitPPC/bin/../lib/gcc/powerpc-eabi/16.1.0\libgcc.a(unwind-dw2.o)
                0x0200d444                _Unwind_GetRegionStart
 .text._Unwind_GetDataRelBase
                0x0200d44c        0x8 C:/devkitPro/devkitPPC/bin/../lib/gcc/powerpc-eabi/16.1.0\libgcc.a(unwind-dw2.o)
                0x0200d44c                _Unwind_GetDataRelBase
 .text._Unwind_GetTextRelBase
                0x0200d454        0x8 C:/devkitPro/devkitPPC/bin/../lib/gcc/powerpc-eabi/16.1.0\libgcc.a(unwind-dw2.o)
                0x0200d454                _Unwind_GetTextRelBase
 .text._Unwind_DebugHook
                0x0200d45c        0x4 C:/devkitPro/devkitPPC/bin/../lib/gcc/powerpc-eabi/16.1.0\libgcc.a(unwind-dw2.o)
 .text._Unwind_RaiseException
                0x0200d460      0x38c C:/devkitPro/devkitPPC/bin/../lib/gcc/powerpc-eabi/16.1.0\libgcc.a(unwind-dw2.o)
                0x0200d460                _Unwind_RaiseException
 .text._Unwind_Resume
                0x0200d7ec      0x1dc C:/devkitPro/devkitPPC/bin/../lib/gcc/powerpc-eabi/16.1.0\libgcc.a(unwind-dw2.o)
                0x0200d7ec                _Unwind_Resume
 .text._Unwind_DeleteException
                0x0200d9c8       0x1c C:/devkitPro/devkitPPC/bin/../lib/gcc/powerpc-eabi/16.1.0\libgcc.a(unwind-dw2.o)
                0x0200d9c8                _Unwind_DeleteException
 .text.fde_unencoded_compare
                0x0200d9e4       0x20 C:/devkitPro/devkitPPC/bin/../lib/gcc/powerpc-eabi/16.1.0\libgcc.a(unwind-dw2-fde.o)
 .text.fde_unencoded_extract
                0x0200da04       0x74 C:/devkitPro/devkitPPC/bin/../lib/gcc/powerpc-eabi/16.1.0\libgcc.a(unwind-dw2-fde.o)
 .text.frame_downheap
                0x0200da78      0x110 C:/devkitPro/devkitPPC/bin/../lib/gcc/powerpc-eabi/16.1.0\libgcc.a(unwind-dw2-fde.o)
 .text.read_encoded_value_with_base
                0x0200db88      0x13c C:/devkitPro/devkitPPC/bin/../lib/gcc/powerpc-eabi/16.1.0\libgcc.a(unwind-dw2-fde.o)
 .text.fde_radixsort
                0x0200dcc4      0x2a0 C:/devkitPro/devkitPPC/bin/../lib/gcc/powerpc-eabi/16.1.0\libgcc.a(unwind-dw2-fde.o)
 .text.__deregister_frame_info_bases.part.0
                0x0200df64      0x14c C:/devkitPro/devkitPPC/bin/../lib/gcc/powerpc-eabi/16.1.0\libgcc.a(unwind-dw2-fde.o)
 .text.get_cie_encoding
                0x0200e0b0      0x15c C:/devkitPro/devkitPPC/bin/../lib/gcc/powerpc-eabi/16.1.0\libgcc.a(unwind-dw2-fde.o)
 .text.fde_mixed_encoding_extract
                0x0200e20c       0xfc C:/devkitPro/devkitPPC/bin/../lib/gcc/powerpc-eabi/16.1.0\libgcc.a(unwind-dw2-fde.o)
 .text.classify_object_over_fdes.constprop.0
                0x0200e308      0x20c C:/devkitPro/devkitPPC/bin/../lib/gcc/powerpc-eabi/16.1.0\libgcc.a(unwind-dw2-fde.o)
 .text.fde_single_encoding_extract
                0x0200e514      0x104 C:/devkitPro/devkitPPC/bin/../lib/gcc/powerpc-eabi/16.1.0\libgcc.a(unwind-dw2-fde.o)
 .text.fde_single_encoding_compare
                0x0200e618       0xcc C:/devkitPro/devkitPPC/bin/../lib/gcc/powerpc-eabi/16.1.0\libgcc.a(unwind-dw2-fde.o)
 .text.fde_mixed_encoding_compare
                0x0200e6e4      0x144 C:/devkitPro/devkitPPC/bin/../lib/gcc/powerpc-eabi/16.1.0\libgcc.a(unwind-dw2-fde.o)
 .text.add_fdes.isra.0
                0x0200e828      0x2ac C:/devkitPro/devkitPPC/bin/../lib/gcc/powerpc-eabi/16.1.0\libgcc.a(unwind-dw2-fde.o)
 .text.linear_search_fdes
                0x0200ead4      0x350 C:/devkitPro/devkitPPC/bin/../lib/gcc/powerpc-eabi/16.1.0\libgcc.a(unwind-dw2-fde.o)
 .text.search_object
                0x0200ee24      0x6ac C:/devkitPro/devkitPPC/bin/../lib/gcc/powerpc-eabi/16.1.0\libgcc.a(unwind-dw2-fde.o)
 .text.__register_frame_info
                0x0200f4d0       0x88 C:/devkitPro/devkitPPC/bin/../lib/gcc/powerpc-eabi/16.1.0\libgcc.a(unwind-dw2-fde.o)
                0x0200f4d0                __register_frame_info
 .text.__deregister_frame_info
                0x0200f558       0x20 C:/devkitPro/devkitPPC/bin/../lib/gcc/powerpc-eabi/16.1.0\libgcc.a(unwind-dw2-fde.o)
                0x0200f558                __deregister_frame_info
 .text._Unwind_Find_FDE
                0x0200f578      0x248 C:/devkitPro/devkitPPC/bin/../lib/gcc/powerpc-eabi/16.1.0\libgcc.a(unwind-dw2-fde.o)
                0x0200f578                _Unwind_Find_FDE
 .text.chdir    0x0200f7c0      0x1b8 C:/devkitPro/devkitPPC/bin/../lib/gcc/powerpc-eabi/16.1.0/../../../../powerpc-eabi/lib\libsysbase.a(libsysbase_libsysbase_a-chdir.o)
                0x0200f7c0                chdir
 .text._concatenate_path
                0x0200f978      0x27c C:/devkitPro/devkitPPC/bin/../lib/gcc/powerpc-eabi/16.1.0/../../../../powerpc-eabi/lib\libsysbase.a(libsysbase_libsysbase_a-concatenate.o)
                0x0200f978                _concatenate_path
 .text.null_write
                0x0200fbf4        0x8 C:/devkitPro/devkitPPC/bin/../lib/gcc/powerpc-eabi/16.1.0/../../../../powerpc-eabi/lib\libsysbase.a(libsysbase_libsysbase_a-iosupport.o)
 .text.setDefaultDevice
                0x0200fbfc       0x18 C:/devkitPro/devkitPPC/bin/../lib/gcc/powerpc-eabi/16.1.0/../../../../powerpc-eabi/lib\libsysbase.a(libsysbase_libsysbase_a-iosupport.o)
                0x0200fbfc                setDefaultDevice
 .text.FindDevice
                0x0200fc14      0x108 C:/devkitPro/devkitPPC/bin/../lib/gcc/powerpc-eabi/16.1.0/../../../../powerpc-eabi/lib\libsysbase.a(libsysbase_libsysbase_a-iosupport.o)
                0x0200fc14                FindDevice
 .text.RemoveDevice
                0x0200fd1c       0x40 C:/devkitPro/devkitPPC/bin/../lib/gcc/powerpc-eabi/16.1.0/../../../../powerpc-eabi/lib\libsysbase.a(libsysbase_libsysbase_a-iosupport.o)
                0x0200fd1c                RemoveDevice
 .text.AddDevice
                0x0200fd5c       0xf4 C:/devkitPro/devkitPPC/bin/../lib/gcc/powerpc-eabi/16.1.0/../../../../powerpc-eabi/lib\libsysbase.a(libsysbase_libsysbase_a-iosupport.o)
                0x0200fd5c                AddDevice
 .text.pthread_mutex_lock
                0x0200fe50       0x80 C:/devkitPro/devkitPPC/bin/../lib/gcc/powerpc-eabi/16.1.0/../../../../powerpc-eabi/lib\libsysbase.a(libsysbase_libsysbase_a-pthread.o)
                0x0200fe50                pthread_mutex_lock
 .text.pthread_mutex_unlock
                0x0200fed0       0x80 C:/devkitPro/devkitPPC/bin/../lib/gcc/powerpc-eabi/16.1.0/../../../../powerpc-eabi/lib\libsysbase.a(libsysbase_libsysbase_a-pthread.o)
                0x0200fed0                pthread_mutex_unlock
 .text.pthread_once
                0x0200ff50       0xfc C:/devkitPro/devkitPPC/bin/../lib/gcc/powerpc-eabi/16.1.0/../../../../powerpc-eabi/lib\libsysbase.a(libsysbase_libsysbase_a-pthread.o)
                0x0200ff50                pthread_once
 .text.pthread_key_create
                0x0201004c       0x2c C:/devkitPro/devkitPPC/bin/../lib/gcc/powerpc-eabi/16.1.0/../../../../powerpc-eabi/lib\libsysbase.a(libsysbase_libsysbase_a-pthread.o)
                0x0201004c                pthread_key_create
 .text.pthread_setspecific
                0x02010078       0x1c C:/devkitPro/devkitPPC/bin/../lib/gcc/powerpc-eabi/16.1.0/../../../../powerpc-eabi/lib\libsysbase.a(libsysbase_libsysbase_a-pthread.o)
                0x02010078                pthread_setspecific
 .text.pthread_getspecific
                0x02010094       0x1c C:/devkitPro/devkitPPC/bin/../lib/gcc/powerpc-eabi/16.1.0/../../../../powerpc-eabi/lib\libsysbase.a(libsysbase_libsysbase_a-pthread.o)
                0x02010094                pthread_getspecific
 .text.pthread_key_delete
                0x020100b0       0x1c C:/devkitPro/devkitPPC/bin/../lib/gcc/powerpc-eabi/16.1.0/../../../../powerpc-eabi/lib\libsysbase.a(libsysbase_libsysbase_a-pthread.o)
                0x020100b0                pthread_key_delete
 .text.__libc_lock_acquire
                0x020100cc       0x14 C:/devkitPro/devkitPPC/bin/../lib/gcc/powerpc-eabi/16.1.0/../../../../powerpc-eabi/lib\libsysbase.a(libsysbase_libsysbase_a-syscall_support.o)
                0x020100cc                __libc_lock_acquire
 .text.__libc_lock_release
                0x020100e0       0x14 C:/devkitPro/devkitPPC/bin/../lib/gcc/powerpc-eabi/16.1.0/../../../../powerpc-eabi/lib\libsysbase.a(libsysbase_libsysbase_a-syscall_support.o)
                0x020100e0                __libc_lock_release
 .text.__libc_lock_acquire_recursive
                0x020100f4       0x14 C:/devkitPro/devkitPPC/bin/../lib/gcc/powerpc-eabi/16.1.0/../../../../powerpc-eabi/lib\libsysbase.a(libsysbase_libsysbase_a-syscall_support.o)
                0x020100f4                __libc_lock_acquire_recursive
 .text.__libc_lock_release_recursive
                0x02010108       0x14 C:/devkitPro/devkitPPC/bin/../lib/gcc/powerpc-eabi/16.1.0/../../../../powerpc-eabi/lib\libsysbase.a(libsysbase_libsysbase_a-syscall_support.o)
                0x02010108                __libc_lock_release_recursive
 .text.__libc_cond_broadcast
                0x0201011c       0x1c C:/devkitPro/devkitPPC/bin/../lib/gcc/powerpc-eabi/16.1.0/../../../../powerpc-eabi/lib\libsysbase.a(libsysbase_libsysbase_a-syscall_support.o)
                0x0201011c                __libc_cond_broadcast
 .text.__libc_cond_wait
                0x02010138       0x1c C:/devkitPro/devkitPPC/bin/../lib/gcc/powerpc-eabi/16.1.0/../../../../powerpc-eabi/lib\libsysbase.a(libsysbase_libsysbase_a-syscall_support.o)
                0x02010138                __libc_cond_wait
 .text.getenv   0x02010154       0x38 C:/devkitPro/devkitPPC/bin/../lib/gcc/powerpc-eabi/16.1.0/../../../../powerpc-eabi/lib\libc.a(libc_a-getenv.o)
                0x02010154                getenv
 .text.memcpy   0x0201018c      0x14c C:/devkitPro/devkitPPC/bin/../lib/gcc/powerpc-eabi/16.1.0/../../../../powerpc-eabi/lib\libc.a(libc_a-memcpy.o)
                0x0201018c                memcpy
 .text.strlen   0x020102d8       0x80 C:/devkitPro/devkitPPC/bin/../lib/gcc/powerpc-eabi/16.1.0/../../../../powerpc-eabi/lib\libc.a(libc_a-strlen.o)
                0x020102d8                strlen
 .text.strcpy   0x02010358       0x8c C:/devkitPro/devkitPPC/bin/../lib/gcc/powerpc-eabi/16.1.0/../../../../powerpc-eabi/lib\libc.a(libc_a-strcpy.o)
                0x02010358                strcpy
 .text.memalign
                0x020103e4       0x40 C:/devkitPro/devkitPPC/bin/../lib/gcc/powerpc-eabi/16.1.0/../../../../powerpc-eabi/lib\libc.a(libc_a-malign.o)
                0x020103e4                memalign
 .text.snprintf
                0x02010424      0x130 C:/devkitPro/devkitPPC/bin/../lib/gcc/powerpc-eabi/16.1.0/../../../../powerpc-eabi/lib\libc.a(libc_a-snprintf.o)
                0x02010424                snprintf
 .text.memchr   0x02010554      0x148 C:/devkitPro/devkitPPC/bin/../lib/gcc/powerpc-eabi/16.1.0/../../../../powerpc-eabi/lib\libc.a(libc_a-memchr.o)
                0x02010554                memchr
 .text._strtoul_l.isra.0
                0x0201069c      0x218 C:/devkitPro/devkitPPC/bin/../lib/gcc/powerpc-eabi/16.1.0/../../../../powerpc-eabi/lib\libc.a(libc_a-strtoul.o)
 .text.strtoul  0x020108b4       0x64 C:/devkitPro/devkitPPC/bin/../lib/gcc/powerpc-eabi/16.1.0/../../../../powerpc-eabi/lib\libc.a(libc_a-strtoul.o)
                0x020108b4                strtoul
 .text.strchr   0x02010918      0x154 C:/devkitPro/devkitPPC/bin/../lib/gcc/powerpc-eabi/16.1.0/../../../../powerpc-eabi/lib\libc.a(libc_a-strchr.o)
                0x02010918                strchr
 .text.memcmp   0x02010a6c      0x124 C:/devkitPro/devkitPPC/bin/../lib/gcc/powerpc-eabi/16.1.0/../../../../powerpc-eabi/lib\libc.a(libc_a-memcmp.o)
                0x02010a6c                memcmp
 .text.calloc   0x02010b90       0x40 C:/devkitPro/devkitPPC/bin/../lib/gcc/powerpc-eabi/16.1.0/../../../../powerpc-eabi/lib\libc.a(libc_a-calloc.o)
                0x02010b90                calloc
 .text.memset   0x02010bd0      0x180 C:/devkitPro/devkitPPC/bin/../lib/gcc/powerpc-eabi/16.1.0/../../../../powerpc-eabi/lib\libc.a(libc_a-memset.o)
                0x02010bd0                memset
 .text.strncpy  0x02010d50      0x104 C:/devkitPro/devkitPPC/bin/../lib/gcc/powerpc-eabi/16.1.0/../../../../powerpc-eabi/lib\libc.a(libc_a-strncpy.o)
                0x02010d50                strncpy
 .text.strcmp   0x02010e54       0x9c C:/devkitPro/devkitPPC/bin/../lib/gcc/powerpc-eabi/16.1.0/../../../../powerpc-eabi/lib\libc.a(libc_a-strcmp.o)
                0x02010e54                strcmp
 .text.malloc   0x02010ef0       0x58 C:/devkitPro/devkitPPC/bin/../lib/gcc/powerpc-eabi/16.1.0/../../../../powerpc-eabi/lib\libc.a(libc_a-malloc.o)
                0x02010ef0                malloc
 .text.free     0x02010f48       0x30 C:/devkitPro/devkitPPC/bin/../lib/gcc/powerpc-eabi/16.1.0/../../../../powerpc-eabi/lib\libc.a(libc_a-malloc.o)
                0x02010f48                free
 .text.strrchr  0x02010f78       0x78 C:/devkitPro/devkitPPC/bin/../lib/gcc/powerpc-eabi/16.1.0/../../../../powerpc-eabi/lib\libc.a(libc_a-strrchr.o)
                0x02010f78                strrchr
 .text._findenv_r
                0x02010ff0      0x13c C:/devkitPro/devkitPPC/bin/../lib/gcc/powerpc-eabi/16.1.0/../../../../powerpc-eabi/lib\libc.a(libc_a-getenv_r.o)
                0x02010ff0                _findenv_r
 .text.memmove  0x0201112c      0x254 C:/devkitPro/devkitPPC/bin/../lib/gcc/powerpc-eabi/16.1.0/../../../../powerpc-eabi/lib\libc.a(libc_a-memmove.o)
                0x0201112c                memmove
 .text.strdup   0x02011380       0x30 C:/devkitPro/devkitPPC/bin/../lib/gcc/powerpc-eabi/16.1.0/../../../../powerpc-eabi/lib\libc.a(libc_a-strdup.o)
                0x02011380                strdup
 .text._reclaim_reent
                0x020113b0      0x10c C:/devkitPro/devkitPPC/bin/../lib/gcc/powerpc-eabi/16.1.0/../../../../powerpc-eabi/lib\libc.a(libc_a-reent.o)
                0x020113b0                _reclaim_reent
 .text.get_arg  0x020114bc      0x7bc C:/devkitPro/devkitPPC/bin/../lib/gcc/powerpc-eabi/16.1.0/../../../../powerpc-eabi/lib\libc.a(libc_a-svfprintf.o)
 .text._svfprintf_r
                0x02011c78     0x39f8 C:/devkitPro/devkitPPC/bin/../lib/gcc/powerpc-eabi/16.1.0/../../../../powerpc-eabi/lib\libc.a(libc_a-svfprintf.o)
                0x02011c78                _svfprintf_r
 .text.strnlen  0x02015670       0xc0 C:/devkitPro/devkitPPC/bin/../lib/gcc/powerpc-eabi/16.1.0/../../../../powerpc-eabi/lib\libc.a(libc_a-strnlen.o)
                0x02015670                strnlen
 .text.strncmp  0x02015730       0xc8 C:/devkitPro/devkitPPC/bin/../lib/gcc/powerpc-eabi/16.1.0/../../../../powerpc-eabi/lib\libc.a(libc_a-strncmp.o)
                0x02015730                strncmp
 .text.frexp    0x020157f8       0x90 C:/devkitPro/devkitPPC/bin/../lib/gcc/powerpc-eabi/16.1.0/../../../../powerpc-eabi/lib\libc.a(libm_a-s_frexp.o)
                0x020157f8                frexp
 .text.__env_lock
                0x02015888        0xc C:/devkitPro/devkitPPC/bin/../lib/gcc/powerpc-eabi/16.1.0/../../../../powerpc-eabi/lib\libc.a(libc_a-envlock.o)
                0x02015888                __env_lock
 .text.__env_unlock
                0x02015894        0xc C:/devkitPro/devkitPPC/bin/../lib/gcc/powerpc-eabi/16.1.0/../../../../powerpc-eabi/lib\libc.a(libc_a-envlock.o)
                0x02015894                __env_unlock
 .text._strdup_r
                0x020158a0       0x70 C:/devkitPro/devkitPPC/bin/../lib/gcc/powerpc-eabi/16.1.0/../../../../powerpc-eabi/lib\libc.a(libc_a-strdup_r.o)
                0x020158a0                _strdup_r
 .text._wcrtomb_r
                0x02015910      0x104 C:/devkitPro/devkitPPC/bin/../lib/gcc/powerpc-eabi/16.1.0/../../../../powerpc-eabi/lib\libc.a(libc_a-wcrtomb.o)
                0x02015910                _wcrtomb_r
 .text.__ssprint_r
                0x02015a14      0x10c C:/devkitPro/devkitPPC/bin/../lib/gcc/powerpc-eabi/16.1.0/../../../../powerpc-eabi/lib\libc.a(libc_a-ssprint_r.o)
                0x02015a14                __ssprint_r
 .text.__locale_mb_cur_max
                0x02015b20       0x4c C:/devkitPro/devkitPPC/bin/../lib/gcc/powerpc-eabi/16.1.0/../../../../powerpc-eabi/lib\libc.a(libc_a-locale.o)
                0x02015b20                __locale_mb_cur_max
 .text.quorem   0x02015b6c      0x340 C:/devkitPro/devkitPPC/bin/../lib/gcc/powerpc-eabi/16.1.0/../../../../powerpc-eabi/lib\libc.a(libc_a-dtoa.o)
 .text._dtoa_r  0x02015eac     0x1720 C:/devkitPro/devkitPPC/bin/../lib/gcc/powerpc-eabi/16.1.0/../../../../powerpc-eabi/lib\libc.a(libc_a-dtoa.o)
                0x02015eac                _dtoa_r
 .text._wcsrtombs_r
                0x020175cc       0x10 C:/devkitPro/devkitPPC/bin/../lib/gcc/powerpc-eabi/16.1.0/../../../../powerpc-eabi/lib\libc.a(libc_a-wcsrtombs.o)
                0x020175cc                _wcsrtombs_r
 .text._localeconv_r
                0x020175dc       0x4c C:/devkitPro/devkitPPC/bin/../lib/gcc/powerpc-eabi/16.1.0/../../../../powerpc-eabi/lib\libc.a(libc_a-localeconv.o)
                0x020175dc                _localeconv_r
 .text.__ssputs_r
                0x02017628      0x194 C:/devkitPro/devkitPPC/bin/../lib/gcc/powerpc-eabi/16.1.0/../../../../powerpc-eabi/lib\libc.a(libc_a-ssputs_r.o)
                0x02017628                __ssputs_r
 .text.__utf8_wctomb
                0x020177bc      0x108 C:/devkitPro/devkitPPC/bin/../lib/gcc/powerpc-eabi/16.1.0/../../../../powerpc-eabi/lib\libc.a(libc_a-wctomb_r.o)
                0x020177bc                __utf8_wctomb
 .text._wcsnrtombs_l
                0x020178c4      0x1e4 C:/devkitPro/devkitPPC/bin/../lib/gcc/powerpc-eabi/16.1.0/../../../../powerpc-eabi/lib\libc.a(libc_a-wcsnrtombs.o)
                0x020178c4                _wcsnrtombs_l
 .text._wcsnrtombs_r
                0x02017aa8       0xd8 C:/devkitPro/devkitPPC/bin/../lib/gcc/powerpc-eabi/16.1.0/../../../../powerpc-eabi/lib\libc.a(libc_a-wcsnrtombs.o)
                0x02017aa8                _wcsnrtombs_r
 .text._Balloc  0x02017b80       0xf4 C:/devkitPro/devkitPPC/bin/../lib/gcc/powerpc-eabi/16.1.0/../../../../powerpc-eabi/lib\libc.a(libc_a-mprec.o)
                0x02017b80                _Balloc
 .text._Bfree   0x02017c74       0x24 C:/devkitPro/devkitPPC/bin/../lib/gcc/powerpc-eabi/16.1.0/../../../../powerpc-eabi/lib\libc.a(libc_a-mprec.o)
                0x02017c74                _Bfree
 .text.__multadd
                0x02017c98      0x174 C:/devkitPro/devkitPPC/bin/../lib/gcc/powerpc-eabi/16.1.0/../../../../powerpc-eabi/lib\libc.a(libc_a-mprec.o)
                0x02017c98                __multadd
 .text.__hi0bits
                0x02017e0c       0x98 C:/devkitPro/devkitPPC/bin/../lib/gcc/powerpc-eabi/16.1.0/../../../../powerpc-eabi/lib\libc.a(libc_a-mprec.o)
                0x02017e0c                __hi0bits
 .text.__lo0bits
                0x02017ea4      0x10c C:/devkitPro/devkitPPC/bin/../lib/gcc/powerpc-eabi/16.1.0/../../../../powerpc-eabi/lib\libc.a(libc_a-mprec.o)
                0x02017ea4                __lo0bits
 .text.__i2b    0x02017fb0      0x108 C:/devkitPro/devkitPPC/bin/../lib/gcc/powerpc-eabi/16.1.0/../../../../powerpc-eabi/lib\libc.a(libc_a-mprec.o)
                0x02017fb0                __i2b
 .text.__multiply
                0x020180b8      0x338 C:/devkitPro/devkitPPC/bin/../lib/gcc/powerpc-eabi/16.1.0/../../../../powerpc-eabi/lib\libc.a(libc_a-mprec.o)
                0x020180b8                __multiply
 .text.__pow5mult
                0x020183f0      0x19c C:/devkitPro/devkitPPC/bin/../lib/gcc/powerpc-eabi/16.1.0/../../../../powerpc-eabi/lib\libc.a(libc_a-mprec.o)
                0x020183f0                __pow5mult
 .text.__lshift
                0x0201858c      0x26c C:/devkitPro/devkitPPC/bin/../lib/gcc/powerpc-eabi/16.1.0/../../../../powerpc-eabi/lib\libc.a(libc_a-mprec.o)
                0x0201858c                __lshift
 .text.__mcmp   0x020187f8       0xdc C:/devkitPro/devkitPPC/bin/../lib/gcc/powerpc-eabi/16.1.0/../../../../powerpc-eabi/lib\libc.a(libc_a-mprec.o)
                0x020187f8                __mcmp
 .text.__mdiff  0x020188d4      0x314 C:/devkitPro/devkitPPC/bin/../lib/gcc/powerpc-eabi/16.1.0/../../../../powerpc-eabi/lib\libc.a(libc_a-mprec.o)
                0x020188d4                __mdiff
 .text.__d2b    0x02018be8      0x194 C:/devkitPro/devkitPPC/bin/../lib/gcc/powerpc-eabi/16.1.0/../../../../powerpc-eabi/lib\libc.a(libc_a-mprec.o)
                0x02018be8                __d2b
 .text.__utf8_mbtowc
                0x02018d7c      0x604 C:/devkitPro/devkitPPC/bin/../lib/gcc/powerpc-eabi/16.1.0/../../../../powerpc-eabi/lib\libc.a(libc_a-mbtowc_r.o)
                0x02018d7c                __utf8_mbtowc
 .text.__umoddi3
                0x02019380      0x380 C:/devkitPro/devkitPPC/bin/../lib/gcc/powerpc-eabi/16.1.0\libgcc.a(_umoddi3.o)
                0x02019380                __umoddi3
 .text          0x02019700       0x58 C:/devkitPro/devkitPPC/bin/../lib/gcc/powerpc-eabi/16.1.0\libgcc.a(crtresxgpr.o)
                0x02019700                _restgpr_14_x
                0x02019704                _restgpr_15_x
                0x02019708                _restgpr_16_x
                0x0201970c                _restgpr_17_x
                0x02019710                _restgpr_18_x
                0x02019714                _restgpr_19_x
                0x02019718                _restgpr_20_x
                0x0201971c                _restgpr_21_x
                0x02019720                _restgpr_22_x
                0x02019724                _restgpr_23_x
                0x02019728                _restgpr_24_x
                0x0201972c                _restgpr_25_x
                0x02019730                _restgpr_26_x
                0x02019734                _restgpr_27_x
                0x02019738                _restgpr_28_x
                0x0201973c                _restgpr_29_x
                0x02019740                _restgpr_30_x
                0x02019744                _restgpr_31_x
 .text.__do_global_ctors_aux
                0x02019758       0x50 C:/devkitPro/devkitPPC/bin/../lib/gcc/powerpc-eabi/16.1.0/crtend.o
 *(.gnu.warning)
 *(.glink)
 .glink         0x020197a8        0x0 C:/devkitPro/devkitPPC/bin/../lib/gcc/powerpc-eabi/16.1.0/crtbegin.o
 *(SORT_NONE(.fini))
 .fini          0x020197a8        0xc C:/devkitPro/devkitPPC/bin/../lib/gcc/powerpc-eabi/16.1.0/ecrti.o
                0x020197a8                __fini
 .fini          0x020197b4        0x4 C:/devkitPro/devkitPPC/bin/../lib/gcc/powerpc-eabi/16.1.0/crtbegin.o
 .fini          0x020197b8       0x10 C:/devkitPro/devkitPPC/bin/../lib/gcc/powerpc-eabi/16.1.0/ecrtn.o
                0x10000000                        . = ORIGIN (datamem)

.rodata         0x10000000     0x1a74
 *(.sdata2 .sdata2.* .gnu.linkonce.s2.*)
 .sdata2        0x10000000        0x0 C:/devkitPro/devkitPPC/bin/../lib/gcc/powerpc-eabi/16.1.0/crtbegin.o
                0x10008000                _SDA2_BASE_
 *(.sbss2 .sbss2.* .gnu.linkonce.sb2.*)
 *(.rodata .rodata.* .gnu.linkonce.r.*)
 .rodata.str1.4
                0x10000000      0xafd DrcPairing.o
                                 0x40 (size before relaxing)
 *fill*         0x10000afd        0x3 
 .rodata        0x10000b00       0x10 DrcPairing.o
 .rodata.str1.4
                0x10000b10        0x0 PluginMain.o
                                0x52d (size before relaxing)
 .rodata.cst4   0x10000b10       0x30 PluginMain.o
                                  0xc (size before relaxing)
 .rodata        0x10000b40       0xc0 PluginMain.o
 .rodata._ZL52WUPSConfigItemBoolean_getCurrentValueSelectedDisplayPvPci.str1.4
                0x10000c00        0x0 C:/devkitPro/wups/lib\libwups.a(WUPSConfigItemBoolean.o)
                                  0xf (size before relaxing)
 .rodata._ZL44WUPSConfigItemBoolean_getCurrentValueDisplayPvPci.str1.4
                0x10000c00        0x0 C:/devkitPro/wups/lib\libwups.a(WUPSConfigItemBoolean.o)
                                  0x5 (size before relaxing)
 .rodata.WUPSConfigItemBoolean_CreateEx.str1.4
                0x10000c00        0x0 C:/devkitPro/wups/lib\libwups.a(WUPSConfigItemBoolean.o)
                                  0x3 (size before relaxing)
 .rodata        0x10000c00       0x24 C:/devkitPro/wups/lib\libwups.a(WUPSConfigItemBoolean.o)
 .rodata._ZL59WUPSConfigItemMultipleValues_getCurrentValueSelectedDisplayPvPci.str1.4
                0x10000c24        0x0 C:/devkitPro/wups/lib\libwups.a(WUPSConfigItemMultipleValues.o)
                                 0x1f (size before relaxing)
 .rodata        0x10000c24       0x24 C:/devkitPro/wups/lib\libwups.a(WUPSConfigItemMultipleValues.o)
 .rodata.WUPSConfigAPI_GetVersion.str1.4
                0x10000c48        0x0 C:/devkitPro/wups/lib\libwups.a(config_api.o)
                                 0x31 (size before relaxing)
 .rodata.WUPSConfigAPI_InitLibrary_Internal.str1.4
                0x10000c48        0x0 C:/devkitPro/wups/lib\libwups.a(config_api.o)
                                0x109 (size before relaxing)
 .rodata.__wups_start.str1.4
                0x10000c48        0x0 C:/devkitPro/wups/lib\libwups.a(main.o)
                                 0x38 (size before relaxing)
 .rodata.wut_get_thread_specific.str1.4
                0x10000c48        0x0 C:/devkitPro/wups/lib\libwups.a(main.o)
                                 0x59 (size before relaxing)
 .rodata.abort.str1.4
                0x10000c48        0x0 C:/devkitPro/wups/lib\libwups.a(main.o)
                                 0x47 (size before relaxing)
 .rodata.__assert_func.str1.4
                0x10000c48        0x0 C:/devkitPro/wups/lib\libwups.a(main.o)
                                 0x68 (size before relaxing)
 .rodata.WUPSReentAPI_InitInternal.str1.4
                0x10000c48        0x0 C:/devkitPro/wups/lib\libwups.a(wups_reent.o)
                                 0x1f (size before relaxing)
 .rodata._Z15__wups_getreentv.str1.4
                0x10000c48        0x0 C:/devkitPro/wups/lib\libwups.a(wups_reent.o)
                                 0x38 (size before relaxing)
 .rodata._ZL14sReentPluginId
                0x10000c48        0x4 C:/devkitPro/wups/lib\libwups.a(wups_reent.o)
 .rodata.__init_wut_devoptab.str1.4
                0x10000c4c        0x0 C:/devkitPro/wut/lib\libwut.a(devoptab_fsa.o)
                                 0x33 (size before relaxing)
 .rodata.str1.4
                0x10000c4c        0x0 C:/devkitPro/wut/lib\libwut.a(devoptab_fsa.o)
                                  0x3 (size before relaxing)
 .rodata._ZL18__wut_fsa_devoptab
                0x10000c4c       0x80 C:/devkitPro/wut/lib\libwut.a(devoptab_fsa.o)
 .rodata.__wut_fsa_dirnext.str1.4
                0x10000ccc        0x0 C:/devkitPro/wut/lib\libwut.a(devoptab_fsa_dirnext.o)
                                  0xb (size before relaxing)
 .rodata.__wut_fsa_diropen.str1.4
                0x10000ccc        0x0 C:/devkitPro/wut/lib\libwut.a(devoptab_fsa_diropen.o)
                                  0x3 (size before relaxing)
 .rodata.__wut_fsa_open.str1.4
                0x10000ccc        0x0 C:/devkitPro/wut/lib\libwut.a(devoptab_fsa_open.o)
                                 0x1b (size before relaxing)
 .rodata.__wut_fsa_fixpath.str1.4
                0x10000ccc        0x0 C:/devkitPro/wut/lib\libwut.a(devoptab_fsa_utils.o)
                                  0xb (size before relaxing)
 .rodata.CSWTCH.24
                0x10000ccc       0x42 C:/devkitPro/wut/lib\libwut.a(devoptab_fsa_utils.o)
 .rodata.__wut_fsa_chdir.str1.4
                0x10000d0e        0x0 C:/devkitPro/wut/lib\libwut.a(devoptab_fsa_chdir.o)
                                  0x3 (size before relaxing)
 *fill*         0x10000d0e        0x2 
 .rodata._ZL28read_encoded_value_with_basehjPKhPj
                0x10000d10       0x34 C:/devkitPro/devkitPPC/bin/../lib/gcc/powerpc-eabi/16.1.0/../../../../powerpc-eabi/lib\libstdc++.a(eh_personality.o)
 .rodata._ZNKSt9bad_alloc4whatEv.str1.4
                0x10000d44        0x0 C:/devkitPro/devkitPPC/bin/../lib/gcc/powerpc-eabi/16.1.0/../../../../powerpc-eabi/lib\libstdc++.a(bad_alloc.o)
                                  0xf (size before relaxing)
 .rodata._ZTSSt9bad_alloc
                0x10000d44        0xd C:/devkitPro/devkitPPC/bin/../lib/gcc/powerpc-eabi/16.1.0/../../../../powerpc-eabi/lib\libstdc++.a(bad_alloc.o)
                0x10000d44                typeinfo name for std::bad_alloc
 *fill*         0x10000d51        0x3 
 .rodata._ZTISt9bad_alloc
                0x10000d54        0xc C:/devkitPro/devkitPPC/bin/../lib/gcc/powerpc-eabi/16.1.0/../../../../powerpc-eabi/lib\libstdc++.a(bad_alloc.o)
                0x10000d54                typeinfo for std::bad_alloc
 .rodata._ZTVSt9bad_alloc
                0x10000d60       0x14 C:/devkitPro/devkitPPC/bin/../lib/gcc/powerpc-eabi/16.1.0/../../../../powerpc-eabi/lib\libstdc++.a(bad_alloc.o)
                0x10000d60                vtable for std::bad_alloc
 .rodata._ZNK9__gnu_cxx24__concurrence_lock_error4whatEv.str1.4
                0x10000d74        0x0 C:/devkitPro/devkitPPC/bin/../lib/gcc/powerpc-eabi/16.1.0/../../../../powerpc-eabi/lib\libstdc++.a(eh_alloc.o)
                                 0x24 (size before relaxing)
 .rodata._ZNK9__gnu_cxx26__concurrence_unlock_error4whatEv.str1.4
                0x10000d74        0x0 C:/devkitPro/devkitPPC/bin/../lib/gcc/powerpc-eabi/16.1.0/../../../../powerpc-eabi/lib\libstdc++.a(eh_alloc.o)
                                 0x26 (size before relaxing)
 .rodata._GLOBAL__sub_I__ZN9__gnu_cxx9__freeresEv.str1.4
                0x10000d74        0x0 C:/devkitPro/devkitPPC/bin/../lib/gcc/powerpc-eabi/16.1.0/../../../../powerpc-eabi/lib\libstdc++.a(eh_alloc.o)
                                 0x3c (size before relaxing)
 .rodata._ZTSN9__gnu_cxx24__concurrence_lock_errorE
                0x10000d74       0x27 C:/devkitPro/devkitPPC/bin/../lib/gcc/powerpc-eabi/16.1.0/../../../../powerpc-eabi/lib\libstdc++.a(eh_alloc.o)
                0x10000d74                typeinfo name for __gnu_cxx::__concurrence_lock_error
 *fill*         0x10000d9b        0x1 
 .rodata._ZTIN9__gnu_cxx24__concurrence_lock_errorE
                0x10000d9c        0xc C:/devkitPro/devkitPPC/bin/../lib/gcc/powerpc-eabi/16.1.0/../../../../powerpc-eabi/lib\libstdc++.a(eh_alloc.o)
                0x10000d9c                typeinfo for __gnu_cxx::__concurrence_lock_error
 .rodata._ZTSN9__gnu_cxx26__concurrence_unlock_errorE
                0x10000da8       0x29 C:/devkitPro/devkitPPC/bin/../lib/gcc/powerpc-eabi/16.1.0/../../../../powerpc-eabi/lib\libstdc++.a(eh_alloc.o)
                0x10000da8                typeinfo name for __gnu_cxx::__concurrence_unlock_error
 *fill*         0x10000dd1        0x3 
 .rodata._ZTIN9__gnu_cxx26__concurrence_unlock_errorE
                0x10000dd4        0xc C:/devkitPro/devkitPPC/bin/../lib/gcc/powerpc-eabi/16.1.0/../../../../powerpc-eabi/lib\libstdc++.a(eh_alloc.o)
                0x10000dd4                typeinfo for __gnu_cxx::__concurrence_unlock_error
 .rodata._ZTVN9__gnu_cxx24__concurrence_lock_errorE
                0x10000de0       0x14 C:/devkitPro/devkitPPC/bin/../lib/gcc/powerpc-eabi/16.1.0/../../../../powerpc-eabi/lib\libstdc++.a(eh_alloc.o)
                0x10000de0                vtable for __gnu_cxx::__concurrence_lock_error
 .rodata._ZTVN9__gnu_cxx26__concurrence_unlock_errorE
                0x10000df4       0x14 C:/devkitPro/devkitPPC/bin/../lib/gcc/powerpc-eabi/16.1.0/../../../../powerpc-eabi/lib\libstdc++.a(eh_alloc.o)
                0x10000df4                vtable for __gnu_cxx::__concurrence_unlock_error
 .rodata._ZTSSt9exception
                0x10000e08        0xd C:/devkitPro/devkitPPC/bin/../lib/gcc/powerpc-eabi/16.1.0/../../../../powerpc-eabi/lib\libstdc++.a(eh_exception.o)
                0x10000e08                typeinfo name for std::exception
 *fill*         0x10000e15        0x3 
 .rodata._ZTSN10__cxxabiv115__forced_unwindE
                0x10000e18       0x20 C:/devkitPro/devkitPPC/bin/../lib/gcc/powerpc-eabi/16.1.0/../../../../powerpc-eabi/lib\libstdc++.a(eh_exception.o)
                0x10000e18                typeinfo name for __cxxabiv1::__forced_unwind
 .rodata._ZTSN10__cxxabiv119__foreign_exceptionE
                0x10000e38       0x24 C:/devkitPro/devkitPPC/bin/../lib/gcc/powerpc-eabi/16.1.0/../../../../powerpc-eabi/lib\libstdc++.a(eh_exception.o)
                0x10000e38                typeinfo name for __cxxabiv1::__foreign_exception
 .rodata._ZTSN10__cxxabiv120__si_class_type_infoE
                0x10000e5c       0x25 C:/devkitPro/devkitPPC/bin/../lib/gcc/powerpc-eabi/16.1.0/../../../../powerpc-eabi/lib\libstdc++.a(si_class_type_info.o)
                0x10000e5c                typeinfo name for __cxxabiv1::__si_class_type_info
 *fill*         0x10000e81        0x3 
 .rodata._ZTIN10__cxxabiv120__si_class_type_infoE
                0x10000e84        0xc C:/devkitPro/devkitPPC/bin/../lib/gcc/powerpc-eabi/16.1.0/../../../../powerpc-eabi/lib\libstdc++.a(si_class_type_info.o)
                0x10000e84                typeinfo for __cxxabiv1::__si_class_type_info
 .rodata._ZTVN10__cxxabiv120__si_class_type_infoE
                0x10000e90       0x2c C:/devkitPro/devkitPPC/bin/../lib/gcc/powerpc-eabi/16.1.0/../../../../powerpc-eabi/lib\libstdc++.a(si_class_type_info.o)
                0x10000e90                vtable for __cxxabiv1::__si_class_type_info
 .rodata._ZTSSt9type_info
                0x10000ebc        0xd C:/devkitPro/devkitPPC/bin/../lib/gcc/powerpc-eabi/16.1.0/../../../../powerpc-eabi/lib\libstdc++.a(tinfo.o)
                0x10000ebc                typeinfo name for std::type_info
 *fill*         0x10000ec9        0x3 
 .rodata._ZTSSt11logic_error
                0x10000ecc       0x10 C:/devkitPro/devkitPPC/bin/../lib/gcc/powerpc-eabi/16.1.0/../../../../powerpc-eabi/lib\libstdc++.a(stdexcept.o)
                0x10000ecc                typeinfo name for std::logic_error
 .rodata._ZTISt11logic_error
                0x10000edc        0xc C:/devkitPro/devkitPPC/bin/../lib/gcc/powerpc-eabi/16.1.0/../../../../powerpc-eabi/lib\libstdc++.a(stdexcept.o)
                0x10000edc                typeinfo for std::logic_error
 .rodata._ZTSSt12length_error
                0x10000ee8       0x11 C:/devkitPro/devkitPPC/bin/../lib/gcc/powerpc-eabi/16.1.0/../../../../powerpc-eabi/lib\libstdc++.a(stdexcept.o)
                0x10000ee8                typeinfo name for std::length_error
 *fill*         0x10000ef9        0x3 
 .rodata._ZTISt12length_error
                0x10000efc        0xc C:/devkitPro/devkitPPC/bin/../lib/gcc/powerpc-eabi/16.1.0/../../../../powerpc-eabi/lib\libstdc++.a(stdexcept.o)
                0x10000efc                typeinfo for std::length_error
 .rodata._ZTVSt11logic_error
                0x10000f08       0x14 C:/devkitPro/devkitPPC/bin/../lib/gcc/powerpc-eabi/16.1.0/../../../../powerpc-eabi/lib\libstdc++.a(stdexcept.o)
                0x10000f08                vtable for std::logic_error
 .rodata._ZTVSt12length_error
                0x10000f1c       0x14 C:/devkitPro/devkitPPC/bin/../lib/gcc/powerpc-eabi/16.1.0/../../../../powerpc-eabi/lib\libstdc++.a(stdexcept.o)
                0x10000f1c                vtable for std::length_error
 .rodata._ZNSt11logic_errorC2EPKc.str1.4
                0x10000f30        0x0 C:/devkitPro/devkitPPC/bin/../lib/gcc/powerpc-eabi/16.1.0/../../../../powerpc-eabi/lib\libstdc++.a(cow-stdexcept.o)
                                 0x2a (size before relaxing)
 .rodata._ZNSs4_Rep9_S_createEjjRKSaIcE.str1.4
                0x10000f30        0x0 C:/devkitPro/devkitPPC/bin/../lib/gcc/powerpc-eabi/16.1.0/../../../../powerpc-eabi/lib\libstdc++.a(cow-string-inst.o)
                                 0x18 (size before relaxing)
 .rodata._ZTSN10__cxxabiv117__class_type_infoE
                0x10000f30       0x22 C:/devkitPro/devkitPPC/bin/../lib/gcc/powerpc-eabi/16.1.0/../../../../powerpc-eabi/lib\libstdc++.a(class_type_info.o)
                0x10000f30                typeinfo name for __cxxabiv1::__class_type_info
 *fill*         0x10000f52        0x2 
 .rodata._ZTIN10__cxxabiv117__class_type_infoE
                0x10000f54        0xc C:/devkitPro/devkitPPC/bin/../lib/gcc/powerpc-eabi/16.1.0/../../../../powerpc-eabi/lib\libstdc++.a(class_type_info.o)
                0x10000f54                typeinfo for __cxxabiv1::__class_type_info
 .rodata._ZTVN10__cxxabiv117__class_type_infoE
                0x10000f60       0x2c C:/devkitPro/devkitPPC/bin/../lib/gcc/powerpc-eabi/16.1.0/../../../../powerpc-eabi/lib\libstdc++.a(class_type_info.o)
                0x10000f60                vtable for __cxxabiv1::__class_type_info
 .rodata.read_encoded_value
                0x10000f8c       0x34 C:/devkitPro/devkitPPC/bin/../lib/gcc/powerpc-eabi/16.1.0\libgcc.a(unwind-dw2.o)
 .rodata.execute_stack_op
                0x10000fc0      0x140 C:/devkitPro/devkitPPC/bin/../lib/gcc/powerpc-eabi/16.1.0\libgcc.a(unwind-dw2.o)
 .rodata.uw_update_context_1
                0x10001100       0x18 C:/devkitPro/devkitPPC/bin/../lib/gcc/powerpc-eabi/16.1.0\libgcc.a(unwind-dw2.o)
 .rodata.execute_cfa_program_specialized
                0x10001118       0xc0 C:/devkitPro/devkitPPC/bin/../lib/gcc/powerpc-eabi/16.1.0\libgcc.a(unwind-dw2.o)
 .rodata.execute_cfa_program_generic
                0x100011d8       0xc0 C:/devkitPro/devkitPPC/bin/../lib/gcc/powerpc-eabi/16.1.0\libgcc.a(unwind-dw2.o)
 .rodata.read_encoded_value_with_base
                0x10001298       0x34 C:/devkitPro/devkitPPC/bin/../lib/gcc/powerpc-eabi/16.1.0\libgcc.a(unwind-dw2-fde.o)
 .rodata.terminator.0
                0x100012cc        0x8 C:/devkitPro/devkitPPC/bin/../lib/gcc/powerpc-eabi/16.1.0\libgcc.a(unwind-dw2-fde.o)
 .rodata.str1.4
                0x100012d4        0x0 C:/devkitPro/devkitPPC/bin/../lib/gcc/powerpc-eabi/16.1.0/../../../../powerpc-eabi/lib\libsysbase.a(libsysbase_libsysbase_a-iosupport.o)
                                  0x8 (size before relaxing)
 .rodata.dotab_stdnull
                0x100012d4       0x80 C:/devkitPro/devkitPPC/bin/../lib/gcc/powerpc-eabi/16.1.0/../../../../powerpc-eabi/lib\libsysbase.a(libsysbase_libsysbase_a-iosupport.o)
                0x100012d4                dotab_stdnull
 .rodata.get_arg
                0x10001354       0xb0 C:/devkitPro/devkitPPC/bin/../lib/gcc/powerpc-eabi/16.1.0/../../../../powerpc-eabi/lib\libc.a(libc_a-svfprintf.o)
 .rodata._svfprintf_r.str1.1
                0x10001404       0x3b C:/devkitPro/devkitPPC/bin/../lib/gcc/powerpc-eabi/16.1.0/../../../../powerpc-eabi/lib\libc.a(libc_a-svfprintf.o)
 *fill*         0x1000143f        0x1 
 .rodata._svfprintf_r
                0x10001440      0x16c C:/devkitPro/devkitPPC/bin/../lib/gcc/powerpc-eabi/16.1.0/../../../../powerpc-eabi/lib\libc.a(libc_a-svfprintf.o)
 .rodata.zeroes.0
                0x100015ac       0x10 C:/devkitPro/devkitPPC/bin/../lib/gcc/powerpc-eabi/16.1.0/../../../../powerpc-eabi/lib\libc.a(libc_a-svfprintf.o)
 .rodata.blanks.1
                0x100015bc       0x10 C:/devkitPro/devkitPPC/bin/../lib/gcc/powerpc-eabi/16.1.0/../../../../powerpc-eabi/lib\libc.a(libc_a-svfprintf.o)
 .rodata.cst4   0x100015cc        0x0 C:/devkitPro/devkitPPC/bin/../lib/gcc/powerpc-eabi/16.1.0/../../../../powerpc-eabi/lib\libc.a(libc_a-svfprintf.o)
                                 0x14 (size before relaxing)
 *fill*         0x100015cc        0x4 
 .rodata.cst8   0x100015d0       0x20 C:/devkitPro/devkitPPC/bin/../lib/gcc/powerpc-eabi/16.1.0/../../../../powerpc-eabi/lib\libc.a(libc_a-svfprintf.o)
                                  0x8 (size before relaxing)
 .rodata._ctype_
                0x100015f0      0x101 C:/devkitPro/devkitPPC/bin/../lib/gcc/powerpc-eabi/16.1.0/../../../../powerpc-eabi/lib\libc.a(libc_a-ctype_.o)
                0x100015f0                _ctype_
 .rodata.cst4   0x100016f1        0x0 C:/devkitPro/devkitPPC/bin/../lib/gcc/powerpc-eabi/16.1.0/../../../../powerpc-eabi/lib\libc.a(libm_a-s_frexp.o)
                                  0x4 (size before relaxing)
 *fill*         0x100016f1        0x3 
 .rodata.__action_table
                0x100016f4       0x6c C:/devkitPro/devkitPPC/bin/../lib/gcc/powerpc-eabi/16.1.0/../../../../powerpc-eabi/lib\libc.a(libc_a-svfiprintf.o)
                0x100016f4                __action_table
 .rodata.__state_table
                0x10001760       0x6c C:/devkitPro/devkitPPC/bin/../lib/gcc/powerpc-eabi/16.1.0/../../../../powerpc-eabi/lib\libc.a(libc_a-svfiprintf.o)
                0x10001760                __state_table
 .rodata.__chclass
                0x100017cc      0x100 C:/devkitPro/devkitPPC/bin/../lib/gcc/powerpc-eabi/16.1.0/../../../../powerpc-eabi/lib\libc.a(libc_a-svfiprintf.o)
                0x100017cc                __chclass
 .rodata.str1.4
                0x100018cc        0x0 C:/devkitPro/devkitPPC/bin/../lib/gcc/powerpc-eabi/16.1.0/../../../../powerpc-eabi/lib\libc.a(libc_a-locale.o)
                                 0x4c (size before relaxing)
 .rodata._dtoa_r.str1.4
                0x100018cc        0x0 C:/devkitPro/devkitPPC/bin/../lib/gcc/powerpc-eabi/16.1.0/../../../../powerpc-eabi/lib\libc.a(libc_a-dtoa.o)
                                 0x9c (size before relaxing)
 .rodata.cst4   0x100018cc        0x0 C:/devkitPro/devkitPPC/bin/../lib/gcc/powerpc-eabi/16.1.0/../../../../powerpc-eabi/lib\libc.a(libc_a-dtoa.o)
                                 0x24 (size before relaxing)
 .rodata.cst8   0x100018cc        0x0 C:/devkitPro/devkitPPC/bin/../lib/gcc/powerpc-eabi/16.1.0/../../../../powerpc-eabi/lib\libc.a(libc_a-dtoa.o)
                                 0x18 (size before relaxing)
 .rodata.__multadd.str1.4
                0x100018cc        0x0 C:/devkitPro/devkitPPC/bin/../lib/gcc/powerpc-eabi/16.1.0/../../../../powerpc-eabi/lib\libc.a(libc_a-mprec.o)
                                 0x89 (size before relaxing)
 .rodata.p05.0  0x100018cc        0xc C:/devkitPro/devkitPPC/bin/../lib/gcc/powerpc-eabi/16.1.0/../../../../powerpc-eabi/lib\libc.a(libc_a-mprec.o)
 .rodata.__mprec_bigtens