         w __syscall_tls_create
         w __syscall_tls_delete
         w __syscall_tls_get
         w __syscall_tls_set
         w __wut_socket_fini_devoptab
         w __wut_socket_init_devoptab
         w socket_lib_init
02000000 T __init
02000024 000000a4 W abort
020000d8 00000024 T std::terminate()
020000fc 00000024 T std::unexpected()
02000120 00000058 T std::__throw_logic_error(char const*)
02000178 00000058 T std::__throw_length_error(char const*)
020001d0 00000034 W __gnu_cxx::__throw_concurrence_lock_error()
02000204 00000034 W __gnu_cxx::__throw_concurrence_unlock_error()
02000238 00000058 T __cxa_call_terminate
02000290 00000010 t _GLOBAL__sub_D_wups_meta_name
020002a0 00000014 t _GLOBAL__sub_D__ZN9__gnu_cxx9__freeresEv
020002b4 00000040 t _GLOBAL__sub_D__ZN17__eh_globals_init7_S_initE
020002f4 00000010 t _GLOBAL__sub_I_wups_meta_name
02000304 00000258 t _GLOBAL__sub_I__ZN9__gnu_cxx9__freeresEv
0200055c 00000040 t _GLOBAL__sub_I__ZN17__eh_globals_init7_S_initE
0200059c t __do_global_dtors_aux
02000668 t frame_dummy
0200068c 00000014 T DrcPairing::DrcPairing()
0200068c 00000014 T DrcPairing::DrcPairing()
020006b0 00000020 T DrcPairing::~DrcPairing()
020006b0 00000020 T DrcPairing::~DrcPairing()
020006e0 000000ac T DrcPairing::startPairing(unsigned int)
020007ac 0000003c T DrcPairing::stopPairing()
020007f8 00000080 T DrcPairing::getState()
02000898 00000478 T DrcPairing::getPinSymbols[abi:cxx11]() const
02000d10 00000004 T on_init_wut_stdcpp()
02000d14 00000078 t (anonymous namespace)::my_GX2GetSystemDRCMode()
02000d8c 0000007c t (anonymous namespace)::my_GX2CalcDRCSize(GX2DrcRenderMode, GX2SurfaceFormat, GX2BufferingMode, unsigned int*, unsigned int*)
02000e08 0000007c t (anonymous namespace)::my_GX2SetDRCBuffer(void*, unsigned int, GX2DrcRenderMode, GX2SurfaceFormat, GX2BufferingMode)
02000e84 00000080 t (anonymous namespace)::my_WPADProbe(WPADChan, WPADExtensionType*)
02000f04 0000007c t (anonymous namespace)::my_WPADSetDataFormat(WPADChan, WPADDataFormat)
02000f80 00000078 t (anonymous namespace)::my_WPADGetDataFormat(WPADChan)
02000ff8 00000080 t (anonymous namespace)::my_WPADGetBatteryLevel(WPADChan)
02001078 0000001c t (anonymous namespace)::ReloadMenu_onInput(void*, WUPSConfigSimplePadData)
02001094 00000020 t (anonymous namespace)::StaticText_getCurrentValueDisplay(void*, char*, int)
020010b4 00000004 T on_init_wut_malloc()
020010b8 00000004 T on_fini_wut_malloc()
020010bc 00000014 T on_init_wut_sockets()
020010d0 00000014 T on_fini_wut_sockets()
020010e4 00000004 T on_init_wut_newlib()
020010e8 00000004 T on_fini_wut_newlib()
020010ec 00000004 T on_init_wut_thread()
020010f0 00000040 T __init_wrapper()
02001140 00000004 T __fini_wrapper()
02001144 00000038 T wups_init_config_functions(wups_loader_init_config_args_t)
0200117c 00000034 T wups_init_button_combo_functions(wups_loader_init_button_combo_args_t_)
020011b0 00000040 T wups_init_reent_functions(wups_loader_init_reent_args_t_)
020011f0 00000004 T on_init_wut_devoptab()
020011f4 00000004 T on_fini_wut_devoptab()
020011f8 00000034 T init_storage(wups_loader_init_storage_args_t_)
0200122c 000001ac t (anonymous namespace)::my_GX2CopyColorBufferToScanBuffer(GX2ColorBuffer const*, GX2ScanTarget)
02001408 000000c4 t (anonymous namespace)::SaveSettingsToStorage()
020014cc 00000410 t (anonymous namespace)::my_VPADRead(VPADChan, VPADStatus*, unsigned int, VPADReadError*)
020018dc 0000000c t (anonymous namespace)::PerformanceModeChanged(ConfigItemBoolean*, bool)
020018e8 0000000c t (anonymous namespace)::VideoFeedModeChanged(ConfigItemMultipleValues*, unsigned int)
020018f4 0000000c t (anonymous namespace)::ControllerModeChanged(ConfigItemMultipleValues*, unsigned int)
02001900 00000038 t (anonymous namespace)::PairNow_getCurrentValueSelectedDisplay(void*, char*, int)
02001938 00000038 t (anonymous namespace)::PairNow_getCurrentValueDisplay(void*, char*, int)
02001970 00000114 t (anonymous namespace)::PairStatus_getCurrentValueDisplay(void*, char*, int)
02001a84 00000008 T on_release_foreground()
02001a9c 0000005c t (anonymous namespace)::my_GX2SetDRCEnable(int)
02001af8 00000094 t (anonymous namespace)::my_WPADGetInfoAsync(WPADChan, WPADInfo*, void (*)(WPADChan, WPADError))
02001b8c 0000019c t (anonymous namespace)::my_VPADControlMotor(VPADChan, unsigned char*, unsigned char)
02001d28 000000c8 t (anonymous namespace)::my_WPADControlMotor(WPADChan, int)
02001df0 00000080 t (anonymous namespace)::my_VPADStopMotor(VPADChan)
02001e70 00000388 t (anonymous namespace)::BuildSyntheticKpadFromDrc1(KPADStatus*) [clone .part.0]
02002208 00000134 t (anonymous namespace)::my_KPADReadEx(WPADChan, KPADStatus*, unsigned int, KPADError*)
0200233c 00000004 t (anonymous namespace)::my_KPADReadExHomeMenu(WPADChan, KPADStatus*, unsigned int, KPADError*)
02002340 000000a8 t (anonymous namespace)::ApplyDualDrcMode(bool) [clone .part.0]
02002418 0000007c t (anonymous namespace)::PluginEnabledChanged(ConfigItemBoolean*, bool)
020024a4 00000014 T on_app_starting()
020024b8 0000003c t (anonymous namespace)::PairNow_onInput(void*, WUPSConfigSimplePadData)
020024f4 00000060 t (anonymous namespace)::ConfigMenuClosedCallback()
02002564 000000b0 t (anonymous namespace)::Pin_getCurrentValueDisplay(void*, char*, int)
02002614 00000004 t (anonymous namespace)::Pin_getCurrentValueSelectedDisplay(void*, char*, int)
02002618 00000004 T on_fini_wut_stdcpp()
0200261c 00000038 t (anonymous namespace)::ReloadMenu_getCurrentValueDisplay(void*, char*, int)
02002654 00000038 t (anonymous namespace)::ReloadMenu_getCurrentValueSelectedDisplay(void*, char*, int)
0200268c 00000020 t (anonymous namespace)::StaticText_getCurrentValueSelectedDisplay(void*, char*, int)
020026ac 00000094 t (anonymous namespace)::my_WPADGetInfo(WPADChan, WPADInfo*)
02002740 00000014 T on_acquired_foreground()
02002754 00000114 t (anonymous namespace)::my_KPADRead(WPADChan, KPADStatus*, unsigned int)
02002868 00000004 t (anonymous namespace)::my_KPADReadHomeMenu(WPADChan, KPADStatus*, unsigned int)
0200286c 00000068 T deinit_plugin()
020028e4 0000022c T init_plugin()
02002b20 000005a0 t (anonymous namespace)::ConfigMenuOpenedCallback(WUPSConfigCategoryHandle)
020030c0 00000114 t (anonymous namespace)::PairStatus_getCurrentValueSelectedDisplay(void*, char*, int)
020031d4 00000024 t WUPSConfigItemBoolean_onCloseCallback(void*)
020031f8 0000000c t WUPSConfigItemBoolean_restoreDefault(void*)
02003204 00000074 t WUPSConfigItemBoolean_getCurrentValueSelectedDisplay(void*, char*, int)
02003278 00000074 t WUPSConfigItemBoolean_getCurrentValueDisplay(void*, char*, int)
020032ec 00000068 t WUPSConfigItemBoolean_onInput(void*, WUPSConfigSimplePadData)
02003354 00000044 t WUPSConfigItemBoolean_onDelete(void*)
02003398 000001a0 T WUPSConfigItemBoolean_CreateEx
02003538 000000a4 T WUPSConfigItemBoolean_AddToCategoryEx
020035dc 0000004c t WUPSConfigItemMultipleValues_onCloseCallback(void*)
02003628 0000005c t WUPSConfigItemMultipleValues_onInput(void*, WUPSConfigSimplePadData)
02003684 0000000c t WUPSConfigItemMultipleValues_restoreDefault(void*)
02003690 000000f4 t WUPSConfigItemMultipleValues_getCurrentValueSelectedDisplay(void*, char*, int)
02003784 00000070 t WUPSConfigItemMultipleValues_getCurrentValueDisplay(void*, char*, int)
020037f4 00000088 t WUPSConfigItemMultipleValues_onDelete(void*)
0200387c 000002a4 T WUPSConfigItemMultipleValues_Create
02003b20 000000a4 T WUPSConfigItemMultipleValues_AddToCategory
02003bc4 000000c4 T WUPSButtonComboAPI_InitInternal
02003c88 000000b4 T WUPSConfigAPI_GetVersion
02003d5c 00000250 T WUPSConfigAPI_InitLibrary_Internal
02003fcc 000000ac T WUPSConfigAPI_Init
02004078 00000080 T WUPSConfigAPI_Category_CreateEx
020040f8 00000078 T WUPSConfigAPI_Category_Destroy
02004170 0000008c T WUPSConfigAPI_Category_AddCategory
020041fc 0000008c T WUPSConfigAPI_Category_AddItem
02004288 0000009c T WUPSConfigAPI_Item_CreateEx
02004324 00000078 T WUPSConfigAPI_Item_Destroy
0200439c 0000000c T __wups_start
020043b8 00000060 W __init_wut_socket
02004418 0000005c W __fini_wut_socket
02004474 00000004 T __getreent
02004478 0000005c W wut_get_thread_specific
020044f4 00000134 W __assert_func
02004638 000000a4 T WUPSStorageAPI_InitInternal
020046dc 00000034 T WUPSStorageAPI_SaveStorage
02004710 00000048 T WUPSStorageAPI_StoreItem
02004758 0000005c T WUPSStorageAPI_GetItem
020047b4 0000004c t reclaim_reent_trampoline(void*)
02004800 00000034 T WUPSReentAPI_InitInternal
02004844 000001a8 T __wups_getreent()
02004a0c 00000014 T __init_wut_newlib
02004a20 00000004 T __fini_wut_newlib
02004a24 00000078 T __fini_wut_sbrk_heap
02004aac 0000002c t __wut_cond_alarmcb
02004af8 00000030 T __init_wut_thread
02004b38 000000ac T __syscall_lock_acquire
02004c24 000000ac T __syscall_lock_release
02004d10 000000ac T __syscall_lock_acquire_recursive
02004dfc 000000ac T __syscall_lock_release_recursive
02004ee8 000000c4 T __syscall_cond_broadcast
02004fec 000002cc T __syscall_cond_wait
02005358 00000004 T __init_wut_malloc
0200535c 00000004 T __fini_wut_malloc
02005360 0000006c T _malloc_r
020053cc 00000018 T _free_r
020053e4 000000e0 T _realloc_r
020054d4 0000009c T _calloc_r
02005570 00000070 T _memalign_r
020055e0 000001bc T __init_wut_devoptab
020057ec 0000008c T __fini_wut_devoptab
02005898 000000a0 T __wut_fsa_dirclose
02005968 000001ac T __wut_fsa_dirnext
02005b44 0000017c T __wut_fsa_diropen
02005d00 000000a0 T __wut_fsa_dirreset
02005dd0 000000d4 T __wut_fsa_fstat
02005ed4 0000009c T __wut_fsa_fsync
02005fa0 000000e0 T __wut_fsa_mkdir
02006090 000004cc T __wut_fsa_open
020065cc 000001bc T __wut_fsa_read
020067b8 00000114 T __wut_fsa_rename
020068dc 000000c4 T __wut_fsa_rmdir
020069b0 00000188 T __wut_fsa_seek
02006b78 00000118 T __wut_fsa_stat
02006ca0 00000168 T __wut_fsa_statvfs
02006e18 000000c8 T __wut_fsa_ftruncate
02006f20 000000c4 T __wut_fsa_unlink
02006ff4 00000040 T __wut_fsa_hashstring
02007034 00000368 T __wut_fsa_fixpath
0200739c 0000007c T __wut_fsa_translate_stat_mode
02007418 00000144 T __wut_fsa_translate_stat
0200755c 00000028 T __wut_fsa_translate_error
02007584 000001d4 T __wut_fsa_write
02007788 0000011c T __wut_fsa_chdir
020078b4 000000e0 T __wut_fsa_chmod
020079a4 0000009c T __wut_fsa_close
02007a70 00000004 T operator delete(void*, unsigned int)
02007a74 00000098 t get_adjusted_ptr(std::type_info const*, std::type_info const*, void**)
02007b0c 0000013c t read_encoded_value_with_base(unsigned char, unsigned int, unsigned char const*, unsigned int*)
02007c48 00000060 t base_of_encoded_value(unsigned char, _Unwind_Context*)
02007ca8 00000120 t parse_lsda_header(_Unwind_Context*, unsigned char const*, lsda_header_info*)
02007dc8 00000138 t check_exception_spec(lsda_header_info*, std::type_info const*, void*, long)
02007f00 000008f0 T __gxx_personality_v0
020087f0 00000020 T __cxxabiv1::__terminate(void (*)())
02008810 00000018 T __cxxabiv1::__unexpected(void (*)())
02008828 00000018 T std::get_terminate()
02008840 00000018 T std::get_unexpected()
02008858 00000080 t __gxx_exception_cleanup(_Unwind_Reason_Code, _Unwind_Exception*)
020088d8 00000098 T __cxa_throw
02008970 00000080 T operator new(unsigned int)
020089f0 0000000c T std::bad_alloc::what() const
020089fc 00000010 T std::bad_alloc::~bad_alloc()
020089fc 00000010 T std::bad_alloc::~bad_alloc()
02008a0c 00000040 T std::bad_alloc::~bad_alloc()
02008a4c 00000004 T operator delete(void*)
02008a50 0000000c W __gnu_cxx::__concurrence_lock_error::what() const
02008a5c 0000000c W __gnu_cxx::__concurrence_unlock_error::what() const
02008a68 00000010 W __gnu_cxx::__concurrence_lock_error::~__concurrence_lock_error()
02008a68 00000010 W __gnu_cxx::__concurrence_lock_error::~__concurrence_lock_error()
02008a78 00000040 W __gnu_cxx::__concurrence_lock_error::~__concurrence_lock_error()
02008ab8 00000010 W __gnu_cxx::__concurrence_unlock_error::~__concurrence_unlock_error()
02008ab8 00000010 W __gnu_cxx::__concurrence_unlock_error::~__concurrence_unlock_error()
02008ac8 00000040 W __gnu_cxx::__concurrence_unlock_error::~__concurrence_unlock_error()
02008b08 0000012c t (anonymous namespace)::pool::free(void*) [clone .constprop.0]
02008c34 000000f4 t (anonymous namespace)::pool::allocate(unsigned int) [clone .constprop.0]
02008d28 00000068 T __cxa_allocate_exception
02008d90 00000030 T __cxa_free_exception
02008dc0 000000c8 T __cxa_begin_catch
02008e88 00000004 T std::exception::~exception()
02008e88 00000004 T std::exception::~exception()
02008e8c 00000068 t eh_globals_dtor(void*)
02008ef4 00000090 T __cxa_get_globals
02008f84 00000018 T std::get_new_handler()
02008f9c 00000010 T __cxxabiv1::__si_class_type_info::~__si_class_type_info()
02008f9c 00000010 T __cxxabiv1::__si_class_type_info::~__si_class_type_info()
02008fac 00000040 T __cxxabiv1::__si_class_type_info::~__si_class_type_info()
02008fec 0000021c T __cxxabiv1::__si_class_type_info::__do_dyncast(int, __cxxabiv1::__class_type_info::__sub_kind, __cxxabiv1::__class_type_info const*, void const*, __cxxabiv1::__class_type_info const*, void const*, __cxxabiv1::__class_type_info::__dyncast_result&) const
02009208 00000140 T __cxxabiv1::__si_class_type_info::__do_find_public_src(int, void const*, __cxxabiv1::__class_type_info const*, void const*) const
02009348 00000094 T __cxxabiv1::__si_class_type_info::__do_upcast(__cxxabiv1::__class_type_info const*, void const*, __cxxabiv1::__class_type_info::__upcast_result&) const
020093dc 00000004 T std::type_info::~type_info()
020093dc 00000004 T std::type_info::~type_info()
020093e0 00000008 T std::type_info::__is_pointer_p() const
020093e0 00000008 T std::type_info::__is_function_p() const
020093e8 00000008 T std::logic_error::what() const
020093e8 00000008 T std::runtime_error::what() const
020093f0 00000084 T std::logic_error::~logic_error()
020093f0 00000084 T std::logic_error::~logic_error()
02009474 00000084 T std::length_error::~length_error()
02009474 00000084 T std::length_error::~length_error()
020094f8 00000088 T std::logic_error::~logic_error()
02009580 00000088 T std::length_error::~length_error()
02009608 00000114 T std::logic_error::logic_error(char const*)
02009608 00000114 T std::logic_error::logic_error(char const*)
0200971c 00000038 T std::length_error::length_error(char const*)
0200971c 00000038 T std::length_error::length_error(char const*)
02009754 000000dc W std::string::_Rep::_S_create(unsigned int, unsigned int, std::allocator<char> const&)
02009830 00000004 W std::string::_Rep::_M_destroy(std::allocator<char> const&)
02009834 00000018 T __cxxabiv1::__class_type_info::__do_find_public_src(int, void const*, __cxxabiv1::__class_type_info const*, void const*) const
0200984c 00000010 T __cxxabiv1::__class_type_info::~__class_type_info()
0200984c 00000010 T __cxxabiv1::__class_type_info::~__class_type_info()
0200985c 00000040 T __cxxabiv1::__class_type_info::~__class_type_info()
0200989c 00000098 T __cxxabiv1::__class_type_info::__do_upcast(__cxxabiv1::__class_type_info const*, void const*, __cxxabiv1::__class_type_info::__upcast_result&) const
02009934 00000134 T __cxxabiv1::__class_type_info::__do_dyncast(int, __cxxabiv1::__class_type_info::__sub_kind, __cxxabiv1::__class_type_info const*, void const*, __cxxabiv1::__class_type_info const*, void const*, __cxxabiv1::__class_type_info::__dyncast_result&) const
02009a68 000000f8 T __cxxabiv1::__class_type_info::__do_upcast(__cxxabiv1::__class_type_info const*, void**) const
02009b60 00000134 T __cxxabiv1::__class_type_info::__do_catch(std::type_info const*, void**, unsigned int) const
02009c94 00000448 T __divdi3
0200a0dc 000003c4 T __udivdi3
0200a4a0 000001d0 t init_dwarf_reg_size_table
0200a670 000001b8 t uw_install_context_1
0200a828 00000184 t read_encoded_value
0200a9ac 00000898 t execute_stack_op
0200b244 0000037c t uw_update_context_1
0200b5c0 00000910 t execute_cfa_program_specialized
0200bed0 00000974 t execute_cfa_program_generic
0200c844 000004ec t uw_frame_state_for
0200cd30 000002d0 t uw_init_context_1
0200d000 000001cc t _Unwind_RaiseException_Phase2
0200d1cc 000001f0 t _Unwind_ForcedUnwind_Phase2
0200d3bc 00000064 T _Unwind_SetGR
0200d420 00000014 T _Unwind_GetIPInfo
0200d434 00000008 T _Unwind_SetIP
0200d43c 00000008 T _Unwind_GetLanguageSpecificData
0200d444 00000008 T _Unwind_GetRegionStart
0200d44c 00000008 T _Unwind_GetDataRelBase
0200d454 00000008 T _Unwind_GetTextRelBase
0200d45c 00000004 t _Unwind_DebugHook
0200d460 0000038c T _Unwind_RaiseException
0200d7ec 000001dc T _Unwind_Resume
0200d9c8 0000001c T _Unwind_DeleteException
0200d9e4 00000020 t fde_unencoded_compare
0200da04 00000074 t fde_unencoded_extract
0200da78 00000110 t frame_downheap
0200db88 0000013c t read_encoded_value_with_base
0200dcc4 000002a0 t fde_radixsort
0200df64 0000014c t __deregister_frame_info_bases.part.0
0200e0b0 0000015c t get_cie_encoding
0200e20c 000000fc t fde_mixed_encoding_extract
0200e308 0000020c t classify_object_over_fdes.constprop.0
0200e514 00000104 t fde_single_encoding_extract
0200e618 000000cc t fde_single_encoding_compare
0200e6e4 00000144 t fde_mixed_encoding_compare
0200e828 000002ac t add_fdes.isra.0
0200ead4 00000350 t linear_search_fdes
0200ee24 000006ac t search_object
0200f4d0 00000088 T __register_frame_info
0200f558 00000020 T __deregister_frame_info
0200f578 00000248 T _Unwind_Find_FDE
0200f7c0 000001b8 T chdir
0200f978 0000027c T _concatenate_path
0200fbf4 00000008 t null_write
0200fbfc 00000018 T setDefaultDevice
0200fc14 00000108 T FindDevice
0200fd1c 00000040 T RemoveDevice
0200fd5c 000000f4 T AddDevice
0200fe50 00000080 T pthread_mutex_lock
0200fed0 00000080 T pthread_mutex_unlock
0200ff50 000000fc T pthread_once
0201004c 0000002c T pthread_key_create
02010078 0000001c T pthread_setspecific
02010094 0000001c T pthread_getspecific
020100b0 0000001c T pthread_key_delete
020100cc 00000014 T __libc_lock_acquire
020100e0 00000014 T __libc_lock_release
020100f4 00000014 T __libc_lock_acquire_recursive
02010108 00000014 T __libc_lock_release_recursive
0201011c 0000001c T __libc_cond_broadcast
02010138 0000001c T __libc_cond_wait
02010154 00000038 T getenv
0201018c 0000014c T memcpy
020102d8 00000080 T strlen
02010358 0000008c T strcpy
020103e4 00000040 T memalign
02010424 00000130 T snprintf
02010554 00000148 T memchr
0201069c 00000218 t _strtoul_l.isra.0
020108b4 00000064 T strtoul
02010918 00000154 T strchr
02010a6c 00000124 T memcmp
02010b90 00000040 T calloc
02010bd0 00000180 T memset
02010d50 00000104 T strncpy
02010e54 0000009c T strcmp
02010ef0 00000058 T malloc
02010f48 00000030 T free
02010f78 00000078 T strrchr
02010ff0 0000013c T _findenv_r
0201112c 00000254 T memmove
02011380 00000030 T strdup
020113b0 0000010c T _reclaim_reent
020114bc 000007bc t get_arg
02011c78 000039f8 T _svfprintf_r
02015670 000000c0 T strnlen
02015730 000000c8 T strncmp
020157f8 00000090 T frexp
02015888 0000000c T __env_lock
02015894 0000000c T __env_unlock
020158a0 00000070 T _strdup_r
02015910 00000104 T _wcrtomb_r
02015a14 0000010c T __ssprint_r
02015b20 0000004c T __locale_mb_cur_max
02015b6c 00000340 t quorem
02015eac 00001720 T _dtoa_r
020175cc 00000010 T _wcsrtombs_r
020175dc 0000004c T _localeconv_r
02017628 00000194 T __ssputs_r
020177bc 00000108 T __utf8_wctomb
020178c4 000001e4 T _wcsnrtombs_l
02017aa8 000000d8 T _wcsnrtombs_r
02017b80 000000f4 T _Balloc
02017c74 00000024 T _Bfree
02017c98 00000174 T __multadd
02017e0c 00000098 T __hi0bits
02017ea4 0000010c T __lo0bits
02017fb0 00000108 T __i2b
020180b8 00000338 T __multiply
020183f0 0000019c T __pow5mult
0201858c 0000026c T __lshift
020187f8 000000dc T __mcmp
020188d4 00000314 T __mdiff
02018be8 00000194 T __d2b
02018d7c 00000604 T __utf8_mbtowc
02019380 00000380 T __umoddi3
02019700 00000058 T _restgpr_14_x
02019704 00000054 T _restgpr_15_x
02019708 00000050 T _restgpr_16_x
0201970c 0000004c T _restgpr_17_x
02019710 00000048 T _restgpr_18_x
02019714 00000044 T _restgpr_19_x
02019718 00000040 T _restgpr_20_x
0201971c 0000003c T _restgpr_21_x
02019720 00000038 T _restgpr_22_x
02019724 00000034 T _restgpr_23_x
02019728 00000030 T _restgpr_24_x
0201972c 0000002c T _restgpr_25_x
02019730 00000028 T _restgpr_26_x
02019734 00000024 T _restgpr_27_x
02019738 00000020 T _restgpr_28_x
0201973c 0000001c T _restgpr_29_x
02019740 00000018 T _restgpr_30_x
02019744 00000014 T _restgpr_31_x
02019758 t __do_global_ctors_aux
020197a8 T __fini
100009fc d .LC2
10000b00 00000010 d DrcPairing::getPinSymbols[abi:cxx11]() const::pinSymbols
10000bac 0000000c d (anonymous namespace)::ConfigMenuOpenedCallback(WUPSConfigCategoryHandle)::kControlsHelpLines
10000c48 00000004 d sReentPluginId
10000c4c 00000080 d __wut_fsa_devoptab
10000ccc 00000042 d CSWTCH.24
10000d44 0000000d V typeinfo name for std::bad_alloc
10000d54 0000000c V typeinfo for std::bad_alloc
10000d60 00000014 V vtable for std::bad_alloc
10000d74 00000027 V typeinfo name for __gnu_cxx::__concurrence_lock_error
10000d9c 0000000c V typeinfo for __gnu_cxx::__concurrence_lock_error
10000da8 00000029 V typeinfo name for __gnu_cxx::__concurrence_unlock_error
10000dd4 0000000c V typeinfo for __gnu_cxx::__concurrence_unlock_error
10000de0 00000014 V vtable for __gnu_cxx::__concurrence_lock_error
10000df4 00000014 V vtable for __gnu_cxx::__concurrence_unlock_error
10000e08 0000000d V typeinfo name for std::exception
10000e18 00000020 V typeinfo name for __cxxabiv1::__forced_unwind
10000e38 00000024 V typeinfo name for __cxxabiv1::__foreign_exception
10000e5c 00000025 V typeinfo name for __cxxabiv1::__si_class_type_info
10000e84 0000000c V typeinfo for __cxxabiv1::__si_class_type_info
10000e90 0000002c V vtable for __cxxabiv1::__si_class_type_info
10000ebc 0000000d V typeinfo name for std::type_info
10000ecc 00000010 V typeinfo name for std::logic_error
10000edc 0000000c V typeinfo for std::logic_error
10000ee8 00000011 V typeinfo name for std::length_error
10000efc 0000000c V typeinfo for std::length_error
10000f08 00000014 V vtable for std::logic_error
10000f1c 00000014 V vtable for std::length_error
10000f30 00000022 V typeinfo name for __cxxabiv1::__class_type_info
10000f54 0000000c V typeinfo for __cxxabiv1::__class_type_info
10000f60 0000002c V vtable for __cxxabiv1::__class_type_info
100012cc 00000008 d terminator.0
100012d4 00000080 D dotab_stdnull
100015ac 00000010 d zeroes.0
100015bc 00000010 d blanks.1
100015f0 00000101 D _ctype_
100016f4 0000006c D __action_table
10001760 0000006c D __state_table
100017cc 00000100 D __chclass
100018cc 0000000c d p05.0
100018d8 00000028 D __mprec_bigtens
10001900 000000c8 D __mprec_tens
10001a4c d __CTOR_LIST__
10001a50 D __CTOR_LIST__
10001a5c D __CTOR_END__
10001a5c d __CTOR_END__
10001a60 d __DTOR_LIST__
10001a64 D __DTOR_LIST__
10001a70 D __DTOR_END__
10001a74 d __EH_FRAME_BEGIN__
10001a74 D __EH_FRAME_BEGIN__
10005d38 D __EH_FRAME_END__
10005d38 d __FRAME_END__
10005d40 00000001 d (anonymous namespace)::sExperimentalPatchEnabled
10005d44 00000004 d (anonymous namespace)::sControllerMode
10005d48 00000004 d (anonymous namespace)::sVideoFeedMode
10005d4c 00000010 d (anonymous namespace)::sControllerModeValues
10005d5c 00000010 d (anonymous namespace)::sVideoFeedValues
10005d6c 00000004 d (anonymous namespace)::real_GX2GetSystemDRCMode
10005d70 00000004 d (anonymous namespace)::real_GX2CalcDRCSize
10005d74 00000004 d (anonymous namespace)::real_GX2SetDRCBuffer
10005d78 00000004 d (anonymous namespace)::real_WPADProbe
10005d7c 00000004 d (anonymous namespace)::real_WPADSetDataFormat
10005d80 00000004 d (anonymous namespace)::real_WPADGetDataFormat
10005d84 00000004 d (anonymous namespace)::real_WPADGetBatteryLevel
10005d88 00000004 d (anonymous namespace)::real_GX2CopyColorBufferToScanBuffer
10005d8c 00000004 d (anonymous namespace)::real_VPADRead
10005d90 00000004 d (anonymous namespace)::real_GX2SetDRCEnable
10005d94 00000004 d (anonymous namespace)::real_WPADGetInfoAsync
10005d98 00000004 d (anonymous namespace)::real_VPADControlMotor
10005d9c 00000004 d (anonymous namespace)::real_WPADControlMotor
10005da0 00000004 d (anonymous namespace)::real_VPADStopMotor
10005da4 00000004 d (anonymous namespace)::real_KPADReadEx
10005da8 00000004 d (anonymous namespace)::real_WPADGetInfo
10005dac 00000004 d (anonymous namespace)::real_KPADRead
10005db0 00000004 d sConfigPluginIdentifier
10005db4 00000004 d sConfigAPIVersion
10005db8 00000028 d __internal_functions
10005de0 00000400 d _current_working_directory
100061e0 0000008c D devoptab_list
1000626c 00000004 d defaultDevice
10006270 00000200 D _impure_data
10006470 00000254 D __global_locale
100066c4 00000004 D __cxxabiv1::__unexpected_handler
100066c8 00000008 V typeinfo for std::exception
100066d0 00000008 V typeinfo for __cxxabiv1::__forced_unwind
100066d8 00000008 V typeinfo for __cxxabiv1::__foreign_exception
100066e0 00000004 D __cxxabiv1::__terminate_handler
100066e4 00000008 V typeinfo for std::type_info
100066ec 00000004 D _impure_ptr
100066f0 00000004 D environ
10006700 00000004 B __wut_exit
10006704 00000001 B __eh_globals_init::_S_init
10006705 b completed.2
10006708 b dtor_idx.1
1000670c b object.0
10006724 00000004 b (anonymous namespace)::sGX2HookCalls
10006728 00000001 b (anonymous namespace)::sPluginEnabled
10006729 00000001 b (anonymous namespace)::sPerformanceModeEnabled
1000672c 00000004 b (anonymous namespace)::sGX2CalcDRCSizeCalls
10006730 00000004 b (anonymous namespace)::sGX2SetDRCBufferCalls
10006734 00000001 b (anonymous namespace)::sReloadMenuRequested
10006738 0000009c b (anonymous namespace)::sCachedTvColorBuffer
100067d4 00000004 b (anonymous namespace)::sGX2CopyToScanBufferCalls
100067d8 00000001 b (anonymous namespace)::sHasCachedTvColorBuffer
100067dc 00000004 b (anonymous namespace)::sGX2CopyToDrc1Calls
100067e0 00000004 b (anonymous namespace)::sVPADHookCalls
100067e4 00000001 b (anonymous namespace)::sControllerModeToggleComboLatched
100067e5 00000001 b (anonymous namespace)::sVideoFeedToggleComboLatched
100067e8 00000004 b (anonymous namespace)::sVPADDrc1ReadAttempts
100067ec 00000004 b (anonymous namespace)::sVPADDrc1NoSamples
100067f0 00000004 b (anonymous namespace)::sVPADDrc1Invalid
100067f4 00000004 b (anonymous namespace)::sVPADDrc1Busy
100067f8 00000004 b (anonymous namespace)::sVPADDrc1Uninitialized
100067fc 00000004 b (anonymous namespace)::sVPADDrc1OtherError
10006800 00000004 b (anonymous namespace)::sVPADDrc1ReadSuccess
10006804 00000004 b (anonymous namespace)::sVPADMergedCalls
10006808 0000000c b (anonymous namespace)::sPairing
10006814 00000004 b (anonymous namespace)::sGX2SetDRCEnableCalls
10006818 00000004 b (anonymous namespace)::sLastSeparateHold
1000681c 00000004 b (anonymous namespace)::sKPADReadCalls
10006820 00000004 b (anonymous namespace)::sKPADInjectFailures
10006824 00000004 b (anonymous namespace)::sKPADInjectedSamples
10006828 00000038 b __internal_functions
10006860 00000001 b sConfigLibInitDone
10006864 00000004 b sAPIMenuGetStatus
10006868 00000004 b sAPIItemDestroy
1000686c 00000004 b sAPIItemCreateEx
10006870 00000004 b sAPICategoryAddItem
10006874 00000004 b sAPICategoryAddCategory
10006878 00000004 b sAPICategoryDestroy
1000687c 00000004 b sAPICategoryCreateEx
10006880 00000004 b sAPIInitEx
10006884 00000004 b sAPIGetVersion
10006888 00000004 b sModuleHandle
1000688c 00000004 b __wut_socket_devoptab_added
10006890 00000008 b __internal_functions
10006898 00000004 b sHeapSize
1000689c 00000004 b sHeapMaxSize
100068a0 00000004 b sHeapBase
100068a4 00000004 b sHeapHandle
100068b0 00000010 b sMallocSpinLock
100068c0 00000010 b sSyncSpinLock
100068d0 000003b8 B __wut_fsa_device_data
10006c88 00000018 b (anonymous namespace)::emergency_pool
10006ca0 00000004 b init
10006ca4 00000008 b (anonymous namespace)::eh_globals
10006cac 00000004 b (anonymous namespace)::__new_handler
10006cb0 00000010 V std::string::_Rep::_S_empty_rep_storage
10006cc0 00000004 b once_regsizes.0
10006cc4 00000070 b dwarf_reg_size_table
10006d34 0000000c b object_mutex
10006d40 00000004 b seen_objects
10006d44 00000004 b unseen_objects
10006d48 00000400 b temp_cwd
10007148 00000004 b __pthread_once_cv
1000714c 00000004 b __pthread_once_lock
10007150 00000150 B __sf
100072a0 00000008 b __env_recursive_mutex
100072a8 00000004 b initial_env
100072ac 0000008c R wups_meta_info_linking_order
10007338 0000001e R wups_meta_storage_id
10007358 0000000c R wups_meta_license
10007364 00000011 R wups_meta_author
10007378 0000000d R wups_meta_version
10007388 00000030 R wups_meta_description
100073b8 0000003c R wups_meta_info_dump
100073f4 00000007 R wups_meta_plugin_name
100073fc 00000024 R wups_meta_buildtimestamp
10007420 0000000b R wups_meta_wups
1000742c 0000000c R wups_meta_name
10007438 00000024 R wups_load_my_KPADReadHomeMenu
1000745c 00000024 R wups_load_my_KPADRead
10007480 00000024 R wups_load_my_KPADReadExHomeMenu
100074a4 00000024 R wups_load_my_KPADReadEx
100074c8 00000024 R wups_load_my_VPADStopMotor
100074ec 00000024 R wups_load_my_WPADControlMotor
10007510 00000024 R wups_load_my_VPADControlMotor
10007534 00000024 R wups_load_my_WPADGetBatteryLevel
10007558 00000024 R wups_load_my_WPADGetDataFormat
1000757c 00000024 R wups_load_my_WPADSetDataFormat
100075a0 00000024 R wups_load_my_WPADGetInfoAsync
100075c4 00000024 R wups_load_my_WPADGetInfo
100075e8 00000024 R wups_load_my_WPADProbe
1000760c 00000024 R wups_load_my_VPADRead
10007630 00000024 R wups_load_my_GX2CopyColorBufferToScanBuffer
10007654 00000024 R wups_load_my_GX2SetDRCBuffer
10007678 00000024 R wups_load_my_GX2CalcDRCSize
1000769c 00000024 R wups_load_my_GX2SetDRCEnable
100076c0 00000024 R wups_load_my_GX2GetSystemDRCMode
100076e4 00000008 R wups_hooks_deinit_plugin
100076ec 00000008 R wups_hooks_on_release_foreground
100076f4 00000008 R wups_hooks_on_acquired_foreground
100076fc 00000008 R wups_hooks_on_app_starting
10007704 00000008 R wups_hooks_init_plugin
1000770c 00000008 R wups_hooks_init_storage
10007714 00000008 R wups_hooks_on_fini_wut_devoptab
1000771c 00000008 R wups_hooks_on_init_wut_devoptab
10007724 00000008 R wups_hooks_wups_init_reent_functions
1000772c 00000008 R wups_hooks_wups_init_button_combo_functions
10007734 00000008 R wups_hooks_wups_init_config_functions
1000773c 00000008 R wups_hooks___fini_wrapper
10007744 00000008 R wups_hooks___init_wrapper
1000774c 00000008 R wups_hooks_on_init_wut_thread
10007754 00000008 R wups_hooks_on_fini_wut_stdcpp
1000775c 00000008 R wups_hooks_on_init_wut_stdcpp
10007764 00000008 R wups_hooks_on_fini_wut_newlib
1000776c 00000008 R wups_hooks_on_init_wut_newlib
10007774 00000008 R wups_hooks_on_fini_wut_sockets
1000777c 00000008 R wups_hooks_on_init_wut_sockets
10007784 00000008 R wups_hooks_on_fini_wut_malloc
1000778c 00000008 R wups_hooks_on_init_wut_malloc
c0000038 T FSAAddClient
c0000040 T FSAChangeDir
c0000048 T FSAChangeMode
c0000050 T FSACloseDir
c0000058 T FSACloseFile
c0000060 T FSADelClient
c0000068 T FSAFlushFile
c0000070 T FSAGetDeviceInfo
c0000078 T FSAGetFreeSpaceSize
c0000080 T FSAGetStat
c0000088 T FSAGetStatFile
c0000090 T FSAInit
c0000098 T FSAMakeDir
c00000a0 T FSAMount
c00000a8 T FSAOpenDir
c00000b0 T FSAOpenFileEx
c00000b8 T FSAReadDir
c00000c0 T FSAReadFile
c00000c8 T FSARemove
c00000d0 T FSARename
c00000d8 T FSARewindDir
c00000e0 T FSASetPosFile
c00000e8 T FSATruncateFile
c00000f0 T FSAUnmount
c00000f8 T FSAWriteFile
c0000100 T MEMFreeToExpHeap
c0000108 T MEMGetSizeForMBlockExpHeap
c0000110 T OSCancelAlarm
c0000118 T OSCreateAlarm
c0000120 T OSDynLoad_Acquire
c0000128 T OSDynLoad_FindExport
c0000130 T OSFastCond_Init
c0000138 T OSFastCond_Signal
c0000140 T OSFastCond_Wait
c0000148 T OSFastMutex_Init
c0000150 T OSFastMutex_Lock
c0000158 T OSFastMutex_Unlock
c0000160 T OSFatal
c0000168 T OSGetAlarmUserData
c0000170 T OSGetCurrentThread
c0000178 T OSGetSystemInfo
c0000180 T OSInitMutexEx
c0000188 T OSInitSpinLock
c0000190 T OSLockMutex
c0000198 T OSReport
c00001a0 T OSSetAlarm
c00001a8 T OSSetAlarmUserData
c00001b0 T OSUninterruptibleSpinLock_Acquire
c00001b8 T OSUninterruptibleSpinLock_Release
c00001c0 T OSUnlockMutex
c00001c8 T __rplwrap_exit
c00001e0 T GX2SetColorBuffer
c00001e8 T GX2SetScissor
c00001f0 T GX2SetViewport
c0000210 T CCRSysExit
c0000218 T CCRSysGetPairingState
c0000220 T CCRSysGetPincode
c0000228 T CCRSysInit
c0000230 T CCRSysStartPairing
c0000238 T CCRSysStopPairing
c0000250 T CCRCDCSetMultiDrc
c0000258 T CCRCDCSysSetDrcState
c0000260 T CCRCDCWowlWakeDrc
c0000280 T SYSLaunchMenu
c00002a0 T VPADRead
c00002c8 R MEMAllocFromDefaultHeap
c00002d0 R MEMAllocFromDefaultHeapEx
c00002d8 R MEMFreeToDefaultHeap
