Archive member included to satisfy reference by file (symbol)

C:/devkitPro/wups/lib\libwups.a(WUPSConfigItemBoolean.o)
                              PluginMain.o (WUPSConfigItemBoolean_AddToCategoryEx)
C:/devkitPro/wups/lib\libwups.a(WUPSConfigItemMultipleValues.o)
                              PluginMain.o (WUPSConfigItemMultipleValues_AddToCategory)
C:/devkitPro/wups/lib\libwups.a(button_combo.o)
                              PluginMain.o (WUPSButtonComboAPI_InitInternal)
C:/devkitPro/wups/lib\libwups.a(config_api.o)
                              PluginMain.o (WUPSConfigAPI_InitLibrary_Internal)
C:/devkitPro/wups/lib\libwups.a(main.o)
                              (__wups_start)
C:/devkitPro/wups/lib\libwups.a(storage.o)
                              PluginMain.o (WUPSStorageAPI_InitInternal)
C:/devkitPro/wups/lib\libwups.a(wups_reent.o)
                              C:/devkitPro/wups/lib\libwups.a(main.o) (_Z15__wups_getreentv)
C:/devkitPro/wups/lib\libwups.a(wups_thread_specific.o)
                              C:/devkitPro/wups/lib\libwups.a(main.o) (wups_set_thread_specific)
C:/devkitPro/wut/lib\libwut.a(coreinit.o)
                              C:/devkitPro/wups/lib\libwups.a(config_api.o) (OSDynLoad_Acquire)
C:/devkitPro/wut/lib\libwut.a(nn_ccr.o)
                              DrcPairing.o (CCRSysExit)
C:/devkitPro/wut/lib\libwut.a(nsysccr.o)
                              PluginMain.o (CCRCDCSetMultiDrc)
C:/devkitPro/wut/lib\libwut.a(sysapp.o)
                              PluginMain.o (SYSLaunchMenu)
C:/devkitPro/wut/lib\libwut.a(vpad.o)
                              PluginMain.o (VPADRead)
C:/devkitPro/wut/lib\libwut.a(wut_newlib.o)
                              PluginMain.o (__init_wut_newlib)
C:/devkitPro/wut/lib\libwut.a(wut_reent.o)
                              C:/devkitPro/wut/lib\libwut.a(wut_newlib.o) (__wut_getreent)
C:/devkitPro/wut/lib\libwut.a(wut_sbrk.o)
                              C:/devkitPro/wut/lib\libwut.a(wut_newlib.o) (__wut_sbrk_r)
C:/devkitPro/wut/lib\libwut.a(wut_thread.o)
                              PluginMain.o (__init_wut_thread)
C:/devkitPro/wut/lib\libwut.a(wut_malloc.o)
                              PluginMain.o (__init_wut_malloc)
C:/devkitPro/wut/lib\libwut.a(devoptab_fsa.o)
                              PluginMain.o (__init_wut_devoptab)
C:/devkitPro/wut/lib\libwut.a(devoptab_fsa_dirclose.o)
                              C:/devkitPro/wut/lib\libwut.a(devoptab_fsa.o) (__wut_fsa_dirclose)
C:/devkitPro/wut/lib\libwut.a(devoptab_fsa_dirnext.o)
                              C:/devkitPro/wut/lib\libwut.a(devoptab_fsa.o) (__wut_fsa_dirnext)
C:/devkitPro/wut/lib\libwut.a(devoptab_fsa_diropen.o)
                              C:/devkitPro/wut/lib\libwut.a(devoptab_fsa.o) (__wut_fsa_diropen)
C:/devkitPro/wut/lib\libwut.a(devoptab_fsa_dirreset.o)
                              C:/devkitPro/wut/lib\libwut.a(devoptab_fsa.o) (__wut_fsa_dirreset)
C:/devkitPro/wut/lib\libwut.a(devoptab_fsa_fstat.o)
                              C:/devkitPro/wut/lib\libwut.a(devoptab_fsa.o) (__wut_fsa_fstat)
C:/devkitPro/wut/lib\libwut.a(devoptab_fsa_fsync.o)
                              C:/devkitPro/wut/lib\libwut.a(devoptab_fsa.o) (__wut_fsa_fsync)
C:/devkitPro/wut/lib\libwut.a(devoptab_fsa_mkdir.o)
                              C:/devkitPro/wut/lib\libwut.a(devoptab_fsa.o) (__wut_fsa_mkdir)
C:/devkitPro/wut/lib\libwut.a(devoptab_fsa_open.o)
                              C:/devkitPro/wut/lib\libwut.a(devoptab_fsa.o) (__wut_fsa_open)
C:/devkitPro/wut/lib\libwut.a(devoptab_fsa_read.o)
                              C:/devkitPro/wut/lib\libwut.a(devoptab_fsa.o) (__wut_fsa_read)
C:/devkitPro/wut/lib\libwut.a(devoptab_fsa_rename.o)
                              C:/devkitPro/wut/lib\libwut.a(devoptab_fsa.o) (__wut_fsa_rename)
C:/devkitPro/wut/lib\libwut.a(devoptab_fsa_rmdir.o)
                              C:/devkitPro/wut/lib\libwut.a(devoptab_fsa.o) (__wut_fsa_rmdir)
C:/devkitPro/wut/lib\libwut.a(devoptab_fsa_seek.o)
                              C:/devkitPro/wut/lib\libwut.a(devoptab_fsa.o) (__wut_fsa_seek)
C:/devkitPro/wut/lib\libwut.a(devoptab_fsa_stat.o)
                              C:/devkitPro/wut/lib\libwut.a(devoptab_fsa.o) (__wut_fsa_stat)
C:/devkitPro/wut/lib\libwut.a(devoptab_fsa_statvfs.o)
                              C:/devkitPro/wut/lib\libwut.a(devoptab_fsa.o) (__wut_fsa_statvfs)
C:/devkitPro/wut/lib\libwut.a(devoptab_fsa_truncate.o)
                              C:/devkitPro/wut/lib\libwut.a(devoptab_fsa.o) (__wut_fsa_ftruncate)
C:/devkitPro/wut/lib\libwut.a(devoptab_fsa_unlink.o)
                              C:/devkitPro/wut/lib\libwut.a(devoptab_fsa.o) (__wut_fsa_unlink)
C:/devkitPro/wut/lib\libwut.a(devoptab_fsa_utils.o)
                              C:/devkitPro/wut/lib\libwut.a(devoptab_fsa_dirnext.o) (__wut_fsa_hashstring)
C:/devkitPro/wut/lib\libwut.a(devoptab_fsa_write.o)
[...]
Memory Configuration

Name             Origin             Length             Attributes
codemem          0x02000000         0x0e000000         xrw
datamem          0x10000000         0x32000000         rw
loadmem          0xc0000000         0x08000000         xrw
*default*        0x00000000         0xffffffff

Linker script and memory map

                0x02000000                        . = ORIGIN (codemem)

.syscall
 *(.syscall .syscall.*)

.text           0x02000000    0x193b4
 *(.crt0)
 *(SORT_NONE(.init))
 .init          0x02000000        0xc C:/devkitPro/devkitPPC/bin/../lib/gcc/powerpc-eabi/15.2.0/ecrti.o
                0x02000000                __init
 .init          0x0200000c        0x4 C:/devkitPro/devkitPPC/bin/../lib/gcc/powerpc-eabi/15.2.0/crtbegin.o
 .init          0x02000010        0x4 C:/devkitPro/devkitPPC/bin/../lib/gcc/powerpc-eabi/15.2.0/crtend.o
 .init          0x02000014       0x10 C:/devkitPro/devkitPPC/bin/../lib/gcc/powerpc-eabi/15.2.0/ecrtn.o
 *(.text.unlikely .text.*_unlikely .text.unlikely.*)
 .text.unlikely.abort
                0x02000024       0xb4 C:/devkitPro/wups/lib\libwups.a(main.o)
                                 0xa4 (size before relaxing)
                0x02000024                abort
 .text.unlikely._ZSt9terminatev
                0x020000d8       0x24 C:/devkitPro/devkitPPC/bin/../lib/gcc/powerpc-eabi/15.2.0/../../../../powerpc-eabi/lib\libstdc++.a(eh_terminate.o)
                0x020000d8                _ZSt9terminatev
 .text.unlikely._ZSt10unexpectedv
                0x020000fc       0x24 C:/devkitPro/devkitPPC/bin/../lib/gcc/powerpc-eabi/15.2.0/../../../../powerpc-eabi/lib\libstdc++.a(eh_terminate.o)
                0x020000fc                _ZSt10unexpectedv
 .text.unlikely._ZSt19__throw_logic_errorPKc
                0x02000120       0x58 C:/devkitPro/devkitPPC/bin/../lib/gcc/powerpc-eabi/15.2.0/../../../../powerpc-eabi/lib\libstdc++.a(functexcept.o)
                0x02000120                _ZSt19__throw_logic_errorPKc
 .text.unlikely._ZSt20__throw_length_errorPKc
                0x02000178       0x58 C:/devkitPro/devkitPPC/bin/../lib/gcc/powerpc-eabi/15.2.0/../../../../powerpc-eabi/lib\libstdc++.a(functexcept.o)
                0x02000178                _ZSt20__throw_length_errorPKc
 .text.unlikely._ZN9__gnu_cxx30__throw_concurrence_lock_errorEv
                0x020001d0       0x34 C:/devkitPro/devkitPPC/bin/../lib/gcc/powerpc-eabi/15.2.0/../../../../powerpc-eabi/lib\libstdc++.a(eh_alloc.o)
                0x020001d0                _ZN9__gnu_cxx30__throw_concurrence_lock_errorEv
 .text.unlikely._ZN9__gnu_cxx32__throw_concurrence_unlock_errorEv
                0x02000204       0x34 C:/devkitPro/devkitPPC/bin/../lib/gcc/powerpc-eabi/15.2.0/../../../../powerpc-eabi/lib\libstdc++.a(eh_alloc.o)
                0x02000204                _ZN9__gnu_cxx32__throw_concurrence_unlock_errorEv
 .text.unlikely.__cxa_call_terminate
                0x02000238       0x58 C:/devkitPro/devkitPPC/bin/../lib/gcc/powerpc-eabi/15.2.0/../../../../powerpc-eabi/lib\libstdc++.a(eh_call.o)
                0x02000238                __cxa_call_terminate
 *(.text.exit .text.exit.*)
 .text.exit._GLOBAL__sub_D_wups_meta_name
                0x02000290       0x10 PluginMain.o
 .text.exit._GLOBAL__sub_D__ZN9__gnu_cxx9__freeresEv
                0x020002a0       0x14 C:/devkitPro/devkitPPC/bin/../lib/gcc/powerpc-eabi/15.2.0/../../../../powerpc-eabi/lib\libstdc++.a(eh_alloc.o)
 .text.exit._GLOBAL__sub_D__ZN17__eh_globals_init7_S_initE
                0x020002b4       0x40 C:/devkitPro/devkitPPC/bin/../lib/gcc/powerpc-eabi/15.2.0/../../../../powerpc-eabi/lib\libstdc++.a(eh_globals.o)
 *(.text.startup .text.startup.*)
 .text.startup._GLOBAL__sub_I_wups_meta_name
                0x020002f4       0x10 PluginMain.o
 .text.startup._GLOBAL__sub_I__ZN9__gnu_cxx9__freeresEv
                0x02000304      0x258 C:/devkitPro/devkitPPC/bin/../lib/gcc/powerpc-eabi/15.2.0/../../../../powerpc-eabi/lib\libstdc++.a(eh_alloc.o)
 .text.startup._GLOBAL__sub_I__ZN17__eh_globals_init7_S_initE
                0x0200055c       0x40 C:/devkitPro/devkitPPC/bin/../lib/gcc/powerpc-eabi/15.2.0/../../../../powerpc-eabi/lib\libstdc++.a(eh_globals.o)
 *(.text.hot .text.hot.*)
 *(SORT_BY_NAME(.text.sorted.*))
 *(.text .stub .text.* .gnu.linkonce.t.*)
 .text.__do_global_dtors_aux
                0x0200059c       0xcc C:/devkitPro/devkitPPC/bin/../lib/gcc/powerpc-eabi/15.2.0/crtbegin.o
 .text.frame_dummy
                0x02000668       0x24 C:/devkitPro/devkitPPC/bin/../lib/gcc/powerpc-eabi/15.2.0/crtbegin.o
 .text._ZN10DrcPairingC2Ev
                0x0200068c       0x24 DrcPairing.o
                                 0x14 (size before relaxing)
                0x0200068c                _ZN10DrcPairingC2Ev
                0x0200068c                _ZN10DrcPairingC1Ev
 .text._ZN10DrcPairingD2Ev
                0x020006b0       0x30 DrcPairing.o
                                 0x20 (size before relaxing)
                0x020006b0                _ZN10DrcPairingD1Ev
                0x020006b0                _ZN10DrcPairingD2Ev
 .text._ZN10DrcPairing12startPairingEj
                0x020006e0       0xcc DrcPairing.o
                                 0xac (size before relaxing)
                0x020006e0                _ZN10DrcPairing12startPairingEj
 .text._ZN10DrcPairing11stopPairingEv
                0x020007ac       0x4c DrcPairing.o
                                 0x3c (size before relaxing)
                0x020007ac                _ZN10DrcPairing11stopPairingEv
 .text._ZN10DrcPairing8getStateEv
                0x020007f8       0xa0 DrcPairing.o
                                 0x80 (size before relaxing)
                0x020007f8                _ZN10DrcPairing8getStateEv
 .text._ZNK10DrcPairing13getPinSymbolsB5cxx11Ev
                0x02000898      0x478 DrcPairing.o
                0x02000898                _ZNK10DrcPairing13getPinSymbolsB5cxx11Ev
 .text._Z18on_init_wut_stdcppv
                0x02000d10        0x4 PluginMain.o
                0x02000d10                _Z18on_init_wut_stdcppv
 .text._ZN12_GLOBAL__N_1L22my_GX2GetSystemDRCModeEv
                0x02000d14       0x7c PluginMain.o
 .text._ZN12_GLOBAL__N_1L12my_WPADProbeE8WPADChanP17WPADExtensionType
                0x02000d90       0x80 PluginMain.o
 .text._ZN12_GLOBAL__N_1L20my_WPADSetDataFormatE8WPADChan14WPADDataFormat
                0x02000e10       0x7c PluginMain.o
 .text._ZN12_GLOBAL__N_1L20my_WPADGetDataFormatE8WPADChan
                0x02000e8c       0x78 PluginMain.o
 .text._ZN12_GLOBAL__N_1L22my_WPADGetBatteryLevelE8WPADChan
                0x02000f04       0x80 PluginMain.o
 .text._ZN12_GLOBAL__N_1L18ReloadMenu_onInputEPv23WUPSConfigSimplePadData
                0x02000f84       0x1c PluginMain.o
 .text._Z18on_init_wut_mallocv
                0x02000fa0        0x4 PluginMain.o
                0x02000fa0                _Z18on_init_wut_mallocv
 .text._Z18on_fini_wut_mallocv
                0x02000fa4        0x4 PluginMain.o
                0x02000fa4                _Z18on_fini_wut_mallocv
 .text._Z19on_init_wut_socketsv
                0x02000fa8       0x14 PluginMain.o
                0x02000fa8                _Z19on_init_wut_socketsv
 .text._Z19on_fini_wut_socketsv
                0x02000fbc       0x14 PluginMain.o
                0x02000fbc                _Z19on_fini_wut_socketsv
 .text._Z18on_init_wut_newlibv
                0x02000fd0        0x4 PluginMain.o
                0x02000fd0                _Z18on_init_wut_newlibv
 .text._Z18on_fini_wut_newlibv
                0x02000fd4        0x4 PluginMain.o
                0x02000fd4                _Z18on_fini_wut_newlibv
 .text._Z18on_init_wut_threadv
                0x02000fd8        0x4 PluginMain.o
                0x02000fd8                _Z18on_init_wut_threadv
 .text._Z14__init_wrapperv
                0x02000fdc       0x50 PluginMain.o
                                 0x40 (size before relaxing)
                0x02000fdc                _Z14__init_wrapperv
 .text._Z14__fini_wrapperv
                0x0200102c        0x4 PluginMain.o
                0x0200102c                _Z14__fini_wrapperv
 .text._Z26wups_init_config_functions30wups_loader_init_config_args_t
                0x02001030       0x38 PluginMain.o
                0x02001030                _Z26wups_init_config_functions30wups_loader_init_config_args_t
 .text._Z32wups_init_button_combo_functions37wups_loader_init_button_combo_args_t_
                0x02001068       0x34 PluginMain.o
                0x02001068                _Z32wups_init_button_combo_functions37wups_loader_init_button_combo_args_t_
 .text._Z20on_init_wut_devoptabv
                0x0200109c        0x4 PluginMain.o
                0x0200109c                _Z20on_init_wut_devoptabv
 .text._Z20on_fini_wut_devoptabv
                0x020010a0        0x4 PluginMain.o
                0x020010a0                _Z20on_fini_wut_devoptabv
 .text._Z12init_storage32wups_loader_init_storage_args_t_
                0x020010a4       0x34 PluginMain.o
                0x020010a4                _Z12init_storage32wups_loader_init_storage_args_t_
 .text._Z21on_release_foregroundv
                0x020010d8       0x18 PluginMain.o
                                  0x8 (size before relaxing)
                0x020010d8                _Z21on_release_foregroundv
 .text._ZN12_GLOBAL__N_1L21SaveSettingsToStorageEv
                0x020010f0       0x6c PluginMain.o
 .text._ZN12_GLOBAL__N_1L21ControllerModeChangedEP24ConfigItemMultipleValuesj
                0x0200115c        0xc PluginMain.o
 .text._ZN12_GLOBAL__N_1L26BuildSyntheticKpadFromDrc1EP10KPADStatus
                0x02001168      0x3e8 PluginMain.o
                                0x3d8 (size before relaxing)
 .text._ZN12_GLOBAL__N_1L13my_KPADReadExE8WPADChanP10KPADStatusjP9KPADError
                0x02001550      0x114 PluginMain.o
 .text._ZN12_GLOBAL__N_1L21my_KPADReadExHomeMenuE8WPADChanP10KPADStatusjP9KPADError
                0x02001664        0x4 PluginMain.o
 .text._ZN12_GLOBAL__N_1L11my_KPADReadE8WPADChanP10KPADStatusj
                0x02001668       0xf8 PluginMain.o
 .text._ZN12_GLOBAL__N_1L19my_KPADReadHomeMenuE8WPADChanP10KPADStatusj
                0x02001760        0x4 PluginMain.o
 .text._ZN12_GLOBAL__N_1L33PairStatus_getCurrentValueDisplayEPvPci
                0x02001764      0x114 PluginMain.o
 .text._ZN12_GLOBAL__N_1L38PairNow_getCurrentValueSelectedDisplayEPvPci
                0x02001878       0x38 PluginMain.o
 .text._ZN12_GLOBAL__N_1L30PairNow_getCurrentValueDisplayEPvPci
                0x020018b0       0x38 PluginMain.o
 .text._ZN12_GLOBAL__N_1L11my_VPADReadE8VPADChanP10VPADStatusjP13VPADReadError
                0x020018e8      0x3a4 PluginMain.o
                                0x394 (size before relaxing)
 .text._ZN12_GLOBAL__N_1L26Pin_getCurrentValueDisplayEPvPci
                0x02001c8c       0xb0 PluginMain.o
 .text._ZN12_GLOBAL__N_1L34Pin_getCurrentValueSelectedDisplayEPvPci
                0x02001d3c        0x4 PluginMain.o
 .text._ZN12_GLOBAL__N_1L18my_GX2SetDRCEnableEi
                0x02001d40       0x50 PluginMain.o
 .text._ZN12_GLOBAL__N_1L17my_GX2CalcDRCSizeE16GX2DrcRenderMode16GX2SurfaceFormat16GX2BufferingModePjS3_
                0x02001d90       0x70 PluginMain.o
 .text._ZN12_GLOBAL__N_1L18my_GX2SetDRCBufferEPvj16GX2DrcRenderMode16GX2SurfaceFormat16GX2BufferingMode
                0x02001e00       0x70 PluginMain.o
 .text._ZN12_GLOBAL__N_1L19my_WPADGetInfoAsyncE8WPADChanP8WPADInfoPFvS0_9WPADErrorE
                0x02001e70       0x94 PluginMain.o
 .text._ZN12_GLOBAL__N_1L19my_VPADControlMotorE8VPADChanPhh
                0x02001f04      0x19c PluginMain.o
 .text._ZN12_GLOBAL__N_1L19my_WPADControlMotorE8WPADChani
                0x020020a0       0xc8 PluginMain.o
 .text._ZN12_GLOBAL__N_1L16my_VPADStopMotorE8VPADChan
                0x02002168       0x80 PluginMain.o
 .text._ZN12_GLOBAL__N_1L16ApplyDualDrcModeEb.part.0
                0x020021e8       0xd8 PluginMain.o
                                 0xa8 (size before relaxing)
 .text._Z15on_app_startingv
                0x020022c0       0x14 PluginMain.o
                0x020022c0                _Z15on_app_startingv
 .text._ZN12_GLOBAL__N_1L15PairNow_onInputEPv23WUPSConfigSimplePadData
                0x020022d4       0x50 PluginMain.o
 .text._ZN12_GLOBAL__N_1L24ConfigMenuClosedCallbackEv
                0x02002324       0x70 PluginMain.o
                                 0x60 (size before relaxing)
 .text._Z18on_fini_wut_stdcppv
                0x02002394        0x4 PluginMain.o
                0x02002394                _Z18on_fini_wut_stdcppv
 .text._ZN12_GLOBAL__N_1L33ReloadMenu_getCurrentValueDisplayEPvPci
                0x02002398       0x38 PluginMain.o
 .text._ZN12_GLOBAL__N_1L41ReloadMenu_getCurrentValueSelectedDisplayEPvPci
                0x020023d0       0x38 PluginMain.o
 .text._ZN12_GLOBAL__N_1L14my_WPADGetInfoE8WPADChanP8WPADInfo
                0x02002408       0x94 PluginMain.o
 .text._Z22on_acquired_foregroundv
                0x0200249c       0x14 PluginMain.o
                0x0200249c                _Z22on_acquired_foregroundv
 .text._Z13deinit_pluginv
                0x020024b0       0x78 PluginMain.o
                                 0x68 (size before relaxing)
                0x020024b0                _Z13deinit_pluginv
 .text._ZN12_GLOBAL__N_1L20PluginEnabledChangedEP17ConfigItemBooleanb
                0x02002528       0x8c PluginMain.o
                                 0x7c (size before relaxing)
 .text._ZN12_GLOBAL__N_1L24ConfigMenuOpenedCallbackE24WUPSConfigCategoryHandle
                0x020025b4      0x434 PluginMain.o
 .text._Z11init_pluginv
                0x020029e8      0x1c8 PluginMain.o
                                0x1b8 (size before relaxing)
                0x020029e8                _Z11init_pluginv
 .text._ZN12_GLOBAL__N_1L41PairStatus_getCurrentValueSelectedDisplayEPvPci
                0x02002bb0      0x114 PluginMain.o
 .text._ZL37WUPSConfigItemBoolean_onCloseCallbackPv
                0x02002cc4       0x24 C:/devkitPro/wups/lib\libwups.a(WUPSConfigItemBoolean.o)
 .text._ZL36WUPSConfigItemBoolean_restoreDefaultPv
                0x02002ce8        0xc C:/devkitPro/wups/lib\libwups.a(WUPSConfigItemBoolean.o)
 .text._ZL52WUPSConfigItemBoolean_getCurrentValueSelectedDisplayPvPci
                0x02002cf4       0x74 C:/devkitPro/wups/lib\libwups.a(WUPSConfigItemBoolean.o)
 .text._ZL44WUPSConfigItemBoolean_getCurrentValueDisplayPvPci
                0x02002d68       0x74 C:/devkitPro/wups/lib\libwups.a(WUPSConfigItemBoolean.o)
 .text._ZL29WUPSConfigItemBoolean_onInputPv23WUPSConfigSimplePadData
                0x02002ddc       0x68 C:/devkitPro/wups/lib\libwups.a(WUPSConfigItemBoolean.o)
 .text._ZL30WUPSConfigItemBoolean_onDeletePv
                0x02002e44       0x44 C:/devkitPro/wups/lib\libwups.a(WUPSConfigItemBoolean.o)
 .text.WUPSConfigItemBoolean_CreateEx
                0x02002e88      0x1a0 C:/devkitPro/wups/lib\libwups.a(WUPSConfigItemBoolean.o)
                0x02002e88                WUPSConfigItemBoolean_CreateEx
 .text.WUPSConfigItemBoolean_AddToCategoryEx
                0x02003028       0xa4 C:/devkitPro/wups/lib\libwups.a(WUPSConfigItemBoolean.o)
                0x02003028                WUPSConfigItemBoolean_AddToCategoryEx
 .text._ZL44WUPSConfigItemMultipleValues_onCloseCallbackPv
                0x020030cc       0x4c C:/devkitPro/wups/lib\libwups.a(WUPSConfigItemMultipleValues.o)
 .text._ZL36WUPSConfigItemMultipleValues_onInputPv23WUPSConfigSimplePadData
                0x02003118       0x5c C:/devkitPro/wups/lib\libwups.a(WUPSConfigItemMultipleValues.o)
 .text._ZL43WUPSConfigItemMultipleValues_restoreDefaultPv
                0x02003174        0xc C:/devkitPro/wups/lib\libwups.a(WUPSConfigItemMultipleValues.o)
 .text._ZL59WUPSConfigItemMultipleValues_getCurrentValueSelectedDisplayPvPci
                0x02003180      0x104 C:/devkitPro/wups/lib\libwups.a(WUPSConfigItemMultipleValues.o)
 .text._ZL51WUPSConfigItemMultipleValues_getCurrentValueDisplayPvPci
                0x02003284       0x70 C:/devkitPro/wups/lib\libwups.a(WUPSConfigItemMultipleValues.o)
 .text._ZL37WUPSConfigItemMultipleValues_onDeletePv
                0x020032f4       0x88 C:/devkitPro/wups/lib\libwups.a(WUPSConfigItemMultipleValues.o)
 .text.WUPSConfigItemMultipleValues_Create
                0x0200337c      0x2dc C:/devkitPro/wups/lib\libwups.a(WUPSConfigItemMultipleValues.o)
                0x0200337c                WUPSConfigItemMultipleValues_Create
 .text.WUPSConfigItemMultipleValues_AddToCategory
                0x02003658       0xa4 C:/devkitPro/wups/lib\libwups.a(WUPSConfigItemMultipleValues.o)
                0x02003658                WUPSConfigItemMultipleValues_AddToCategory
 .text.WUPSButtonComboAPI_InitInternal
                0x020036fc       0xc4 C:/devkitPro/wups/lib\libwups.a(button_combo.o)
                0x020036fc                WUPSButtonComboAPI_InitInternal
 .text.WUPSConfigAPI_GetVersion
                0x020037c0       0xd4 C:/devkitPro/wups/lib\libwups.a(config_api.o)
                                 0xb4 (size before relaxing)
                0x020037c0                WUPSConfigAPI_GetVersion
 .text.WUPSConfigAPI_InitLibrary_Internal
                0x02003894      0x240 C:/devkitPro/wups/lib\libwups.a(config_api.o)
                                0x220 (size before relaxing)
                0x02003894                WUPSConfigAPI_InitLibrary_Internal
 .text.WUPSConfigAPI_Init
                0x02003ad4       0xac C:/devkitPro/wups/lib\libwups.a(config_api.o)
                0x02003ad4                WUPSConfigAPI_Init
 .text.WUPSConfigAPI_Category_CreateEx
                0x02003b80       0x80 C:/devkitPro/wups/lib\libwups.a(config_api.o)
                0x02003b80                WUPSConfigAPI_Category_CreateEx
 .text.WUPSConfigAPI_Category_Destroy
                0x02003c00       0x78 C:/devkitPro/wups/lib\libwups.a(config_api.o)
                0x02003c00                WUPSConfigAPI_Category_Destroy
 .text.WUPSConfigAPI_Category_AddCategory
                0x02003c78       0x8c C:/devkitPro/wups/lib\libwups.a(config_api.o)
                0x02003c78                WUPSConfigAPI_Category_AddCategory
 .text.WUPSConfigAPI_Category_AddItem
                0x02003d04       0x8c C:/devkitPro/wups/lib\libwups.a(config_api.o)
                0x02003d04                WUPSConfigAPI_Category_AddItem
 .text.WUPSConfigAPI_Item_CreateEx
                0x02003d90       0x9c C:/devkitPro/wups/lib\libwups.a(config_api.o)
                0x02003d90                WUPSConfigAPI_Item_CreateEx
 .text.WUPSConfigAPI_Item_Destroy
                0x02003e2c       0x78 C:/devkitPro/wups/lib\libwups.a(config_api.o)
                0x02003e2c                WUPSConfigAPI_Item_Destroy
 .text.__wups_start
                0x02003ea4       0x1c C:/devkitPro/wups/lib\libwups.a(main.o)
                                  0xc (size before relaxing)
                0x02003ea4                __wups_start
 .text.__init_wut_socket
                0x02003ec0       0x60 C:/devkitPro/wups/lib\libwups.a(main.o)
                0x02003ec0                __init_wut_socket
 .text.__fini_wut_socket
                0x02003f20       0x5c C:/devkitPro/wups/lib\libwups.a(main.o)
                0x02003f20                __fini_wut_socket
 .text.__getreent
                0x02003f7c        0x4 C:/devkitPro/wups/lib\libwups.a(main.o)
                0x02003f7c                __getreent
 .text.wut_set_thread_specific
                0x02003f80        0x4 C:/devkitPro/wups/lib\libwups.a(main.o)
                0x02003f80                wut_set_thread_specific
 .text.wut_get_thread_specific
                0x02003f84        0x4 C:/devkitPro/wups/lib\libwups.a(main.o)
                0x02003f84                wut_get_thread_specific
 .text.__assert_func
                0x02003f88      0x16c C:/devkitPro/wups/lib\libwups.a(main.o)
                                0x15c (size before relaxing)
                0x02003f88                __assert_func
 .text.WUPSStorageAPI_InitInternal
                0x020040f4       0xa4 C:/devkitPro/wups/lib\libwups.a(storage.o)
                0x020040f4                WUPSStorageAPI_InitInternal
 .text.WUPSStorageAPI_SaveStorage
                0x02004198       0x34 C:/devkitPro/wups/lib\libwups.a(storage.o)
                0x02004198                WUPSStorageAPI_SaveStorage
 .text.WUPSStorageAPI_StoreItem
                0x020041cc       0x48 C:/devkitPro/wups/lib\libwups.a(storage.o)
                0x020041cc                WUPSStorageAPI_StoreItem
 .text.WUPSStorageAPI_GetItem
                0x02004214       0x5c C:/devkitPro/wups/lib\libwups.a(storage.o)
                0x02004214                WUPSStorageAPI_GetItem
 .text._ZL21__wups_thread_cleanupPjPv
                0x02004270       0xf0 C:/devkitPro/wups/lib\libwups.a(wups_reent.o)
                                 0xd0 (size before relaxing)
 .text._Z15__wups_getreentv
                0x02004360      0x1b8 C:/devkitPro/wups/lib\libwups.a(wups_reent.o)
                                0x178 (size before relaxing)
                0x02004360                _Z15__wups_getreentv
 .text.wups_set_thread_specific
                0x02004518       0xc8 C:/devkitPro/wups/lib\libwups.a(wups_thread_specific.o)
                                 0xa8 (size before relaxing)
                0x02004518                wups_set_thread_specific
 .text.wups_get_thread_specific
                0x020045e0       0xe8 C:/devkitPro/wups/lib\libwups.a(wups_thread_specific.o)
                                 0xc8 (size before relaxing)
                0x020045e0                wups_get_thread_specific
 .text.__init_wut_newlib
                0x020046c8       0x14 C:/devkitPro/wut/lib\libwut.a(wut_newlib.o)
                0x020046c8                __init_wut_newlib
 .text.__fini_wut_newlib
                0x020046dc        0x4 C:/devkitPro/wut/lib\libwut.a(wut_newlib.o)
                0x020046dc                __fini_wut_newlib
 .text.__fini_wut_sbrk_heap
                0x020046e0       0x88 C:/devkitPro/wut/lib\libwut.a(wut_sbrk.o)
                                 0x78 (size before relaxing)
                0x020046e0                __fini_wut_sbrk_heap
 .text.__wut_cond_alarmcb
                0x02004768       0x4c C:/devkitPro/wut/lib\libwut.a(wut_thread.o)
                                 0x2c (size before relaxing)
 .text.__init_wut_thread
                0x020047b4       0x40 C:/devkitPro/wut/lib\libwut.a(wut_thread.o)
                                 0x30 (size before relaxing)
                0x020047b4                __init_wut_thread
 .text.__syscall_lock_acquire
                0x020047f4       0xec C:/devkitPro/wut/lib\libwut.a(wut_thread.o)
                                 0xac (size before relaxing)
                0x020047f4                __syscall_lock_acquire
 .text.__syscall_lock_release
                0x020048e0       0xec C:/devkitPro/wut/lib\libwut.a(wut_thread.o)
                                 0xac (size before relaxing)
                0x020048e0                __syscall_lock_release
 .text.__syscall_lock_acquire_recursive
                0x020049cc       0xec C:/devkitPro/wut/lib\libwut.a(wut_thread.o)
                                 0xac (size before relaxing)
                0x020049cc                __syscall_lock_acquire_recursive
 .text.__syscall_lock_release_recursive
                0x02004ab8       0xec C:/devkitPro/wut/lib\libwut.a(wut_thread.o)
                                 0xac (size before relaxing)
                0x02004ab8                __syscall_lock_release_recursive
 .text.__syscall_cond_broadcast
                0x02004ba4      0x104 C:/devkitPro/wut/lib\libwut.a(wut_thread.o)
                                 0xc4 (size before relaxing)
                0x02004ba4                __syscall_cond_broadcast
 .text.__syscall_cond_wait
                0x02004ca8      0x36c C:/devkitPro/wut/lib\libwut.a(wut_thread.o)
                                0x2cc (size before relaxing)
                0x02004ca8                __syscall_cond_wait
 .text.__init_wut_malloc
                0x02005014        0x4 C:/devkitPro/wut/lib\libwut.a(wut_malloc.o)
                0x02005014                __init_wut_malloc
 .text.__fini_wut_malloc
                0x02005018        0x4 C:/devkitPro/wut/lib\libwut.a(wut_malloc.o)
                0x02005018                __fini_wut_malloc
 .text._malloc_r
                0x0200501c       0x6c C:/devkitPro/wut/lib\libwut.a(wut_malloc.o)
                0x0200501c                _malloc_r
 .text._free_r  0x02005088       0x18 C:/devkitPro/wut/lib\libwut.a(wut_malloc.o)
                0x02005088                _free_r
 .text._realloc_r
                0x020050a0       0xf0 C:/devkitPro/wut/lib\libwut.a(wut_malloc.o)
                                 0xe0 (size before relaxing)
                0x020050a0                _realloc_r
 .text._calloc_r
                0x02005190       0x9c C:/devkitPro/wut/lib\libwut.a(wut_malloc.o)
                0x02005190                _calloc_r
 .text._memalign_r
                0x0200522c       0x70 C:/devkitPro/wut/lib\libwut.a(wut_malloc.o)
                0x0200522c                _memalign_r
 .text.__init_wut_devoptab
                0x0200529c      0x20c C:/devkitPro/wut/lib\libwut.a(devoptab_fsa.o)
                                0x1bc (size before relaxing)
                0x0200529c                __init_wut_devoptab
 .text.__fini_wut_devoptab
                0x020054a8       0xac C:/devkitPro/wut/lib\libwut.a(devoptab_fsa.o)
                                 0x8c (size before relaxing)
                0x020054a8                __fini_wut_devoptab
 .text.__wut_fsa_dirclose
                0x02005554       0xd0 C:/devkitPro/wut/lib\libwut.a(devoptab_fsa_dirclose.o)
                                 0xa0 (size before relaxing)
                0x02005554                __wut_fsa_dirclose
 .text.__wut_fsa_dirnext
                0x02005624      0x1dc C:/devkitPro/wut/lib\libwut.a(devoptab_fsa_dirnext.o)
                                0x1ac (size before relaxing)
                0x02005624                __wut_fsa_dirnext
 .text.__wut_fsa_diropen
                0x02005800      0x1bc C:/devkitPro/wut/lib\libwut.a(devoptab_fsa_diropen.o)
                                0x17c (size before relaxing)
                0x02005800                __wut_fsa_diropen
 .text.__wut_fsa_dirreset
                0x020059bc       0xd0 C:/devkitPro/wut/lib\libwut.a(devoptab_fsa_dirreset.o)
                                 0xa0 (size before relaxing)
                0x020059bc                __wut_fsa_dirreset
 .text.__wut_fsa_fstat
                0x02005a8c      0x104 C:/devkitPro/wut/lib\libwut.a(devoptab_fsa_fstat.o)
                                 0xd4 (size before relaxing)
                0x02005a8c                __wut_fsa_fstat
 .text.__wut_fsa_fsync
                0x02005b90       0xcc C:/devkitPro/wut/lib\libwut.a(devoptab_fsa_fsync.o)
                                 0x9c (size before relaxing)
                0x02005b90                __wut_fsa_fsync
 .text.__wut_fsa_mkdir
                0x02005c5c       0xf0 C:/devkitPro/wut/lib\libwut.a(devoptab_fsa_mkdir.o)
                                 0xe0 (size before relaxing)
                0x02005c5c                __wut_fsa_mkdir
 .text.__wut_fsa_open
                0x02005d4c      0x53c C:/devkitPro/wut/lib\libwut.a(devoptab_fsa_open.o)
                                0x4cc (size before relaxing)
                0x02005d4c                __wut_fsa_open
 .text.__wut_fsa_read
                0x02006288      0x1ec C:/devkitPro/wut/lib\libwut.a(devoptab_fsa_read.o)
                                0x1bc (size before relaxing)
                0x02006288                __wut_fsa_read
 .text.__wut_fsa_rename
                0x02006474      0x124 C:/devkitPro/wut/lib\libwut.a(devoptab_fsa_rename.o)
                                0x114 (size before relaxing)
                0x02006474                __wut_fsa_rename
 .text.__wut_fsa_rmdir
                0x02006598       0xd4 C:/devkitPro/wut/lib\libwut.a(devoptab_fsa_rmdir.o)
                                 0xc4 (size before relaxing)
                0x02006598                __wut_fsa_rmdir
 .text.__wut_fsa_seek
                0x0200666c      0x1c8 C:/devkitPro/wut/lib\libwut.a(devoptab_fsa_seek.o)
                                0x188 (size before relaxing)
                0x0200666c                __wut_fsa_seek
 .text.__wut_fsa_stat
                0x02006834      0x128 C:/devkitPro/wut/lib\libwut.a(devoptab_fsa_stat.o)
                                0x118 (size before relaxing)
                0x02006834                __wut_fsa_stat
 .text.__wut_fsa_statvfs
                0x0200695c      0x178 C:/devkitPro/wut/lib\libwut.a(devoptab_fsa_statvfs.o)
                                0x168 (size before relaxing)
                0x0200695c                __wut_fsa_statvfs
 .text.__wut_fsa_ftruncate
                0x02006ad4      0x108 C:/devkitPro/wut/lib\libwut.a(devoptab_fsa_truncate.o)
                                 0xc8 (size before relaxing)
                0x02006ad4                __wut_fsa_ftruncate
 .text.__wut_fsa_unlink
                0x02006bdc       0xd4 C:/devkitPro/wut/lib\libwut.a(devoptab_fsa_unlink.o)
                                 0xc4 (size before relaxing)
                0x02006bdc                __wut_fsa_unlink
 .text.__wut_fsa_hashstring
                0x02006cb0       0x40 C:/devkitPro/wut/lib\libwut.a(devoptab_fsa_utils.o)
                0x02006cb0                __wut_fsa_hashstring
 .text.__wut_fsa_fixpath
                0x02006cf0      0x368 C:/devkitPro/wut/lib\libwut.a(devoptab_fsa_utils.o)
                0x02006cf0                __wut_fsa_fixpath
 .text.__wut_fsa_translate_stat_mode
                0x02007058       0x7c C:/devkitPro/wut/lib\libwut.a(devoptab_fsa_utils.o)
                0x02007058                __wut_fsa_translate_stat_mode
 .text.__wut_fsa_translate_stat
                0x020070d4      0x144 C:/devkitPro/wut/lib\libwut.a(devoptab_fsa_utils.o)
                0x020070d4                __wut_fsa_translate_stat
 .text.__wut_fsa_translate_error
                0x02007218       0x28 C:/devkitPro/wut/lib\libwut.a(devoptab_fsa_utils.o)
                0x02007218                __wut_fsa_translate_error
 .text.__wut_fsa_write
                0x02007240      0x204 C:/devkitPro/wut/lib\libwut.a(devoptab_fsa_write.o)
                                0x1d4 (size before relaxing)
                0x02007240                __wut_fsa_write
 .text.__wut_fsa_chdir
                0x02007444      0x12c C:/devkitPro/wut/lib\libwut.a(devoptab_fsa_chdir.o)
                                0x11c (size before relaxing)
                0x02007444                __wut_fsa_chdir
 .text.__wut_fsa_chmod
                0x02007570       0xf0 C:/devkitPro/wut/lib\libwut.a(devoptab_fsa_chmod.o)
                                 0xe0 (size before relaxing)
                0x02007570                __wut_fsa_chmod
 .text.__wut_fsa_close
                0x02007660       0xcc C:/devkitPro/wut/lib\libwut.a(devoptab_fsa_close.o)
                                 0x9c (size before relaxing)
                0x02007660                __wut_fsa_close
 .text._ZdlPvj  0x0200772c        0x4 C:/devkitPro/devkitPPC/bin/../lib/gcc/powerpc-eabi/15.2.0/../../../../powerpc-eabi/lib\libstdc++.a(del_ops.o)
                0x0200772c                _ZdlPvj
 .text._ZL16get_adjusted_ptrPKSt9type_infoS1_PPv
                0x02007730       0x98 C:/devkitPro/devkitPPC/bin/../lib/gcc/powerpc-eabi/15.2.0/../../../../powerpc-eabi/lib\libstdc++.a(eh_personality.o)
 .text._ZL28read_encoded_value_with_basehjPKhPj
                0x020077c8      0x13c C:/devkitPro/devkitPPC/bin/../lib/gcc/powerpc-eabi/15.2.0/../../../../powerpc-eabi/lib\libstdc++.a(eh_personality.o)
 .text._ZL21base_of_encoded_valuehP15_Unwind_Context
                0x02007904       0x68 C:/devkitPro/devkitPPC/bin/../lib/gcc/powerpc-eabi/15.2.0/../../../../powerpc-eabi/lib\libstdc++.a(eh_personality.o)
 .text._ZL17parse_lsda_headerP15_Unwind_ContextPKhP16lsda_header_info
                0x0200796c      0x120 C:/devkitPro/devkitPPC/bin/../lib/gcc/powerpc-eabi/15.2.0/../../../../powerpc-eabi/lib\libstdc++.a(eh_personality.o)
 .text._ZL20check_exception_specP16lsda_header_infoPKSt9type_infoPvl
                0x02007a8c      0x138 C:/devkitPro/devkitPPC/bin/../lib/gcc/powerpc-eabi/15.2.0/../../../../powerpc-eabi/lib\libstdc++.a(eh_personality.o)
 .text.__gxx_personality_v0
                0x02007bc4      0x8b4 C:/devkitPro/devkitPPC/bin/../lib/gcc/powerpc-eabi/15.2.0/../../../../powerpc-eabi/lib\libstdc++.a(eh_personality.o)
                0x02007bc4                __gxx_personality_v0
 .text._ZN10__cxxabiv111__terminateEPFvvE
                0x02008478       0x20 C:/devkitPro/devkitPPC/bin/../lib/gcc/powerpc-eabi/15.2.0/../../../../powerpc-eabi/lib\libstdc++.a(eh_terminate.o)
                0x02008478                _ZN10__cxxabiv111__terminateEPFvvE
 .text._ZN10__cxxabiv112__unexpectedEPFvvE
                0x02008498       0x18 C:/devkitPro/devkitPPC/bin/../lib/gcc/powerpc-eabi/15.2.0/../../../../powerpc-eabi/lib\libstdc++.a(eh_terminate.o)
                0x02008498                _ZN10__cxxabiv112__unexpectedEPFvvE
 .text._ZSt13get_terminatev
                0x020084b0       0x18 C:/devkitPro/devkitPPC/bin/../lib/gcc/powerpc-eabi/15.2.0/../../../../powerpc-eabi/lib\libstdc++.a(eh_terminate.o)
                0x020084b0                _ZSt13get_terminatev
 .text._ZSt14get_unexpectedv
                0x020084c8       0x18 C:/devkitPro/devkitPPC/bin/../lib/gcc/powerpc-eabi/15.2.0/../../../../powerpc-eabi/lib\libstdc++.a(eh_terminate.o)
                0x020084c8                _ZSt14get_unexpectedv
 .text._ZL23__gxx_exception_cleanup19_Unwind_Reason_CodeP17_Unwind_Exception
                0x020084e0       0x80 C:/devkitPro/devkitPPC/bin/../lib/gcc/powerpc-eabi/15.2.0/../../../../powerpc-eabi/lib\libstdc++.a(eh_throw.o)
 .text.__cxa_init_primary_exception
                0x02008560       0x70 C:/devkitPro/devkitPPC/bin/../lib/gcc/powerpc-eabi/15.2.0/../../../../powerpc-eabi/lib\libstdc++.a(eh_throw.o)
                0x02008560                __cxa_init_primary_exception
 .text.__cxa_throw
                0x020085d0       0x68 C:/devkitPro/devkitPPC/bin/../lib/gcc/powerpc-eabi/15.2.0/../../../../powerpc-eabi/lib\libstdc++.a(eh_throw.o)
                0x020085d0                __cxa_throw
 .text._Znwj    0x02008638       0x80 C:/devkitPro/devkitPPC/bin/../lib/gcc/powerpc-eabi/15.2.0/../../../../powerpc-eabi/lib\libstdc++.a(new_op.o)
                0x02008638                _Znwj
 .text._ZNKSt9bad_alloc4whatEv
                0x020086b8        0xc C:/devkitPro/devkitPPC/bin/../lib/gcc/powerpc-eabi/15.2.0/../../../../powerpc-eabi/lib\libstdc++.a(bad_alloc.o)
                0x020086b8                _ZNKSt9bad_alloc4whatEv
 .text._ZNSt9bad_allocD2Ev
                0x020086c4       0x10 C:/devkitPro/devkitPPC/bin/../lib/gcc/powerpc-eabi/15.2.0/../../../../powerpc-eabi/lib\libstdc++.a(bad_alloc.o)
                0x020086c4                _ZNSt9bad_allocD1Ev
                0x020086c4                _ZNSt9bad_allocD2Ev
 .text._ZNSt9bad_allocD0Ev
                0x020086d4       0x40 C:/devkitPro/devkitPPC/bin/../lib/gcc/powerpc-eabi/15.2.0/../../../../powerpc-eabi/lib\libstdc++.a(bad_alloc.o)
                0x020086d4                _ZNSt9bad_allocD0Ev
 .text._ZdlPv   0x02008714        0x4 C:/devkitPro/devkitPPC/bin/../lib/gcc/powerpc-eabi/15.2.0/../../../../powerpc-eabi/lib\libstdc++.a(del_op.o)
                0x02008714                _ZdlPv
 .text._ZNK9__gnu_cxx24__concurrence_lock_error4whatEv
                0x02008718        0xc C:/devkitPro/devkitPPC/bin/../lib/gcc/powerpc-eabi/15.2.0/../../../../powerpc-eabi/lib\libstdc++.a(eh_alloc.o)
                0x02008718                _ZNK9__gnu_cxx24__concurrence_lock_error4whatEv
 .text._ZNK9__gnu_cxx26__concurrence_unlock_error4whatEv
                0x02008724        0xc C:/devkitPro/devkitPPC/bin/../lib/gcc/powerpc-eabi/15.2.0/../../../../powerpc-eabi/lib\libstdc++.a(eh_alloc.o)
                0x02008724                _ZNK9__gnu_cxx26__concurrence_unlock_error4whatEv
 .text._ZN9__gnu_cxx24__concurrence_lock_errorD2Ev
                0x02008730       0x10 C:/devkitPro/devkitPPC/bin/../lib/gcc/powerpc-eabi/15.2.0/../../../../powerpc-eabi/lib\libstdc++.a(eh_alloc.o)
                0x02008730                _ZN9__gnu_cxx24__concurrence_lock_errorD1Ev
                0x02008730                _ZN9__gnu_cxx24__concurrence_lock_errorD2Ev
 .text._ZN9__gnu_cxx24__concurrence_lock_errorD0Ev
                0x02008740       0x40 C:/devkitPro/devkitPPC/bin/../lib/gcc/powerpc-eabi/15.2.0/../../../../powerpc-eabi/lib\libstdc++.a(eh_alloc.o)
                0x02008740                _ZN9__gnu_cxx24__concurrence_lock_errorD0Ev
 .text._ZN9__gnu_cxx26__concurrence_unlock_errorD2Ev
                0x02008780       0x10 C:/devkitPro/devkitPPC/bin/../lib/gcc/powerpc-eabi/15.2.0/../../../../powerpc-eabi/lib\libstdc++.a(eh_alloc.o)
                0x02008780                _ZN9__gnu_cxx26__concurrence_unlock_errorD2Ev
                0x02008780                _ZN9__gnu_cxx26__concurrence_unlock_errorD1Ev
 .text._ZN9__gnu_cxx26__concurrence_unlock_errorD0Ev
                0x02008790       0x40 C:/devkitPro/devkitPPC/bin/../lib/gcc/powerpc-eabi/15.2.0/../../../../powerpc-eabi/lib\libstdc++.a(eh_alloc.o)
                0x02008790                _ZN9__gnu_cxx26__concurrence_unlock_errorD0Ev
 .text._ZN12_GLOBAL__N_14pool4freeEPv.constprop.0
                0x020087d0      0x134 C:/devkitPro/devkitPPC/bin/../lib/gcc/powerpc-eabi/15.2.0/../../../../powerpc-eabi/lib\libstdc++.a(eh_alloc.o)
 .text._ZN12_GLOBAL__N_14pool8allocateEj.constprop.0
                0x02008904       0xfc C:/devkitPro/devkitPPC/bin/../lib/gcc/powerpc-eabi/15.2.0/../../../../powerpc-eabi/lib\libstdc++.a(eh_alloc.o)
 .text.__cxa_allocate_exception
                0x02008a00       0x68 C:/devkitPro/devkitPPC/bin/../lib/gcc/powerpc-eabi/15.2.0/../../../../powerpc-eabi/lib\libstdc++.a(eh_alloc.o)
                0x02008a00                __cxa_allocate_exception
 .text.__cxa_free_exception
                0x02008a68       0x30 C:/devkitPro/devkitPPC/bin/../lib/gcc/powerpc-eabi/15.2.0/../../../../powerpc-eabi/lib\libstdc++.a(eh_alloc.o)
                0x02008a68                __cxa_free_exception
 .text.__cxa_begin_catch
                0x02008a98       0xc8 C:/devkitPro/devkitPPC/bin/../lib/gcc/powerpc-eabi/15.2.0/../../../../powerpc-eabi/lib\libstdc++.a(eh_catch.o)
                0x02008a98                __cxa_begin_catch
 .text._ZNSt9exceptionD2Ev
                0x02008b60        0x4 C:/devkitPro/devkitPPC/bin/../lib/gcc/powerpc-eabi/15.2.0/../../../../powerpc-eabi/lib\libstdc++.a(eh_exception.o)
                0x02008b60                _ZNSt9exceptionD2Ev
                0x02008b60                _ZNSt9exceptionD1Ev
 .text._ZL15eh_globals_dtorPv
                0x02008b64       0x68 C:/devkitPro/devkitPPC/bin/../lib/gcc/powerpc-eabi/15.2.0/../../../../powerpc-eabi/lib\libstdc++.a(eh_globals.o)
 .text.__cxa_get_globals
                0x02008bcc       0x90 C:/devkitPro/devkitPPC/bin/../lib/gcc/powerpc-eabi/15.2.0/../../../../powerpc-eabi/lib\libstdc++.a(eh_globals.o)
                0x02008bcc                __cxa_get_globals
 .text._ZSt15get_new_handlerv
                0x02008c5c       0x18 C:/devkitPro/devkitPPC/bin/../lib/gcc/powerpc-eabi/15.2.0/../../../../powerpc-eabi/lib\libstdc++.a(new_handler.o)
                0x02008c5c                _ZSt15get_new_handlerv
 .text._ZN10__cxxabiv120__si_class_type_infoD2Ev
                0x02008c74       0x10 C:/devkitPro/devkitPPC/bin/../lib/gcc/powerpc-eabi/15.2.0/../../../../powerpc-eabi/lib\libstdc++.a(si_class_type_info.o)
                0x02008c74                _ZN10__cxxabiv120__si_class_type_infoD1Ev
                0x02008c74                _ZN10__cxxabiv120__si_class_type_infoD2Ev
 .text._ZN10__cxxabiv120__si_class_type_infoD0Ev
                0x02008c84       0x40 C:/devkitPro/devkitPPC/bin/../lib/gcc/powerpc-eabi/15.2.0/../../../../powerpc-eabi/lib\libstdc++.a(si_class_type_info.o)
                0x02008c84                _ZN10__cxxabiv120__si_class_type_infoD0Ev
 .text._ZNK10__cxxabiv120__si_class_type_info12__do_dyncastEiNS_17__class_type_info10__sub_kindEPKS1_PKvS4_S6_RNS1_16__dyncast_resultE
                0x02008cc4      0x1b8 C:/devkitPro/devkitPPC/bin/../lib/gcc/powerpc-eabi/15.2.0/../../../../powerpc-eabi/lib\libstdc++.a(si_class_type_info.o)
                0x02008cc4                _ZNK10__cxxabiv120__si_class_type_info12__do_dyncastEiNS_17__class_type_info10__sub_kindEPKS1_PKvS4_S6_RNS1_16__dyncast_resultE
 .text._ZNK10__cxxabiv120__si_class_type_info20__do_find_public_srcEiPKvPKNS_17__class_type_infoES2_
                0x02008e7c       0xd4 C:/devkitPro/devkitPPC/bin/../lib/gcc/powerpc-eabi/15.2.0/../../../../powerpc-eabi/lib\libstdc++.a(si_class_type_info.o)
                0x02008e7c                _ZNK10__cxxabiv120__si_class_type_info20__do_find_public_srcEiPKvPKNS_17__class_type_infoES2_
 .text._ZNK10__cxxabiv120__si_class_type_info11__do_upcastEPKNS_17__class_type_infoEPKvRNS1_15__upcast_resultE
                0x02008f50       0x94 C:/devkitPro/devkitPPC/bin/../lib/gcc/powerpc-eabi/15.2.0/../../../../powerpc-eabi/lib\libstdc++.a(si_class_type_info.o)
                0x02008f50                _ZNK10__cxxabiv120__si_class_type_info11__do_upcastEPKNS_17__class_type_infoEPKvRNS1_15__upcast_resultE
 .text._ZNSt9type_infoD2Ev
                0x02008fe4        0x4 C:/devkitPro/devkitPPC/bin/../lib/gcc/powerpc-eabi/15.2.0/../../../../powerpc-eabi/lib\libstdc++.a(tinfo.o)
                0x02008fe4                _ZNSt9type_infoD1Ev
                0x02008fe4                _ZNSt9type_infoD2Ev
 .text._ZNKSt9type_info14__is_pointer_pEv
                0x02008fe8        0x8 C:/devkitPro/devkitPPC/bin/../lib/gcc/powerpc-eabi/15.2.0/../../../../powerpc-eabi/lib\libstdc++.a(tinfo.o)
                0x02008fe8                _ZNKSt9type_info15__is_function_pEv
                0x02008fe8                _ZNKSt9type_info14__is_pointer_pEv
 .text._ZNKSt11logic_error4whatEv
                0x02008ff0        0x8 C:/devkitPro/devkitPPC/bin/../lib/gcc/powerpc-eabi/15.2.0/../../../../powerpc-eabi/lib\libstdc++.a(stdexcept.o)
                0x02008ff0                _ZNKSt11logic_error4whatEv
                0x02008ff0                _ZNKSt13runtime_error4whatEv
 .text._ZNSt11logic_errorD2Ev
                0x02008ff8       0x84 C:/devkitPro/devkitPPC/bin/../lib/gcc/powerpc-eabi/15.2.0/../../../../powerpc-eabi/lib\libstdc++.a(stdexcept.o)
                0x02008ff8                _ZNSt11logic_errorD2Ev
                0x02008ff8                _ZNSt11logic_errorD1Ev
 .text._ZNSt12length_errorD2Ev
                0x0200907c       0x84 C:/devkitPro/devkitPPC/bin/../lib/gcc/powerpc-eabi/15.2.0/../../../../powerpc-eabi/lib\libstdc++.a(stdexcept.o)
                0x0200907c                _ZNSt12length_errorD1Ev
                0x0200907c                _ZNSt12length_errorD2Ev
 .text._ZNSt11logic_errorD0Ev
                0x02009100       0x88 C:/devkitPro/devkitPPC/bin/../lib/gcc/powerpc-eabi/15.2.0/../../../../powerpc-eabi/lib\libstdc++.a(stdexcept.o)
                0x02009100                _ZNSt11logic_errorD0Ev
 .text._ZNSt12length_errorD0Ev
                0x02009188       0x88 C:/devkitPro/devkitPPC/bin/../lib/gcc/powerpc-eabi/15.2.0/../../../../powerpc-eabi/lib\libstdc++.a(stdexcept.o)
                0x02009188                _ZNSt12length_errorD0Ev
 .text._ZNSt11logic_errorC2EPKc
                0x02009210      0x114 C:/devkitPro/devkitPPC/bin/../lib/gcc/powerpc-eabi/15.2.0/../../../../powerpc-eabi/lib\libstdc++.a(cow-stdexcept.o)
                0x02009210                _ZNSt11logic_errorC1EPKc
                0x02009210                _ZNSt11logic_errorC2EPKc
 .text._ZNSt12length_errorC2EPKc
                0x02009324       0x38 C:/devkitPro/devkitPPC/bin/../lib/gcc/powerpc-eabi/15.2.0/../../../../powerpc-eabi/lib\libstdc++.a(cow-stdexcept.o)
                0x02009324                _ZNSt12length_errorC1EPKc
                0x02009324                _ZNSt12length_errorC2EPKc
 .text._ZNSs4_Rep9_S_createEjjRKSaIcE
                0x0200935c       0xdc C:/devkitPro/devkitPPC/bin/../lib/gcc/powerpc-eabi/15.2.0/../../../../powerpc-eabi/lib\libstdc++.a(cow-string-inst.o)
                0x0200935c                _ZNSs4_Rep9_S_createEjjRKSaIcE
 .text._ZNSs4_Rep10_M_destroyERKSaIcE
                0x02009438        0x4 C:/devkitPro/devkitPPC/bin/../lib/gcc/powerpc-eabi/15.2.0/../../../../powerpc-eabi/lib\libstdc++.a(cow-string-inst.o)
                0x02009438                _ZNSs4_Rep10_M_destroyERKSaIcE
 .text._ZNK10__cxxabiv117__class_type_info11__do_upcastEPKS0_PPv
                0x0200943c       0x7c C:/devkitPro/devkitPPC/bin/../lib/gcc/powerpc-eabi/15.2.0/../../../../powerpc-eabi/lib\libstdc++.a(class_type_info.o)
                0x0200943c                _ZNK10__cxxabiv117__class_type_info11__do_upcastEPKS0_PPv
 .text._ZNK10__cxxabiv117__class_type_info20__do_find_public_srcEiPKvPKS0_S2_
                0x020094b8       0x18 C:/devkitPro/devkitPPC/bin/../lib/gcc/powerpc-eabi/15.2.0/../../../../powerpc-eabi/lib\libstdc++.a(class_type_info.o)
                0x020094b8                _ZNK10__cxxabiv117__class_type_info20__do_find_public_srcEiPKvPKS0_S2_
 .text._ZN10__cxxabiv117__class_type_infoD2Ev
                0x020094d0       0x10 C:/devkitPro/devkitPPC/bin/../lib/gcc/powerpc-eabi/15.2.0/../../../../powerpc-eabi/lib\libstdc++.a(class_type_info.o)
                0x020094d0                _ZN10__cxxabiv117__class_type_infoD2Ev
                0x020094d0                _ZN10__cxxabiv117__class_type_infoD1Ev
 .text._ZN10__cxxabiv117__class_type_infoD0Ev
                0x020094e0       0x40 C:/devkitPro/devkitPPC/bin/../lib/gcc/powerpc-eabi/15.2.0/../../../../powerpc-eabi/lib\libstdc++.a(class_type_info.o)
                0x020094e0                _ZN10__cxxabiv117__class_type_infoD0Ev
 .text._ZNK10__cxxabiv117__class_type_info11__do_upcastEPKS0_PKvRNS0_15__upcast_resultE
                0x02009520       0x90 C:/devkitPro/devkitPPC/bin/../lib/gcc/powerpc-eabi/15.2.0/../../../../powerpc-eabi/lib\libstdc++.a(class_type_info.o)
                0x02009520                _ZNK10__cxxabiv117__class_type_info11__do_upcastEPKS0_PKvRNS0_15__upcast_resultE
 .text._ZNK10__cxxabiv117__class_type_info10__do_catchEPKSt9type_infoPPvj
                0x020095b0      0x100 C:/devkitPro/devkitPPC/bin/../lib/gcc/powerpc-eabi/15.2.0/../../../../powerpc-eabi/lib\libstdc++.a(class_type_info.o)
                0x020095b0                _ZNK10__cxxabiv117__class_type_info10__do_catchEPKSt9type_infoPPvj
 .text._ZNK10__cxxabiv117__class_type_info12__do_dyncastEiNS0_10__sub_kindEPKS0_PKvS3_S5_RNS0_16__dyncast_resultE
                0x020096b0      0x134 C:/devkitPro/devkitPPC/bin/../lib/gcc/powerpc-eabi/15.2.0/../../../../powerpc-eabi/lib\libstdc++.a(class_type_info.o)
                0x020096b0                _ZNK10__cxxabiv117__class_type_info12__do_dyncastEiNS0_10__sub_kindEPKS0_PKvS3_S5_RNS0_16__dyncast_resultE
 .text.__divdi3
                0x020097e4      0x428 C:/devkitPro/devkitPPC/bin/../lib/gcc/powerpc-eabi/15.2.0\libgcc.a(_divdi3.o)
                0x020097e4                __divdi3
 .text.__udivdi3
                0x02009c0c      0x3cc C:/devkitPro/devkitPPC/bin/../lib/gcc/powerpc-eabi/15.2.0\libgcc.a(_udivdi3.o)
                0x02009c0c                __udivdi3
 .text.init_dwarf_reg_size_table
                0x02009fd8      0x1d0 C:/devkitPro/devkitPPC/bin/../lib/gcc/powerpc-eabi/15.2.0\libgcc.a(unwind-dw2.o)
 .text.uw_install_context_1
                0x0200a1a8      0x1fc C:/devkitPro/devkitPPC/bin/../lib/gcc/powerpc-eabi/15.2.0\libgcc.a(unwind-dw2.o)
 .text.read_encoded_value
                0x0200a3a4      0x18c C:/devkitPro/devkitPPC/bin/../lib/gcc/powerpc-eabi/15.2.0\libgcc.a(unwind-dw2.o)
 .text.execute_stack_op
                0x0200a530      0x870 C:/devkitPro/devkitPPC/bin/../lib/gcc/powerpc-eabi/15.2.0\libgcc.a(unwind-dw2.o)
 .text.uw_update_context_1
                0x0200ada0      0x390 C:/devkitPro/devkitPPC/bin/../lib/gcc/powerpc-eabi/15.2.0\libgcc.a(unwind-dw2.o)
 .text.execute_cfa_program_specialized
                0x0200b130      0x954 C:/devkitPro/devkitPPC/bin/../lib/gcc/powerpc-eabi/15.2.0\libgcc.a(unwind-dw2.o)
 .text.execute_cfa_program_generic
                0x0200ba84      0x9bc C:/devkitPro/devkitPPC/bin/../lib/gcc/powerpc-eabi/15.2.0\libgcc.a(unwind-dw2.o)
 .text.uw_frame_state_for
                0x0200c440      0x4d8 C:/devkitPro/devkitPPC/bin/../lib/gcc/powerpc-eabi/15.2.0\libgcc.a(unwind-dw2.o)
 .text.uw_init_context_1
                0x0200c918      0x2d0 C:/devkitPro/devkitPPC/bin/../lib/gcc/powerpc-eabi/15.2.0\libgcc.a(unwind-dw2.o)
 .text._Unwind_RaiseException_Phase2
                0x0200cbe8      0x1cc C:/devkitPro/devkitPPC/bin/../lib/gcc/powerpc-eabi/15.2.0\libgcc.a(unwind-dw2.o)
 .text._Unwind_ForcedUnwind_Phase2
                0x0200cdb4      0x1f0 C:/devkitPro/devkitPPC/bin/../lib/gcc/powerpc-eabi/15.2.0\libgcc.a(unwind-dw2.o)
 .text._Unwind_SetGR
                0x0200cfa4       0x64 C:/devkitPro/devkitPPC/bin/../lib/gcc/powerpc-eabi/15.2.0\libgcc.a(unwind-dw2.o)
                0x0200cfa4                _Unwind_SetGR
 .text._Unwind_GetIPInfo
                0x0200d008       0x14 C:/devkitPro/devkitPPC/bin/../lib/gcc/powerpc-eabi/15.2.0\libgcc.a(unwind-dw2.o)
                0x0200d008                _Unwind_GetIPInfo
 .text._Unwind_SetIP
                0x0200d01c        0x8 C:/devkitPro/devkitPPC/bin/../lib/gcc/powerpc-eabi/15.2.0\libgcc.a(unwind-dw2.o)
                0x0200d01c                _Unwind_SetIP
 .text._Unwind_GetLanguageSpecificData
                0x0200d024        0x8 C:/devkitPro/devkitPPC/bin/../lib/gcc/powerpc-eabi/15.2.0\libgcc.a(unwind-dw2.o)
                0x0200d024                _Unwind_GetLanguageSpecificData
 .text._Unwind_GetRegionStart
                0x0200d02c        0x8 C:/devkitPro/devkitPPC/bin/../lib/gcc/powerpc-eabi/15.2.0\libgcc.a(unwind-dw2.o)
                0x0200d02c                _Unwind_GetRegionStart
 .text._Unwind_GetDataRelBase
                0x0200d034        0x8 C:/devkitPro/devkitPPC/bin/../lib/gcc/powerpc-eabi/15.2.0\libgcc.a(unwind-dw2.o)
                0x0200d034                _Unwind_GetDataRelBase
 .text._Unwind_GetTextRelBase
                0x0200d03c        0x8 C:/devkitPro/devkitPPC/bin/../lib/gcc/powerpc-eabi/15.2.0\libgcc.a(unwind-dw2.o)
                0x0200d03c                _Unwind_GetTextRelBase
 .text._Unwind_DebugHook
                0x0200d044        0x4 C:/devkitPro/devkitPPC/bin/../lib/gcc/powerpc-eabi/15.2.0\libgcc.a(unwind-dw2.o)
 .text._Unwind_RaiseException
                0x0200d048      0x38c C:/devkitPro/devkitPPC/bin/../lib/gcc/powerpc-eabi/15.2.0\libgcc.a(unwind-dw2.o)
                0x0200d048                _Unwind_RaiseException
 .text._Unwind_Resume
                0x0200d3d4      0x1dc C:/devkitPro/devkitPPC/bin/../lib/gcc/powerpc-eabi/15.2.0\libgcc.a(unwind-dw2.o)
                0x0200d3d4                _Unwind_Resume
 .text._Unwind_DeleteException
                0x0200d5b0       0x1c C:/devkitPro/devkitPPC/bin/../lib/gcc/powerpc-eabi/15.2.0\libgcc.a(unwind-dw2.o)
                0x0200d5b0                _Unwind_DeleteException
 .text.fde_unencoded_compare
                0x0200d5cc       0x20 C:/devkitPro/devkitPPC/bin/../lib/gcc/powerpc-eabi/15.2.0\libgcc.a(unwind-dw2-fde.o)
 .text.fde_unencoded_extract
                0x0200d5ec       0x74 C:/devkitPro/devkitPPC/bin/../lib/gcc/powerpc-eabi/15.2.0\libgcc.a(unwind-dw2-fde.o)
 .text.frame_downheap
                0x0200d660      0x110 C:/devkitPro/devkitPPC/bin/../lib/gcc/powerpc-eabi/15.2.0\libgcc.a(unwind-dw2-fde.o)
 .text.read_encoded_value_with_base
                0x0200d770      0x13c C:/devkitPro/devkitPPC/bin/../lib/gcc/powerpc-eabi/15.2.0\libgcc.a(unwind-dw2-fde.o)
 .text.fde_radixsort
                0x0200d8ac      0x2a4 C:/devkitPro/devkitPPC/bin/../lib/gcc/powerpc-eabi/15.2.0\libgcc.a(unwind-dw2-fde.o)
 .text.__deregister_frame_info_bases.part.0
                0x0200db50      0x118 C:/devkitPro/devkitPPC/bin/../lib/gcc/powerpc-eabi/15.2.0\libgcc.a(unwind-dw2-fde.o)
 .text.get_cie_encoding
                0x0200dc68      0x158 C:/devkitPro/devkitPPC/bin/../lib/gcc/powerpc-eabi/15.2.0\libgcc.a(unwind-dw2-fde.o)
 .text.fde_mixed_encoding_extract
                0x0200ddc0       0xfc C:/devkitPro/devkitPPC/bin/../lib/gcc/powerpc-eabi/15.2.0\libgcc.a(unwind-dw2-fde.o)
 .text.classify_object_over_fdes.constprop.0
                0x0200debc      0x20c C:/devkitPro/devkitPPC/bin/../lib/gcc/powerpc-eabi/15.2.0\libgcc.a(unwind-dw2-fde.o)
 .text.fde_single_encoding_extract
                0x0200e0c8      0x108 C:/devkitPro/devkitPPC/bin/../lib/gcc/powerpc-eabi/15.2.0\libgcc.a(unwind-dw2-fde.o)
 .text.fde_single_encoding_compare
                0x0200e1d0       0xd0 C:/devkitPro/devkitPPC/bin/../lib/gcc/powerpc-eabi/15.2.0\libgcc.a(unwind-dw2-fde.o)
 .text.fde_mixed_encoding_compare
                0x0200e2a0      0x150 C:/devkitPro/devkitPPC/bin/../lib/gcc/powerpc-eabi/15.2.0\libgcc.a(unwind-dw2-fde.o)
 .text.add_fdes.isra.0
                0x0200e3f0      0x2c0 C:/devkitPro/devkitPPC/bin/../lib/gcc/powerpc-eabi/15.2.0\libgcc.a(unwind-dw2-fde.o)
 .text.linear_search_fdes
                0x0200e6b0      0x360 C:/devkitPro/devkitPPC/bin/../lib/gcc/powerpc-eabi/15.2.0\libgcc.a(unwind-dw2-fde.o)
 .text.search_object
                0x0200ea10      0x6e4 C:/devkitPro/devkitPPC/bin/../lib/gcc/powerpc-eabi/15.2.0\libgcc.a(unwind-dw2-fde.o)
 .text.__register_frame_info
                0x0200f0f4       0x88 C:/devkitPro/devkitPPC/bin/../lib/gcc/powerpc-eabi/15.2.0\libgcc.a(unwind-dw2-fde.o)
                0x0200f0f4                __register_frame_info
 .text.__deregister_frame_info
                0x0200f17c       0x20 C:/devkitPro/devkitPPC/bin/../lib/gcc/powerpc-eabi/15.2.0\libgcc.a(unwind-dw2-fde.o)
                0x0200f17c                __deregister_frame_info
 .text._Unwind_Find_FDE
                0x0200f19c      0x24c C:/devkitPro/devkitPPC/bin/../lib/gcc/powerpc-eabi/15.2.0\libgcc.a(unwind-dw2-fde.o)
                0x0200f19c                _Unwind_Find_FDE
 .text.chdir    0x0200f3e8      0x1b8 C:/devkitPro/devkitPPC/bin/../lib/gcc/powerpc-eabi/15.2.0/../../../../powerpc-eabi/lib\libsysbase.a(libsysbase_libsysbase_a-chdir.o)
                0x0200f3e8                chdir
 .text._concatenate_path
                0x0200f5a0      0x27c C:/devkitPro/devkitPPC/bin/../lib/gcc/powerpc-eabi/15.2.0/../../../../powerpc-eabi/lib\libsysbase.a(libsysbase_libsysbase_a-concatenate.o)
                0x0200f5a0                _concatenate_path
 .text.null_write
                0x0200f81c        0x8 C:/devkitPro/devkitPPC/bin/../lib/gcc/powerpc-eabi/15.2.0/../../../../powerpc-eabi/lib\libsysbase.a(libsysbase_libsysbase_a-iosupport.o)
 .text.setDefaultDevice
                0x0200f824       0x18 C:/devkitPro/devkitPPC/bin/../lib/gcc/powerpc-eabi/15.2.0/../../../../powerpc-eabi/lib\libsysbase.a(libsysbase_libsysbase_a-iosupport.o)
                0x0200f824                setDefaultDevice
 .text.FindDevice
                0x0200f83c      0x108 C:/devkitPro/devkitPPC/bin/../lib/gcc/powerpc-eabi/15.2.0/../../../../powerpc-eabi/lib\libsysbase.a(libsysbase_libsysbase_a-iosupport.o)
                0x0200f83c                FindDevice
 .text.RemoveDevice
                0x0200f944       0x40 C:/devkitPro/devkitPPC/bin/../lib/gcc/powerpc-eabi/15.2.0/../../../../powerpc-eabi/lib\libsysbase.a(libsysbase_libsysbase_a-iosupport.o)
                0x0200f944                RemoveDevice
 .text.AddDevice
                0x0200f984       0xf4 C:/devkitPro/devkitPPC/bin/../lib/gcc/powerpc-eabi/15.2.0/../../../../powerpc-eabi/lib\libsysbase.a(libsysbase_libsysbase_a-iosupport.o)
                0x0200f984                AddDevice
 .text.pthread_mutex_lock
                0x0200fa78       0x80 C:/devkitPro/devkitPPC/bin/../lib/gcc/powerpc-eabi/15.2.0/../../../../powerpc-eabi/lib\libsysbase.a(libsysbase_libsysbase_a-pthread.o)
                0x0200fa78                pthread_mutex_lock
 .text.pthread_mutex_unlock
                0x0200faf8       0x80 C:/devkitPro/devkitPPC/bin/../lib/gcc/powerpc-eabi/15.2.0/../../../../powerpc-eabi/lib\libsysbase.a(libsysbase_libsysbase_a-pthread.o)
                0x0200faf8                pthread_mutex_unlock
 .text.pthread_once
                0x0200fb78       0xfc C:/devkitPro/devkitPPC/bin/../lib/gcc/powerpc-eabi/15.2.0/../../../../powerpc-eabi/lib\libsysbase.a(libsysbase_libsysbase_a-pthread.o)
                0x0200fb78                pthread_once
 .text.pthread_key_create
                0x0200fc74       0x2c C:/devkitPro/devkitPPC/bin/../lib/gcc/powerpc-eabi/15.2.0/../../../../powerpc-eabi/lib\libsysbase.a(libsysbase_libsysbase_a-pthread.o)
                0x0200fc74                pthread_key_create
 .text.pthread_setspecific
                0x0200fca0       0x1c C:/devkitPro/devkitPPC/bin/../lib/gcc/powerpc-eabi/15.2.0/../../../../powerpc-eabi/lib\libsysbase.a(libsysbase_libsysbase_a-pthread.o)
                0x0200fca0                pthread_setspecific
 .text.pthread_getspecific
                0x0200fcbc       0x1c C:/devkitPro/devkitPPC/bin/../lib/gcc/powerpc-eabi/15.2.0/../../../../powerpc-eabi/lib\libsysbase.a(libsysbase_libsysbase_a-pthread.o)
                0x0200fcbc                pthread_getspecific
 .text.pthread_key_delete
                0x0200fcd8       0x1c C:/devkitPro/devkitPPC/bin/../lib/gcc/powerpc-eabi/15.2.0/../../../../powerpc-eabi/lib\libsysbase.a(libsysbase_libsysbase_a-pthread.o)
                0x0200fcd8                pthread_key_delete
 .text.__libc_lock_acquire
                0x0200fcf4       0x14 C:/devkitPro/devkitPPC/bin/../lib/gcc/powerpc-eabi/15.2.0/../../../../powerpc-eabi/lib\libsysbase.a(libsysbase_libsysbase_a-syscall_support.o)
                0x0200fcf4                __libc_lock_acquire
 .text.__libc_lock_release
                0x0200fd08       0x14 C:/devkitPro/devkitPPC/bin/../lib/gcc/powerpc-eabi/15.2.0/../../../../powerpc-eabi/lib\libsysbase.a(libsysbase_libsysbase_a-syscall_support.o)
                0x0200fd08                __libc_lock_release
 .text.__libc_lock_acquire_recursive
                0x0200fd1c       0x14 C:/devkitPro/devkitPPC/bin/../lib/gcc/powerpc-eabi/15.2.0/../../../../powerpc-eabi/lib\libsysbase.a(libsysbase_libsysbase_a-syscall_support.o)
                0x0200fd1c                __libc_lock_acquire_recursive
 .text.__libc_lock_release_recursive
                0x0200fd30       0x14 C:/devkitPro/devkitPPC/bin/../lib/gcc/powerpc-eabi/15.2.0/../../../../powerpc-eabi/lib\libsysbase.a(libsysbase_libsysbase_a-syscall_support.o)
                0x0200fd30                __libc_lock_release_recursive
 .text.__libc_cond_broadcast
                0x0200fd44       0x1c C:/devkitPro/devkitPPC/bin/../lib/gcc/powerpc-eabi/15.2.0/../../../../powerpc-eabi/lib\libsysbase.a(libsysbase_libsysbase_a-syscall_support.o)
                0x0200fd44                __libc_cond_broadcast
 .text.__libc_cond_wait
                0x0200fd60       0x1c C:/devkitPro/devkitPPC/bin/../lib/gcc/powerpc-eabi/15.2.0/../../../../powerpc-eabi/lib\libsysbase.a(libsysbase_libsysbase_a-syscall_support.o)
                0x0200fd60                __libc_cond_wait
 .text.getenv   0x0200fd7c       0x38 C:/devkitPro/devkitPPC/bin/../lib/gcc/powerpc-eabi/15.2.0/../../../../powerpc-eabi/lib\libc.a(libc_a-getenv.o)
                0x0200fd7c                getenv
 .text.memcpy   0x0200fdb4      0x14c C:/devkitPro/devkitPPC/bin/../lib/gcc/powerpc-eabi/15.2.0/../../../../powerpc-eabi/lib\libc.a(libc_a-memcpy.o)
                0x0200fdb4                memcpy
 .text.strlen   0x0200ff00       0x80 C:/devkitPro/devkitPPC/bin/../lib/gcc/powerpc-eabi/15.2.0/../../../../powerpc-eabi/lib\libc.a(libc_a-strlen.o)
                0x0200ff00                strlen
 .text.strcpy   0x0200ff80       0x8c C:/devkitPro/devkitPPC/bin/../lib/gcc/powerpc-eabi/15.2.0/../../../../powerpc-eabi/lib\libc.a(libc_a-strcpy.o)
                0x0200ff80                strcpy
 .text.memalign
                0x0201000c       0x40 C:/devkitPro/devkitPPC/bin/../lib/gcc/powerpc-eabi/15.2.0/../../../../powerpc-eabi/lib\libc.a(libc_a-malign.o)
                0x0201000c                memalign
 .text.snprintf
                0x0201004c      0x130 C:/devkitPro/devkitPPC/bin/../lib/gcc/powerpc-eabi/15.2.0/../../../../powerpc-eabi/lib\libc.a(libc_a-snprintf.o)
                0x0201004c                snprintf
 .text.memchr   0x0201017c      0x148 C:/devkitPro/devkitPPC/bin/../lib/gcc/powerpc-eabi/15.2.0/../../../../powerpc-eabi/lib\libc.a(libc_a-memchr.o)
                0x0201017c                memchr
 .text._strtoul_l.isra.0
                0x020102c4      0x218 C:/devkitPro/devkitPPC/bin/../lib/gcc/powerpc-eabi/15.2.0/../../../../powerpc-eabi/lib\libc.a(libc_a-strtoul.o)
 .text.strtoul  0x020104dc       0x64 C:/devkitPro/devkitPPC/bin/../lib/gcc/powerpc-eabi/15.2.0/../../../../powerpc-eabi/lib\libc.a(libc_a-strtoul.o)
                0x020104dc                strtoul
 .text.strchr   0x02010540      0x154 C:/devkitPro/devkitPPC/bin/../lib/gcc/powerpc-eabi/15.2.0/../../../../powerpc-eabi/lib\libc.a(libc_a-strchr.o)
                0x02010540                strchr
 .text.memcmp   0x02010694      0x124 C:/devkitPro/devkitPPC/bin/../lib/gcc/powerpc-eabi/15.2.0/../../../../powerpc-eabi/lib\libc.a(libc_a-memcmp.o)
                0x02010694                memcmp
 .text.memset   0x020107b8      0x180 C:/devkitPro/devkitPPC/bin/../lib/gcc/powerpc-eabi/15.2.0/../../../../powerpc-eabi/lib\libc.a(libc_a-memset.o)
                0x020107b8                memset
 .text.strncpy  0x02010938      0x104 C:/devkitPro/devkitPPC/bin/../lib/gcc/powerpc-eabi/15.2.0/../../../../powerpc-eabi/lib\libc.a(libc_a-strncpy.o)
                0x02010938                strncpy
 .text.strcmp   0x02010a3c       0x9c C:/devkitPro/devkitPPC/bin/../lib/gcc/powerpc-eabi/15.2.0/../../../../powerpc-eabi/lib\libc.a(libc_a-strcmp.o)
                0x02010a3c                strcmp
 .text.malloc   0x02010ad8       0x58 C:/devkitPro/devkitPPC/bin/../lib/gcc/powerpc-eabi/15.2.0/../../../../powerpc-eabi/lib\libc.a(libc_a-malloc.o)
                0x02010ad8                malloc
 .text.free     0x02010b30       0x30 C:/devkitPro/devkitPPC/bin/../lib/gcc/powerpc-eabi/15.2.0/../../../../powerpc-eabi/lib\libc.a(libc_a-malloc.o)
                0x02010b30                free
 .text.strrchr  0x02010b60       0x78 C:/devkitPro/devkitPPC/bin/../lib/gcc/powerpc-eabi/15.2.0/../../../../powerpc-eabi/lib\libc.a(libc_a-strrchr.o)
                0x02010b60                strrchr
 .text._findenv_r
                0x02010bd8      0x13c C:/devkitPro/devkitPPC/bin/../lib/gcc/powerpc-eabi/15.2.0/../../../../powerpc-eabi/lib\libc.a(libc_a-getenv_r.o)
                0x02010bd8                _findenv_r
 .text.memmove  0x02010d14      0x254 C:/devkitPro/devkitPPC/bin/../lib/gcc/powerpc-eabi/15.2.0/../../../../powerpc-eabi/lib\libc.a(libc_a-memmove.o)
                0x02010d14                memmove
 .text.strdup   0x02010f68       0x30 C:/devkitPro/devkitPPC/bin/../lib/gcc/powerpc-eabi/15.2.0/../../../../powerpc-eabi/lib\libc.a(libc_a-strdup.o)
                0x02010f68                strdup
 .text._reclaim_reent
                0x02010f98      0x10c C:/devkitPro/devkitPPC/bin/../lib/gcc/powerpc-eabi/15.2.0/../../../../powerpc-eabi/lib\libc.a(libc_a-reent.o)
                0x02010f98                _reclaim_reent
 .text.get_arg  0x020110a4      0x7bc C:/devkitPro/devkitPPC/bin/../lib/gcc/powerpc-eabi/15.2.0/../../../../powerpc-eabi/lib\libc.a(libc_a-svfprintf.o)
 .text._svfprintf_r
                0x02011860     0x39f8 C:/devkitPro/devkitPPC/bin/../lib/gcc/powerpc-eabi/15.2.0/../../../../powerpc-eabi/lib\libc.a(libc_a-svfprintf.o)
                0x02011860                _svfprintf_r
 .text.strnlen  0x02015258       0xc0 C:/devkitPro/devkitPPC/bin/../lib/gcc/powerpc-eabi/15.2.0/../../../../powerpc-eabi/lib\libc.a(libc_a-strnlen.o)
                0x02015258                strnlen
 .text.strncmp  0x02015318       0xc8 C:/devkitPro/devkitPPC/bin/../lib/gcc/powerpc-eabi/15.2.0/../../../../powerpc-eabi/lib\libc.a(libc_a-strncmp.o)
                0x02015318                strncmp
 .text.frexp    0x020153e0       0x90 C:/devkitPro/devkitPPC/bin/../lib/gcc/powerpc-eabi/15.2.0/../../../../powerpc-eabi/lib\libc.a(libm_a-s_frexp.o)
                0x020153e0                frexp
 .text.__env_lock
                0x02015470        0xc C:/devkitPro/devkitPPC/bin/../lib/gcc/powerpc-eabi/15.2.0/../../../../powerpc-eabi/lib\libc.a(libc_a-envlock.o)
                0x02015470                __env_lock
 .text.__env_unlock
                0x0201547c        0xc C:/devkitPro/devkitPPC/bin/../lib/gcc/powerpc-eabi/15.2.0/../../../../powerpc-eabi/lib\libc.a(libc_a-envlock.o)
                0x0201547c                __env_unlock
 .text._strdup_r
                0x02015488       0x70 C:/devkitPro/devkitPPC/bin/../lib/gcc/powerpc-eabi/15.2.0/../../../../powerpc-eabi/lib\libc.a(libc_a-strdup_r.o)
                0x02015488                _strdup_r
 .text._wcrtomb_r
                0x020154f8      0x104 C:/devkitPro/devkitPPC/bin/../lib/gcc/powerpc-eabi/15.2.0/../../../../powerpc-eabi/lib\libc.a(libc_a-wcrtomb.o)
                0x020154f8                _wcrtomb_r
 .text.__ssprint_r
                0x020155fc      0x10c C:/devkitPro/devkitPPC/bin/../lib/gcc/powerpc-eabi/15.2.0/../../../../powerpc-eabi/lib\libc.a(libc_a-ssprint_r.o)
                0x020155fc                __ssprint_r
 .text.__locale_mb_cur_max
                0x02015708       0x4c C:/devkitPro/devkitPPC/bin/../lib/gcc/powerpc-eabi/15.2.0/../../../../powerpc-eabi/lib\libc.a(libc_a-locale.o)
                0x02015708                __locale_mb_cur_max
 .text.quorem   0x02015754      0x340 C:/devkitPro/devkitPPC/bin/../lib/gcc/powerpc-eabi/15.2.0/../../../../powerpc-eabi/lib\libc.a(libc_a-dtoa.o)
 .text._dtoa_r  0x02015a94     0x1720 C:/devkitPro/devkitPPC/bin/../lib/gcc/powerpc-eabi/15.2.0/../../../../powerpc-eabi/lib\libc.a(libc_a-dtoa.o)
                0x02015a94                _dtoa_r
 .text._wcsrtombs_r
                0x020171b4       0x10 C:/devkitPro/devkitPPC/bin/../lib/gcc/powerpc-eabi/15.2.0/../../../../powerpc-eabi/lib\libc.a(libc_a-wcsrtombs.o)
                0x020171b4                _wcsrtombs_r
 .text._localeconv_r
                0x020171c4       0x4c C:/devkitPro/devkitPPC/bin/../lib/gcc/powerpc-eabi/15.2.0/../../../../powerpc-eabi/lib\libc.a(libc_a-localeconv.o)
                0x020171c4                _localeconv_r
 .text.__ssputs_r
                0x02017210      0x194 C:/devkitPro/devkitPPC/bin/../lib/gcc/powerpc-eabi/15.2.0/../../../../powerpc-eabi/lib\libc.a(libc_a-ssputs_r.o)
                0x02017210                __ssputs_r
 .text.__utf8_wctomb
                0x020173a4      0x108 C:/devkitPro/devkitPPC/bin/../lib/gcc/powerpc-eabi/15.2.0/../../../../powerpc-eabi/lib\libc.a(libc_a-wctomb_r.o)
                0x020173a4                __utf8_wctomb
 .text._wcsnrtombs_l
                0x020174ac      0x1e4 C:/devkitPro/devkitPPC/bin/../lib/gcc/powerpc-eabi/15.2.0/../../../../powerpc-eabi/lib\libc.a(libc_a-wcsnrtombs.o)
                0x020174ac                _wcsnrtombs_l
 .text._wcsnrtombs_r
                0x02017690       0xd8 C:/devkitPro/devkitPPC/bin/../lib/gcc/powerpc-eabi/15.2.0/../../../../powerpc-eabi/lib\libc.a(libc_a-wcsnrtombs.o)
                0x02017690                _wcsnrtombs_r
 .text._Balloc  0x02017768       0xf4 C:/devkitPro/devkitPPC/bin/../lib/gcc/powerpc-eabi/15.2.0/../../../../powerpc-eabi/lib\libc.a(libc_a-mprec.o)
                0x02017768                _Balloc
 .text._Bfree   0x0201785c       0x24 C:/devkitPro/devkitPPC/bin/../lib/gcc/powerpc-eabi/15.2.0/../../../../powerpc-eabi/lib\libc.a(libc_a-mprec.o)
                0x0201785c                _Bfree
 .text.__multadd
                0x02017880      0x174 C:/devkitPro/devkitPPC/bin/../lib/gcc/powerpc-eabi/15.2.0/../../../../powerpc-eabi/lib\libc.a(libc_a-mprec.o)
                0x02017880                __multadd
 .text.__hi0bits
                0x020179f4       0x98 C:/devkitPro/devkitPPC/bin/../lib/gcc/powerpc-eabi/15.2.0/../../../../powerpc-eabi/lib\libc.a(libc_a-mprec.o)
                0x020179f4                __hi0bits
 .text.__lo0bits
                0x02017a8c      0x10c C:/devkitPro/devkitPPC/bin/../lib/gcc/powerpc-eabi/15.2.0/../../../../powerpc-eabi/lib\libc.a(libc_a-mprec.o)
                0x02017a8c                __lo0bits
 .text.__i2b    0x02017b98      0x108 C:/devkitPro/devkitPPC/bin/../lib/gcc/powerpc-eabi/15.2.0/../../../../powerpc-eabi/lib\libc.a(libc_a-mprec.o)
                0x02017b98                __i2b
 .text.__multiply
                0x02017ca0      0x338 C:/devkitPro/devkitPPC/bin/../lib/gcc/powerpc-eabi/15.2.0/../../../../powerpc-eabi/lib\libc.a(libc_a-mprec.o)
                0x02017ca0                __multiply
 .text.__pow5mult
                0x02017fd8      0x19c C:/devkitPro/devkitPPC/bin/../lib/gcc/powerpc-eabi/15.2.0/../../../../powerpc-eabi/lib\libc.a(libc_a-mprec.o)
                0x02017fd8                __pow5mult
 .text.__lshift
                0x02018174      0x26c C:/devkitPro/devkitPPC/bin/../lib/gcc/powerpc-eabi/15.2.0/../../../../powerpc-eabi/lib\libc.a(libc_a-mprec.o)
                0x02018174                __lshift
 .text.__mcmp   0x020183e0       0xdc C:/devkitPro/devkitPPC/bin/../lib/gcc/powerpc-eabi/15.2.0/../../../../powerpc-eabi/lib\libc.a(libc_a-mprec.o)
                0x020183e0                __mcmp
 .text.__mdiff  0x020184bc      0x314 C:/devkitPro/devkitPPC/bin/../lib/gcc/powerpc-eabi/15.2.0/../../../../powerpc-eabi/lib\libc.a(libc_a-mprec.o)
                0x020184bc                __mdiff
 .text.__d2b    0x020187d0      0x194 C:/devkitPro/devkitPPC/bin/../lib/gcc/powerpc-eabi/15.2.0/../../../../powerpc-eabi/lib\libc.a(libc_a-mprec.o)
                0x020187d0                __d2b
 .text.__utf8_mbtowc
                0x02018964      0x604 C:/devkitPro/devkitPPC/bin/../lib/gcc/powerpc-eabi/15.2.0/../../../../powerpc-eabi/lib\libc.a(libc_a-mbtowc_r.o)
                0x02018964                __utf8_mbtowc
 .text.__umoddi3
                0x02018f68      0x384 C:/devkitPro/devkitPPC/bin/../lib/gcc/powerpc-eabi/15.2.0\libgcc.a(_umoddi3.o)
                0x02018f68                __umoddi3
 .text          0x020192ec       0x58 C:/devkitPro/devkitPPC/bin/../lib/gcc/powerpc-eabi/15.2.0\libgcc.a(crtresxgpr.o)
                0x020192ec                _restgpr_14_x
                0x020192f0                _restgpr_15_x
                0x020192f4                _restgpr_16_x
                0x020192f8                _restgpr_17_x
                0x020192fc                _restgpr_18_x
                0x02019300                _restgpr_19_x
                0x02019304                _restgpr_20_x
                0x02019308                _restgpr_21_x
                0x0201930c                _restgpr_22_x
                0x02019310                _restgpr_23_x
                0x02019314                _restgpr_24_x
                0x02019318                _restgpr_25_x
                0x0201931c                _restgpr_26_x
                0x02019320                _restgpr_27_x
                0x02019324                _restgpr_28_x
                0x02019328                _restgpr_29_x
                0x0201932c                _restgpr_30_x
                0x02019330                _restgpr_31_x
 .text.__do_global_ctors_aux
                0x02019344       0x50 C:/devkitPro/devkitPPC/bin/../lib/gcc/powerpc-eabi/15.2.0/crtend.o
 *(.gnu.warning)
 *(.glink)
 .glink         0x02019394        0x0 C:/devkitPro/devkitPPC/bin/../lib/gcc/powerpc-eabi/15.2.0/crtbegin.o
 *(SORT_NONE(.fini))
 .fini          0x02019394        0xc C:/devkitPro/devkitPPC/bin/../lib/gcc/powerpc-eabi/15.2.0/ecrti.o
                0x02019394                __fini
 .fini          0x020193a0        0x4 C:/devkitPro/devkitPPC/bin/../lib/gcc/powerpc-eabi/15.2.0/crtbegin.o
 .fini          0x020193a4       0x10 C:/devkitPro/devkitPPC/bin/../lib/gcc/powerpc-eabi/15.2.0/ecrtn.o
                0x10000000                        . = ORIGIN (datamem)

.rodata         0x10000000     0x1bc4
 *(.sdata2 .sdata2.* .gnu.linkonce.s2.*)
 .sdata2        0x10000000        0x0 C:/devkitPro/devkitPPC/bin/../lib/gcc/powerpc-eabi/15.2.0/crtbegin.o
                0x10008000                _SDA2_BASE_
 *(.sbss2 .sbss2.* .gnu.linkonce.sb2.*)
 *(.rodata .rodata.* .gnu.linkonce.r.*)
 .rodata.str1.4
                0x10000000      0xb25 DrcPairing.o
                                 0x40 (size before relaxing)
 *fill*         0x10000b25        0x3 
 .rodata        0x10000b28       0x10 DrcPairing.o
 .rodata.str1.4
                0x10000b38        0x0 PluginMain.o
                                0x3bd (size before relaxing)
 .rodata        0x10000b38       0x90 PluginMain.o
 .rodata._ZL52WUPSConfigItemBoolean_getCurrentValueSelectedDisplayPvPci.str1.4
                0x10000bc8        0x0 C:/devkitPro/wups/lib\libwups.a(WUPSConfigItemBoolean.o)
                                  0xf (size before relaxing)
 .rodata._ZL44WUPSConfigItemBoolean_getCurrentValueDisplayPvPci.str1.4
                0x10000bc8        0x0 C:/devkitPro/wups/lib\libwups.a(WUPSConfigItemBoolean.o)
                                  0x5 (size before relaxing)
 .rodata.WUPSConfigItemBoolean_CreateEx.str1.4
                0x10000bc8        0x0 C:/devkitPro/wups/lib\libwups.a(WUPSConfigItemBoolean.o)
                                  0x3 (size before relaxing)
 .rodata        0x10000bc8       0x24 C:/devkitPro/wups/lib\libwups.a(WUPSConfigItemBoolean.o)
 .rodata._ZL59WUPSConfigItemMultipleValues_getCurrentValueSelectedDisplayPvPci.str1.4
                0x10000bec        0x0 C:/devkitPro/wups/lib\libwups.a(WUPSConfigItemMultipleValues.o)
                                 0x1f (size before relaxing)
 .rodata        0x10000bec       0x24 C:/devkitPro/wups/lib\libwups.a(WUPSConfigItemMultipleValues.o)
 .rodata.WUPSConfigAPI_GetVersion.str1.4
                0x10000c10        0x0 C:/devkitPro/wups/lib\libwups.a(config_api.o)
                                 0x31 (size before relaxing)
 .rodata.WUPSConfigAPI_InitLibrary_Internal.str1.4
                0x10000c10        0x0 C:/devkitPro/wups/lib\libwups.a(config_api.o)
                                0x109 (size before relaxing)
 .rodata.__wups_start.str1.4
                0x10000c10        0x0 C:/devkitPro/wups/lib\libwups.a(main.o)
                                 0x38 (size before relaxing)
 .rodata.abort.str1.4
                0x10000c10        0x0 C:/devkitPro/wups/lib\libwups.a(main.o)
                                 0x47 (size before relaxing)
 .rodata.__assert_func.str1.4
                0x10000c10        0x0 C:/devkitPro/wups/lib\libwups.a(main.o)
                                 0x68 (size before relaxing)
 .rodata._ZL21__wups_thread_cleanupPjPv.str1.4
                0x10000c10        0x0 C:/devkitPro/wups/lib\libwups.a(wups_reent.o)
                                 0x80 (size before relaxing)
 .rodata._Z15__wups_getreentv.str1.4
                0x10000c10        0x0 C:/devkitPro/wups/lib\libwups.a(wups_reent.o)
                                 0x6a (size before relaxing)
 .rodata.wups_set_thread_specific.str1.4
                0x10000c10        0x0 C:/devkitPro/wups/lib\libwups.a(wups_thread_specific.o)
                                 0xad (size before relaxing)
 .rodata.wups_get_thread_specific.str1.4
                0x10000c10        0x0 C:/devkitPro/wups/lib\libwups.a(wups_thread_specific.o)
                                 0xae (size before relaxing)
 .rodata.__init_wut_devoptab.str1.4
                0x10000c10        0x0 C:/devkitPro/wut/lib\libwut.a(devoptab_fsa.o)
                                 0x33 (size before relaxing)
 .rodata.str1.4
                0x10000c10        0x0 C:/devkitPro/wut/lib\libwut.a(devoptab_fsa.o)
                                  0x3 (size before relaxing)
 .rodata._ZL18__wut_fsa_devoptab
                0x10000c10       0x80 C:/devkitPro/wut/lib\libwut.a(devoptab_fsa.o)
 .rodata.__wut_fsa_dirnext.str1.4
                0x10000c90        0x0 C:/devkitPro/wut/lib\libwut.a(devoptab_fsa_dirnext.o)
                                  0xb (size before relaxing)
 .rodata.__wut_fsa_diropen.str1.4
                0x10000c90        0x0 C:/devkitPro/wut/lib\libwut.a(devoptab_fsa_diropen.o)
                                  0x3 (size before relaxing)
 .rodata.__wut_fsa_open.str1.4
                0x10000c90        0x0 C:/devkitPro/wut/lib\libwut.a(devoptab_fsa_open.o)
                                 0x1b (size before relaxing)
 .rodata.__wut_fsa_fixpath.str1.4
                0x10000c90        0x0 C:/devkitPro/wut/lib\libwut.a(devoptab_fsa_utils.o)
                                  0xb (size before relaxing)
 .rodata.CSWTCH.24
                0x10000c90       0x42 C:/devkitPro/wut/lib\libwut.a(devoptab_fsa_utils.o)
 .rodata.__wut_fsa_chdir.str1.4
                0x10000cd2        0x0 C:/devkitPro/wut/lib\libwut.a(devoptab_fsa_chdir.o)
                                  0x3 (size before relaxing)
 *fill*         0x10000cd2        0x2 
 .rodata._ZL28read_encoded_value_with_basehjPKhPj
                0x10000cd4       0x34 C:/devkitPro/devkitPPC/bin/../lib/gcc/powerpc-eabi/15.2.0/../../../../powerpc-eabi/lib\libstdc++.a(eh_personality.o)
 .rodata._ZNKSt9bad_alloc4whatEv.str1.4
                0x10000d08        0x0 C:/devkitPro/devkitPPC/bin/../lib/gcc/powerpc-eabi/15.2.0/../../../../powerpc-eabi/lib\libstdc++.a(bad_alloc.o)
                                  0xf (size before relaxing)
 .rodata._ZTSSt9bad_alloc
                0x10000d08        0xd C:/devkitPro/devkitPPC/bin/../lib/gcc/powerpc-eabi/15.2.0/../../../../powerpc-eabi/lib\libstdc++.a(bad_alloc.o)
                0x10000d08                _ZTSSt9bad_alloc
 *fill*         0x10000d15        0x3 
 .rodata._ZTISt9bad_alloc
                0x10000d18        0xc C:/devkitPro/devkitPPC/bin/../lib/gcc/powerpc-eabi/15.2.0/../../../../powerpc-eabi/lib\libstdc++.a(bad_alloc.o)
                0x10000d18                _ZTISt9bad_alloc
 .rodata._ZTVSt9bad_alloc
                0x10000d24       0x14 C:/devkitPro/devkitPPC/bin/../lib/gcc/powerpc-eabi/15.2.0/../../../../powerpc-eabi/lib\libstdc++.a(bad_alloc.o)
                0x10000d24                _ZTVSt9bad_alloc
 .rodata._ZNK9__gnu_cxx24__concurrence_lock_error4whatEv.str1.4
                0x10000d38        0x0 C:/devkitPro/devkitPPC/bin/../lib/gcc/powerpc-eabi/15.2.0/../../../../powerpc-eabi/lib\libstdc++.a(eh_alloc.o)
                                 0x24 (size before relaxing)
 .rodata._ZNK9__gnu_cxx26__concurrence_unlock_error4whatEv.str1.4
                0x10000d38        0x0 C:/devkitPro/devkitPPC/bin/../lib/gcc/powerpc-eabi/15.2.0/../../../../powerpc-eabi/lib\libstdc++.a(eh_alloc.o)
                                 0x26 (size before relaxing)
 .rodata._GLOBAL__sub_I__ZN9__gnu_cxx9__freeresEv.str1.4
                0x10000d38        0x0 C:/devkitPro/devkitPPC/bin/../lib/gcc/powerpc-eabi/15.2.0/../../../../powerpc-eabi/lib\libstdc++.a(eh_alloc.o)
                                 0x3c (size before relaxing)
 .rodata._ZTSN9__gnu_cxx24__concurrence_lock_errorE
                0x10000d38       0x27 C:/devkitPro/devkitPPC/bin/../lib/gcc/powerpc-eabi/15.2.0/../../../../powerpc-eabi/lib\libstdc++.a(eh_alloc.o)
                0x10000d38                _ZTSN9__gnu_cxx24__concurrence_lock_errorE
 *fill*         0x10000d5f        0x1 
 .rodata._ZTIN9__gnu_cxx24__concurrence_lock_errorE
                0x10000d60        0xc C:/devkitPro/devkitPPC/bin/../lib/gcc/powerpc-eabi/15.2.0/../../../../powerpc-eabi/lib\libstdc++.a(eh_alloc.o)
                0x10000d60                _ZTIN9__gnu_cxx24__concurrence_lock_errorE
 .rodata._ZTSN9__gnu_cxx26__concurrence_unlock_errorE
                0x10000d6c       0x29 C:/devkitPro/devkitPPC/bin/../lib/gcc/powerpc-eabi/15.2.0/../../../../powerpc-eabi/lib\libstdc++.a(eh_alloc.o)
                0x10000d6c                _ZTSN9__gnu_cxx26__concurrence_unlock_errorE
 *fill*         0x10000d95        0x3 
 .rodata._ZTIN9__gnu_cxx26__concurrence_unlock_errorE
                0x10000d98        0xc C:/devkitPro/devkitPPC/bin/../lib/gcc/powerpc-eabi/15.2.0/../../../../powerpc-eabi/lib\libstdc++.a(eh_alloc.o)
                0x10000d98                _ZTIN9__gnu_cxx26__concurrence_unlock_errorE
 .rodata._ZTVN9__gnu_cxx24__concurrence_lock_errorE
                0x10000da4       0x14 C:/devkitPro/devkitPPC/bin/../lib/gcc/powerpc-eabi/15.2.0/../../../../powerpc-eabi/lib\libstdc++.a(eh_alloc.o)
                0x10000da4                _ZTVN9__gnu_cxx24__concurrence_lock_errorE
 .rodata._ZTVN9__gnu_cxx26__concurrence_unlock_errorE
                0x10000db8       0x14 C:/devkitPro/devkitPPC/bin/../lib/gcc/powerpc-eabi/15.2.0/../../../../powerpc-eabi/lib\libstdc++.a(eh_alloc.o)
                0x10000db8                _ZTVN9__gnu_cxx26__concurrence_unlock_errorE
 .rodata._ZTSSt9exception
                0x10000dcc        0xd C:/devkitPro/devkitPPC/bin/../lib/gcc/powerpc-eabi/15.2.0/../../../../powerpc-eabi/lib\libstdc++.a(eh_exception.o)
                0x10000dcc                _ZTSSt9exception
 *fill*         0x10000dd9        0x3 
 .rodata._ZTSN10__cxxabiv115__forced_unwindE
                0x10000ddc       0x20 C:/devkitPro/devkitPPC/bin/../lib/gcc/powerpc-eabi/15.2.0/../../../../powerpc-eabi/lib\libstdc++.a(eh_exception.o)
                0x10000ddc                _ZTSN10__cxxabiv115__forced_unwindE
 .rodata._ZTSN10__cxxabiv119__foreign_exceptionE
                0x10000dfc       0x24 C:/devkitPro/devkitPPC/bin/../lib/gcc/powerpc-eabi/15.2.0/../../../../powerpc-eabi/lib\libstdc++.a(eh_exception.o)
                0x10000dfc                _ZTSN10__cxxabiv119__foreign_exceptionE
 .rodata._ZTSN10__cxxabiv120__si_class_type_infoE
                0x10000e20       0x25 C:/devkitPro/devkitPPC/bin/../lib/gcc/powerpc-eabi/15.2.0/../../../../powerpc-eabi/lib\libstdc++.a(si_class_type_info.o)
                0x10000e20                _ZTSN10__cxxabiv120__si_class_type_infoE
 *fill*         0x10000e45        0x3 
 .rodata._ZTIN10__cxxabiv120__si_class_type_infoE
                0x10000e48        0xc C:/devkitPro/devkitPPC/bin/../lib/gcc/powerpc-eabi/15.2.0/../../../../powerpc-eabi/lib\libstdc++.a(si_class_type_info.o)
                0x10000e48                _ZTIN10__cxxabiv120__si_class_type_infoE
 .rodata._ZTVN10__cxxabiv120__si_class_type_infoE
                0x10000e54       0x2c C:/devkitPro/devkitPPC/bin/../lib/gcc/powerpc-eabi/15.2.0/../../../../powerpc-eabi/lib\libstdc++.a(si_class_type_info.o)
                0x10000e54                _ZTVN10__cxxabiv120__si_class_type_infoE
 .rodata._ZTSSt9type_info
                0x10000e80        0xd C:/devkitPro/devkitPPC/bin/../lib/gcc/powerpc-eabi/15.2.0/../../../../powerpc-eabi/lib\libstdc++.a(tinfo.o)
                0x10000e80                _ZTSSt9type_info
 *fill*         0x10000e8d        0x3 
 .rodata._ZTSSt11logic_error
                0x10000e90       0x10 C:/devkitPro/devkitPPC/bin/../lib/gcc/powerpc-eabi/15.2.0/../../../../powerpc-eabi/lib\libstdc++.a(stdexcept.o)
                0x10000e90                _ZTSSt11logic_error
 .rodata._ZTISt11logic_error
                0x10000ea0        0xc C:/devkitPro/devkitPPC/bin/../lib/gcc/powerpc-eabi/15.2.0/../../../../powerpc-eabi/lib\libstdc++.a(stdexcept.o)
                0x10000ea0                _ZTISt11logic_error
 .rodata._ZTSSt12length_error
                0x10000eac       0x11 C:/devkitPro/devkitPPC/bin/../lib/gcc/powerpc-eabi/15.2.0/../../../../powerpc-eabi/lib\libstdc++.a(stdexcept.o)
                0x10000eac                _ZTSSt12length_error
 *fill*         0x10000ebd        0x3 
 .rodata._ZTISt12length_error
                0x10000ec0        0xc C:/devkitPro/devkitPPC/bin/../lib/gcc/powerpc-eabi/15.2.0/../../../../powerpc-eabi/lib\libstdc++.a(stdexcept.o)
                0x10000ec0                _ZTISt12length_error
 .rodata._ZTVSt11logic_error
                0x10000ecc       0x14 C:/devkitPro/devkitPPC/bin/../lib/gcc/powerpc-eabi/15.2.0/../../../../powerpc-eabi/lib\libstdc++.a(stdexcept.o)
                0x10000ecc                _ZTVSt11logic_error
 .rodata._ZTVSt12length_error
                0x10000ee0       0x14 C:/devkitPro/devkitPPC/bin/../lib/gcc/powerpc-eabi/15.2.0/../../../../powerpc-eabi/lib\libstdc++.a(stdexcept.o)
                0x10000ee0                _ZTVSt12length_error
 .rodata._ZNSt11logic_errorC2EPKc.str1.4
                0x10000ef4        0x0 C:/devkitPro/devkitPPC/bin/../lib/gcc/powerpc-eabi/15.2.0/../../../../powerpc-eabi/lib\libstdc++.a(cow-stdexcept.o)
                                 0x2a (size before relaxing)
 .rodata._ZNSs4_Rep9_S_createEjjRKSaIcE.str1.4
                0x10000ef4        0x0 C:/devkitPro/devkitPPC/bin/../lib/gcc/powerpc-eabi/15.2.0/../../../../powerpc-eabi/lib\libstdc++.a(cow-string-inst.o)
                                 0x18 (size before relaxing)
 .rodata._ZTSN10__cxxabiv117__class_type_infoE
                0x10000ef4       0x22 C:/devkitPro/devkitPPC/bin/../lib/gcc/powerpc-eabi/15.2.0/../../../../powerpc-eabi/lib\libstdc++.a(class_type_info.o)
                0x10000ef4                _ZTSN10__cxxabiv117__class_type_infoE
 *fill*         0x10000f16        0x2 
 .rodata._ZTIN10__cxxabiv117__class_type_infoE
                0x10000f18        0xc C:/devkitPro/devkitPPC/bin/../lib/gcc/powerpc-eabi/15.2.0/../../../../powerpc-eabi/lib\libstdc++.a(class_type_info.o)
                0x10000f18                _ZTIN10__cxxabiv117__class_type_infoE
 .rodata._ZTVN10__cxxabiv117__class_type_infoE
                0x10000f24       0x2c C:/devkitPro/devkitPPC/bin/../lib/gcc/powerpc-eabi/15.2.0/../../../../powerpc-eabi/lib\libstdc++.a(class_type_info.o)
                0x10000f24                _ZTVN10__cxxabiv117__class_type_infoE
 .rodata.read_encoded_value
                0x10000f50       0x34 C:/devkitPro/devkitPPC/bin/../lib/gcc/powerpc-eabi/15.2.0\libgcc.a(unwind-dw2.o)
 .rodata.execute_stack_op
                0x10000f84      0x29c C:/devkitPro/devkitPPC/bin/../lib/gcc/powerpc-eabi/15.2.0\libgcc.a(unwind-dw2.o)
 .rodata.uw_update_context_1
                0x10001220       0x18 C:/devkitPro/devkitPPC/bin/../lib/gcc/powerpc-eabi/15.2.0\libgcc.a(unwind-dw2.o)
 .rodata.execute_cfa_program_specialized
                0x10001238       0xc0 C:/devkitPro/devkitPPC/bin/../lib/gcc/powerpc-eabi/15.2.0\libgcc.a(unwind-dw2.o)
 .rodata.execute_cfa_program_generic
                0x100012f8       0xc0 C:/devkitPro/devkitPPC/bin/../lib/gcc/powerpc-eabi/15.2.0\libgcc.a(unwind-dw2.o)
 .rodata.read_encoded_value_with_base
                0x100013b8       0x34 C:/devkitPro/devkitPPC/bin/../lib/gcc/powerpc-eabi/15.2.0\libgcc.a(unwind-dw2-fde.o)
 .rodata.terminator.0
                0x100013ec        0x8 C:/devkitPro/devkitPPC/bin/../lib/gcc/powerpc-eabi/15.2.0\libgcc.a(unwind-dw2-fde.o)
 .rodata.str1.4
                0x100013f4        0x0 C:/devkitPro/devkitPPC/bin/../lib/gcc/powerpc-eabi/15.2.0/../../../../powerpc-eabi/lib\libsysbase.a(libsysbase_libsysbase_a-iosupport.o)
                                  0x8 (size before relaxing)
 .rodata.dotab_stdnull
                0x100013f4       0x80 C:/devkitPro/devkitPPC/bin/../lib/gcc/powerpc-eabi/15.2.0/../../../../powerpc-eabi/lib\libsysbase.a(libsysbase_libsysbase_a-iosupport.o)
                0x100013f4                dotab_stdnull
 .rodata.get_arg
                0x10001474       0xb0 C:/devkitPro/devkitPPC/bin/../lib/gcc/powerpc-eabi/15.2.0/../../../../powerpc-eabi/lib\libc.a(libc_a-svfprintf.o)
 .rodata._svfprintf_r.str1.1
                0x10001524       0x3b C:/devkitPro/devkitPPC/bin/../lib/gcc/powerpc-eabi/15.2.0/../../../../powerpc-eabi/lib\libc.a(libc_a-svfprintf.o)
 *fill*         0x1000155f        0x1 
 .rodata._svfprintf_r
                0x10001560      0x16c C:/devkitPro/devkitPPC/bin/../lib/gcc/powerpc-eabi/15.2.0/../../../../powerpc-eabi/lib\libc.a(libc_a-svfprintf.o)
 .rodata.zeroes.0
                0x100016cc       0x10 C:/devkitPro/devkitPPC/bin/../lib/gcc/powerpc-eabi/15.2.0/../../../../powerpc-eabi/lib\libc.a(libc_a-svfprintf.o)
 .rodata.blanks.1
                0x100016dc       0x10 C:/devkitPro/devkitPPC/bin/../lib/gcc/powerpc-eabi/15.2.0/../../../../powerpc-eabi/lib\libc.a(libc_a-svfprintf.o)
 .rodata.cst4   0x100016ec       0x30 C:/devkitPro/devkitPPC/bin/../lib/gcc/powerpc-eabi/15.2.0/../../../../powerpc-eabi/lib\libc.a(libc_a-svfprintf.o)
                                 0x14 (size before relaxing)
 *fill*         0x1000171c        0x4 
 .rodata.cst8   0x10001720       0x20 C:/devkitPro/devkitPPC/bin/../lib/gcc/powerpc-eabi/15.2.0/../../../../powerpc-eabi/lib\libc.a(libc_a-svfprintf.o)
                                  0x8 (size before relaxing)
 .rodata._ctype_
                0x10001740      0x101 C:/devkitPro/devkitPPC/bin/../lib/gcc/powerpc-eabi/15.2.0/../../../../powerpc-eabi/lib\libc.a(libc_a-ctype_.o)
                0x10001740                _ctype_
 .rodata.cst4   0x10001841        0x0 C:/devkitPro/devkitPPC/bin/../lib/gcc/powerpc-eabi/15.2.0/../../../../powerpc-eabi/lib\libc.a(libm_a-s_frexp.o)
                                  0x4 (size before relaxing)
 *fill*         0x10001841        0x3 
 .rodata.__action_table
                0x10001844       0x6c C:/devkitPro/devkitPPC/bin/../lib/gcc/powerpc-eabi/15.2.0/../../../../powerpc-eabi/lib\libc.a(libc_a-svfiprintf.o)
                0x10001844                __action_table
 .rodata.__state_table
                0x100018b0       0x6c C:/devkitPro/devkitPPC/bin/../lib/gcc/powerpc-eabi/15.2.0/../../../../powerpc-eabi/lib\libc.a(libc_a-svfiprintf.o)
                0x100018b0                __state_table
 .rodata.__chclass
                0x1000191c      0x100 C:/devkitPro/devkitPPC/bin/../lib/gcc/powerpc-eabi/15.2.0/../../../../powerpc-eabi/lib\libc.a(libc_a-svfiprintf.o)
                0x1000191c                __chclass
 .rodata.str1.4
                0x10001a1c        0x0 C:/devkitPro/devkitPPC/bin/../lib/gcc/powerpc-eabi/15.2.0/../../../../powerpc-eabi/lib\libc.a(libc_a-locale.o)
                                 0x4c (size before relaxing)
 .rodata._dtoa_r.str1.4
                0x10001a1c        0x0 C:/devkitPro/devkitPPC/bin/../lib/gcc/powerpc-eabi/15.2.0/../../../../powerpc-eabi/lib\libc.a(libc_a-dtoa.o)
                                 0x9c (size before relaxing)
 .rodata.cst4   0x10001a1c        0x0 C:/devkitPro/devkitPPC/bin/../lib/gcc/powerpc-eabi/15.2.0/../../../../powerpc-eabi/lib\libc.a(libc_a-dtoa.o)
                                 0x24 (size before relaxing)
 .rodata.cst8   0x10001a1c        0x0 C:/devkitPro/devkitPPC/bin/../lib/gcc/powerpc-eabi/15.2.0/../../../../powerpc-eabi/lib\libc.a(libc_a-dtoa.o)
                                 0x18 (size before relaxing)
 .rodata.__multadd.str1.4
                0x10001a1c        0x0 C:/devkitPro/devkitPPC/bin/../lib/gcc/powerpc-eabi/15.2.0/../../../../powerpc-eabi/lib\libc.a(libc_a-mprec.o)
                                 0x89 (size before relaxing)
 .rodata.p05.0  0x10001a1c        0xc C:/devkitPro/devkitPPC/bin/../lib/gcc/powerpc-eabi/15.2.0/../../../../powerpc-eabi/lib\libc.a(libc_a-mprec.o)
 .rodata.__mprec_bigtens
                0x10001a28       0x28 C:/devkitPro/devkitPPC/bin/../lib/gcc/powerpc-eabi/15.2.0/../../../../powerpc-eabi/lib\libc.a(libc_a-mprec.o)
                0x10001a28                __mprec_bigtens
 .rodata.__mprec_tens
                0x10001a50       0xc8 C:/devkitPro/devkitPPC/bin/../lib/gcc/powerpc-eabi/15.2.0/../../../../powerpc-eabi/lib\libc.a(libc_a-mprec.o)
                0x10001a50                __mprec_tens
 *(.rodata1)
 *(.gcc_except_table .gcc_except_table.*)
 .gcc_except_table._ZN10DrcPairingD2Ev
                0x10001b18        0x4 DrcPairing.o
 .gcc_except_table._ZNK10DrcPairing13getPinSymbolsB5cxx11Ev
                0x10001b1c       0x16 DrcPairing.o
 *fill*         0x10001b32        0x2 
 .gcc_except_table.__gxx_personality_v0
                0x10001b34       0x1c C:/devkitPro/devkitPPC/bin/../lib/gcc/powerpc-eabi/15.2.0/../../../../powerpc-eabi/lib\libstdc++.a(eh_personality.o)
 .gcc_except_table._ZN10__cxxabiv111__terminateEPFvvE
                0x10001b50       0x10 C:/devkitPro/devkitPPC/bin/../lib/gcc/powerpc-eabi/15.2.0/../../../../powerpc-eabi/lib\libstdc++.a(eh_terminate.o)
 .gcc_except_table._ZSt19__throw_logic_errorPKc
                0x10001b60        0xc C:/devkitPro/devkitPPC/bin/../lib/gcc/powerpc-eabi/15.2.0/../../../../powerpc-eabi/lib\libstdc++.a(functexcept.o)
 .gcc_except_table._ZSt20__throw_length_errorPKc
                0x10001b6c        0xc C:/devkitPro/devkitPPC/bin/../lib/gcc/powerpc-eabi/15.2.0/../../../../powerpc-eabi/lib\libstdc++.a(functexcept.o)
 .gcc_except_table._ZN12_GLOBAL__N_14pool4freeEPv.constprop.0